Archive member included to satisfy reference by file (symbol)

app/libapp.a(main.c.obj)      (--whole-archive)
app/libapp.a(cmdproc.c.obj)   (--whole-archive)
app/libapp.a(rtdb.c.obj)      (--whole-archive)
app/libapp.a(uart.c.obj)      (--whole-archive)
app/libapp.a(io.c.obj)        (--whole-archive)
app/libapp.a(sensor_i2c.c.obj)
                              (--whole-archive)
app/libapp.a(pwm.c.obj)       (--whole-archive)
zephyr/libzephyr.a(cbprintf_packaged.c.obj)
                              (--whole-archive)
zephyr/libzephyr.a(dec.c.obj)
                              (--whole-archive)
zephyr/libzephyr.a(hex.c.obj)
                              (--whole-archive)
zephyr/libzephyr.a(printk.c.obj)
                              (--whole-archive)
zephyr/libzephyr.a(rb.c.obj)  (--whole-archive)
zephyr/libzephyr.a(sem.c.obj)
                              (--whole-archive)
zephyr/libzephyr.a(thread_entry.c.obj)
                              (--whole-archive)
zephyr/libzephyr.a(timeutil.c.obj)
                              (--whole-archive)
zephyr/libzephyr.a(heap.c.obj)
                              (--whole-archive)
zephyr/libzephyr.a(heap-validate.c.obj)
                              (--whole-archive)
zephyr/libzephyr.a(bitarray.c.obj)
                              (--whole-archive)
zephyr/libzephyr.a(multi_heap.c.obj)
                              (--whole-archive)
zephyr/libzephyr.a(onoff.c.obj)
                              (--whole-archive)
zephyr/libzephyr.a(notify.c.obj)
                              (--whole-archive)
zephyr/libzephyr.a(cbprintf_complete.c.obj)
                              (--whole-archive)
zephyr/libzephyr.a(ring_buffer.c.obj)
                              (--whole-archive)
zephyr/libzephyr.a(assert.c.obj)
                              (--whole-archive)
zephyr/libzephyr.a(reboot.c.obj)
                              (--whole-archive)
zephyr/libzephyr.a(configs.c.obj)
                              (--whole-archive)
zephyr/libzephyr.a(mem_attr.c.obj)
                              (--whole-archive)
zephyr/libzephyr.a(tracing_none.c.obj)
                              (--whole-archive)
zephyr/libzephyr.a(nrf_cc3xx_platform_abort_zephyr.c.obj)
                              (--whole-archive)
zephyr/libzephyr.a(nrf_cc3xx_platform_mutex_zephyr.c.obj)
                              (--whole-archive)
zephyr/arch/common/libarch__common.a(sw_isr_common.c.obj)
                              (--whole-archive)
zephyr/arch/arch/arm/core/libarch__arm__core.a(fatal.c.obj)
                              (--whole-archive)
zephyr/arch/arch/arm/core/libarch__arm__core.a(nmi.c.obj)
                              (--whole-archive)
zephyr/arch/arch/arm/core/libarch__arm__core.a(nmi_on_reset.S.obj)
                              (--whole-archive)
zephyr/arch/arch/arm/core/libarch__arm__core.a(tls.c.obj)
                              (--whole-archive)
zephyr/arch/arch/arm/core/cortex_m/libarch__arm__core__cortex_m.a(exc_exit.S.obj)
                              (--whole-archive)
zephyr/arch/arch/arm/core/cortex_m/libarch__arm__core__cortex_m.a(fault.c.obj)
                              (--whole-archive)
zephyr/arch/arch/arm/core/cortex_m/libarch__arm__core__cortex_m.a(fault_s.S.obj)
                              (--whole-archive)
zephyr/arch/arch/arm/core/cortex_m/libarch__arm__core__cortex_m.a(fpu.c.obj)
                              (--whole-archive)
zephyr/arch/arch/arm/core/cortex_m/libarch__arm__core__cortex_m.a(reset.S.obj)
                              (--whole-archive)
zephyr/arch/arch/arm/core/cortex_m/libarch__arm__core__cortex_m.a(scb.c.obj)
                              (--whole-archive)
zephyr/arch/arch/arm/core/cortex_m/libarch__arm__core__cortex_m.a(thread_abort.c.obj)
                              (--whole-archive)
zephyr/arch/arch/arm/core/cortex_m/libarch__arm__core__cortex_m.a(vector_table.S.obj)
                              (--whole-archive)
zephyr/arch/arch/arm/core/cortex_m/libarch__arm__core__cortex_m.a(swap.c.obj)
                              (--whole-archive)
zephyr/arch/arch/arm/core/cortex_m/libarch__arm__core__cortex_m.a(swap_helper.S.obj)
                              (--whole-archive)
zephyr/arch/arch/arm/core/cortex_m/libarch__arm__core__cortex_m.a(irq_manage.c.obj)
                              (--whole-archive)
zephyr/arch/arch/arm/core/cortex_m/libarch__arm__core__cortex_m.a(prep_c.c.obj)
                              (--whole-archive)
zephyr/arch/arch/arm/core/cortex_m/libarch__arm__core__cortex_m.a(thread.c.obj)
                              (--whole-archive)
zephyr/arch/arch/arm/core/cortex_m/libarch__arm__core__cortex_m.a(cpu_idle.S.obj)
                              (--whole-archive)
zephyr/arch/arch/arm/core/cortex_m/libarch__arm__core__cortex_m.a(irq_init.c.obj)
                              (--whole-archive)
zephyr/arch/arch/arm/core/cortex_m/libarch__arm__core__cortex_m.a(isr_wrapper.S.obj)
                              (--whole-archive)
[...]
Memory Configuration

Name             Origin             Length             Attributes
FLASH            0x0000000000000000 0x0000000000100000 xr
RAM              0x0000000020000000 0x0000000000040000 xw
IDT_LIST         0x00000000ffff7fff 0x0000000000008000 xw
*default*        0x0000000000000000 0xffffffffffffffff

Linker script and memory map

                0x00000000000088f8                vfprintf = __l_vfprintf
                0x0000000000000000                vfscanf = __l_vfscanf
LOAD zephyr/CMakeFiles/zephyr_pre0.dir/misc/empty_file.c.obj
LOAD zephyr/CMakeFiles/offsets.dir/./arch/arm/core/offsets/offsets.c.obj
LOAD app/libapp.a
LOAD zephyr/libzephyr.a
LOAD zephyr/arch/common/libarch__common.a
LOAD zephyr/arch/arch/arm/core/libarch__arm__core.a
LOAD zephyr/arch/arch/arm/core/cortex_m/libarch__arm__core__cortex_m.a
LOAD zephyr/arch/arch/arm/core/mpu/libarch__arm__core__mpu.a
LOAD zephyr/lib/libc/picolibc/liblib__libc__picolibc.a
LOAD zephyr/lib/libc/common/liblib__libc__common.a
LOAD zephyr/soc/soc/arm/nordic_nrf/libsoc__arm__nordic_nrf.a
LOAD zephyr/subsys/random/libsubsys__random.a
LOAD zephyr/subsys/timing/libsubsys__timing.a
LOAD zephyr/drivers/clock_control/libdrivers__clock_control.a
LOAD zephyr/drivers/console/libdrivers__console.a
LOAD zephyr/drivers/entropy/libdrivers__entropy.a
LOAD zephyr/drivers/gpio/libdrivers__gpio.a
LOAD zephyr/drivers/i2c/libdrivers__i2c.a
LOAD zephyr/drivers/pinctrl/libdrivers__pinctrl.a
LOAD zephyr/drivers/pwm/libdrivers__pwm.a
LOAD zephyr/drivers/serial/libdrivers__serial.a
LOAD zephyr/drivers/timer/libdrivers__timer.a
LOAD modules/nrf/lib/fatal_error/lib..__nrf__lib__fatal_error.a
LOAD modules/nrf/drivers/hw_cc3xx/lib..__nrf__drivers__hw_cc3xx.a
LOAD modules/hal_nordic/nrfx/libmodules__hal_nordic__nrfx.a
LOAD modules/segger/libmodules__segger.a
LOAD zephyr/kernel/libkernel.a
LOAD c:/ncs/toolchains/cf2149caf2/opt/zephyr-sdk/arm-zephyr-eabi/bin/../lib/gcc/arm-zephyr-eabi/12.2.0/thumb/v7e-m/nofp\libgcc.a
LOAD zephyr/arch/common/libisr_tables.a
LOAD C:/ncs/v2.6.0/nrfxlib/crypto/nrf_cc310_platform/lib/cortex-m4/soft-float/no-interrupts/libnrf_cc310_platform_0.9.19.a
LOAD c:\ncs\toolchains\cf2149caf2\opt\zephyr-sdk\arm-zephyr-eabi\bin\../lib/gcc/../../picolibc/arm-zephyr-eabi/lib/thumb/v7e-m/nofp\libc.a
LOAD c:/ncs/toolchains/cf2149caf2/opt/zephyr-sdk/arm-zephyr-eabi/bin/../lib/gcc/arm-zephyr-eabi/12.2.0/thumb/v7e-m/nofp\libgcc.a
                0x0000000000000020                _region_min_align = 0x20

.rel.plt        0x0000000000000000        0x0
 *(SORT_BY_ALIGNMENT(.rel.plt))
                [!provide]                        PROVIDE (__rel_iplt_start = .)
 *(SORT_BY_ALIGNMENT(.rel.iplt))
 .rel.iplt      0x0000000000000000        0x0 app/libapp.a(main.c.obj)
                [!provide]                        PROVIDE (__rel_iplt_end = .)

.rela.plt       0x0000000000000000        0x0
 *(SORT_BY_ALIGNMENT(.rela.plt))
                [!provide]                        PROVIDE (__rela_iplt_start = .)
 *(SORT_BY_ALIGNMENT(.rela.iplt))
                [!provide]                        PROVIDE (__rela_iplt_end = .)

.rel.dyn
 *(SORT_BY_ALIGNMENT(.rel.*))

.rela.dyn
 *(SORT_BY_ALIGNMENT(.rela.*))

/DISCARD/
 *(SORT_BY_ALIGNMENT(.plt))

/DISCARD/
 *(SORT_BY_ALIGNMENT(.iplt))
                0x0000000000000000                __rom_region_start = 0x0

rom_start       0x0000000000000000      0x100
                0x0000000000000000                __rom_start_address = .
 FILL mask 0x00
                0x0000000000000000                . = (. + (0x0 - (. - __rom_start_address)))
                0x0000000000000000                . = ALIGN (0x4)
                0x0000000000000000                . = ALIGN (0x80)
                0x0000000000000000                . = ALIGN (0x100)
                0x0000000000000000                _vector_start = .
 *(SORT_BY_ALIGNMENT(.exc_vector_table))
 *(SORT_BY_ALIGNMENT(.exc_vector_table.*))
 .exc_vector_table._vector_table_section
                0x0000000000000000       0x40 zephyr/arch/arch/arm/core/cortex_m/libarch__arm__core__cortex_m.a(vector_table.S.obj)
                0x0000000000000000                _vector_table
 *(SORT_BY_ALIGNMENT(.vectors))
                0x0000000000000100                _vector_end = .
                0x0000000000000040                . = ALIGN (0x4)
 *(SORT_BY_ALIGNMENT(.gnu.linkonce.irq_vector_table*))
 .gnu.linkonce.irq_vector_table
                0x0000000000000040       0xc0 zephyr/arch/common/libisr_tables.a(isr_tables.c.obj)
                0x0000000000000040                _irq_vector_table
                0x0000000000000100                _vector_end = .

text            0x0000000000000100     0xa1d8
                0x0000000000000100                __text_region_start = .
 *(SORT_BY_ALIGNMENT(.text))
 .text          0x0000000000000100      0x168 c:/ncs/toolchains/cf2149caf2/opt/zephyr-sdk/arm-zephyr-eabi/bin/../lib/gcc/arm-zephyr-eabi/12.2.0/thumb/v7e-m/nofp\libgcc.a(_arm_mulsf3.o)
                0x0000000000000100                __aeabi_fmul
                0x0000000000000100                __mulsf3
 .text          0x0000000000000268      0x21c c:/ncs/toolchains/cf2149caf2/opt/zephyr-sdk/arm-zephyr-eabi/bin/../lib/gcc/arm-zephyr-eabi/12.2.0/thumb/v7e-m/nofp\libgcc.a(_arm_addsubsf3.o)
                0x0000000000000268                __aeabi_frsub
                0x0000000000000270                __subsf3
                0x0000000000000270                __aeabi_fsub
                0x0000000000000274                __aeabi_fadd
                0x0000000000000274                __addsf3
                0x00000000000003d4                __aeabi_ui2f
                0x00000000000003d4                __floatunsisf
                0x00000000000003dc                __aeabi_i2f
                0x00000000000003dc                __floatsisf
                0x00000000000003f8                __aeabi_ul2f
                0x00000000000003f8                __floatundisf
                0x0000000000000408                __aeabi_l2f
                0x0000000000000408                __floatdisf
 .text          0x0000000000000484       0xec c:/ncs/toolchains/cf2149caf2/opt/zephyr-sdk/arm-zephyr-eabi/bin/../lib/gcc/arm-zephyr-eabi/12.2.0/thumb/v7e-m/nofp\libgcc.a(_arm_cmpsf2.o)
                0x0000000000000484                __gesf2
                0x0000000000000484                __gtsf2
                0x000000000000048c                __lesf2
                0x000000000000048c                __ltsf2
                0x0000000000000494                __nesf2
                0x0000000000000494                __eqsf2
                0x0000000000000494                __cmpsf2
                0x00000000000004f4                __aeabi_cfrcmple
                0x00000000000004fc                __aeabi_cfcmpeq
                0x00000000000004fc                __aeabi_cfcmple
                0x000000000000050c                __aeabi_fcmpeq
                0x0000000000000520                __aeabi_fcmplt
                0x0000000000000534                __aeabi_fcmple
                0x0000000000000548                __aeabi_fcmpge
                0x000000000000055c                __aeabi_fcmpgt
 .text          0x0000000000000570       0x4c c:/ncs/toolchains/cf2149caf2/opt/zephyr-sdk/arm-zephyr-eabi/bin/../lib/gcc/arm-zephyr-eabi/12.2.0/thumb/v7e-m/nofp\libgcc.a(_arm_fixsfsi.o)
                0x0000000000000570                __aeabi_f2iz
                0x0000000000000570                __fixsfsi
 .text          0x00000000000005bc       0x30 c:/ncs/toolchains/cf2149caf2/opt/zephyr-sdk/arm-zephyr-eabi/bin/../lib/gcc/arm-zephyr-eabi/12.2.0/thumb/v7e-m/nofp\libgcc.a(_aeabi_uldivmod.o)
                0x00000000000005bc                __aeabi_uldivmod
 .text          0x00000000000005ec        0x4 c:/ncs/toolchains/cf2149caf2/opt/zephyr-sdk/arm-zephyr-eabi/bin/../lib/gcc/arm-zephyr-eabi/12.2.0/thumb/v7e-m/nofp\libgcc.a(_dvmd_tls.o)
                0x00000000000005ec                __aeabi_idiv0
                0x00000000000005ec                __aeabi_ldiv0
 .text          0x00000000000005f0      0x2a0 c:/ncs/toolchains/cf2149caf2/opt/zephyr-sdk/arm-zephyr-eabi/bin/../lib/gcc/arm-zephyr-eabi/12.2.0/thumb/v7e-m/nofp\libgcc.a(_udivmoddi4.o)
                0x00000000000005f0                __udivmoddi4
 .text          0x0000000000000890       0x10 c:\ncs\toolchains\cf2149caf2\opt\zephyr-sdk\arm-zephyr-eabi\bin\../lib/gcc/../../picolibc/arm-zephyr-eabi/lib/thumb/v7e-m/nofp\libc.a(strlen.S.o)
                0x0000000000000890                strlen
 *(SORT_BY_ALIGNMENT(.text.*))
 .text.pwm_ctrl_set_duty_cycle_percent
                0x00000000000008a0       0xbc app/libapp.a(pwm.c.obj)
                0x00000000000008a0                pwm_ctrl_set_duty_cycle_percent
 .text.control_task
                0x000000000000095c      0x16c app/libapp.a(main.c.obj)
                0x000000000000095c                control_task
 .text.temperature_task
                0x0000000000000ac8       0x3c app/libapp.a(main.c.obj)
                0x0000000000000ac8                temperature_task
 .text.main     0x0000000000000b04       0x88 app/libapp.a(main.c.obj)
                0x0000000000000b04                main
 .text.send_response
                0x0000000000000b8c       0x48 app/libapp.a(cmdproc.c.obj)
 .text.cmd_process
                0x0000000000000bd4       0xf0 app/libapp.a(cmdproc.c.obj)
                0x0000000000000bd4                cmd_process
 .text.k_mutex_lock.constprop.0.isra.0
                0x0000000000000cc4       0x10 app/libapp.a(rtdb.c.obj)
 .text.k_mutex_unlock.constprop.0.isra.0
                0x0000000000000cd4        0xc app/libapp.a(rtdb.c.obj)
 .text.rtdb_set_current_temp
                0x0000000000000ce0       0x20 app/libapp.a(rtdb.c.obj)
                0x0000000000000ce0                rtdb_set_current_temp
 .text.rtdb_get_current_temp
                0x0000000000000d00       0x20 app/libapp.a(rtdb.c.obj)
                0x0000000000000d00                rtdb_get_current_temp
 .text.rtdb_get_set_temp
                0x0000000000000d20       0x20 app/libapp.a(rtdb.c.obj)
                0x0000000000000d20                rtdb_get_set_temp
 .text.rtdb_increment_set_temp
                0x0000000000000d40       0x30 app/libapp.a(rtdb.c.obj)
                0x0000000000000d40                rtdb_increment_set_temp
 .text.rtdb_decrement_set_temp
                0x0000000000000d70       0x28 app/libapp.a(rtdb.c.obj)
                0x0000000000000d70                rtdb_decrement_set_temp
 .text.rtdb_set_set_temp
                0x0000000000000d98       0x20 app/libapp.a(rtdb.c.obj)
                0x0000000000000d98                rtdb_set_set_temp
 .text.rtdb_set_max_temp
                0x0000000000000db8       0x20 app/libapp.a(rtdb.c.obj)
                0x0000000000000db8                rtdb_set_max_temp
 .text.rtdb_get_system_state
                0x0000000000000dd8       0x20 app/libapp.a(rtdb.c.obj)
                0x0000000000000dd8                rtdb_get_system_state
 .text.rtdb_toggle_system_state
                0x0000000000000df8       0x24 app/libapp.a(rtdb.c.obj)
                0x0000000000000df8                rtdb_toggle_system_state
 .text.uart_cb  0x0000000000000e1c       0xb0 app/libapp.a(uart.c.obj)
 .text.uart_init
                0x0000000000000ecc       0x64 app/libapp.a(uart.c.obj)
                0x0000000000000ecc                uart_init
 .text.uart_send_string
                0x0000000000000f30       0x28 app/libapp.a(uart.c.obj)
                0x0000000000000f30                uart_send_string
 .text.button_pressed
                0x0000000000000f58      0x178 app/libapp.a(io.c.obj)
                0x0000000000000f58                button_pressed
 .text.io_set_led
                0x00000000000010d0       0x10 app/libapp.a(io.c.obj)
                0x00000000000010d0                io_set_led
 .text.io_blink_led
                0x00000000000010e0       0x24 app/libapp.a(io.c.obj)
                0x00000000000010e0                io_blink_led
 .text.io_init  0x0000000000001104       0xac app/libapp.a(io.c.obj)
                0x0000000000001104                io_init
 .text.sensor_init_read
                0x00000000000011b0       0x78 app/libapp.a(sensor_i2c.c.obj)
                0x00000000000011b0                sensor_init_read
 .text.pwm_ctrl_init
                0x0000000000001228       0x28 app/libapp.a(pwm.c.obj)
                0x0000000000001228                pwm_ctrl_init
 .text.char_out
                0x0000000000001250        0xc zephyr/libzephyr.a(printk.c.obj)
 .text.__printk_hook_install
                0x000000000000125c        0xc zephyr/libzephyr.a(printk.c.obj)
                0x000000000000125c                __printk_hook_install
 .text.vprintk  0x0000000000001268       0x30 zephyr/libzephyr.a(printk.c.obj)
                0x0000000000001268                vprintk
 .text.z_thread_entry
                0x0000000000001298       0x34 zephyr/libzephyr.a(thread_entry.c.obj)
                0x0000000000001298                z_thread_entry
 .text.process_event
                0x00000000000012cc      0x21c zephyr/libzephyr.a(onoff.c.obj)
 .text.sys_reboot
                0x00000000000014e8       0x30 zephyr/libzephyr.a(reboot.c.obj)
                0x00000000000014e8                sys_reboot
 .text.mem_attr_get_regions
                0x0000000000001518        0xc zephyr/libzephyr.a(mem_attr.c.obj)
                0x0000000000001518                mem_attr_get_regions
 .text.nrf_cc3xx_platform_abort_init
                0x0000000000001524        0xc zephyr/libzephyr.a(nrf_cc3xx_platform_abort_zephyr.c.obj)
                0x0000000000001524                nrf_cc3xx_platform_abort_init
 .text.mutex_free_platform
                0x0000000000001530       0x54 zephyr/libzephyr.a(nrf_cc3xx_platform_mutex_zephyr.c.obj)
 .text.mutex_lock_platform
                0x0000000000001584       0x60 zephyr/libzephyr.a(nrf_cc3xx_platform_mutex_zephyr.c.obj)
 .text.mutex_unlock_platform
                0x00000000000015e4       0x58 zephyr/libzephyr.a(nrf_cc3xx_platform_mutex_zephyr.c.obj)
 .text.mutex_init_platform
                0x000000000000163c       0x94 zephyr/libzephyr.a(nrf_cc3xx_platform_mutex_zephyr.c.obj)
 .text.nrf_cc3xx_platform_mutex_init
                0x00000000000016d0       0x2c zephyr/libzephyr.a(nrf_cc3xx_platform_mutex_zephyr.c.obj)
                0x00000000000016d0                nrf_cc3xx_platform_mutex_init
 .text.z_SysNmiOnReset
                0x00000000000016fc        0x8 zephyr/arch/arch/arm/core/libarch__arm__core.a(nmi_on_reset.S.obj)
                0x00000000000016fc                z_SysNmiOnReset
 .text.arch_tls_stack_setup
                0x0000000000001704       0x5c zephyr/arch/arch/arm/core/libarch__arm__core.a(tls.c.obj)
                0x0000000000001704                arch_tls_stack_setup
 .text._HandlerModeExit
                0x0000000000001760       0x1c zephyr/arch/arch/arm/core/cortex_m/libarch__arm__core__cortex_m.a(exc_exit.S.obj)
                0x0000000000001760                z_arm_int_exit
                0x0000000000001760                z_arm_exc_exit
 .text.mem_manage_fault
                0x000000000000177c       0xa0 zephyr/arch/arch/arm/core/cortex_m/libarch__arm__core__cortex_m.a(fault.c.obj)
 .text.usage_fault.constprop.0
                0x000000000000181c       0x54 zephyr/arch/arch/arm/core/cortex_m/libarch__arm__core__cortex_m.a(fault.c.obj)
 .text.bus_fault.constprop.0
                0x0000000000001870       0x6c zephyr/arch/arch/arm/core/cortex_m/libarch__arm__core__cortex_m.a(fault.c.obj)
 .text.z_arm_fault
                0x00000000000018dc      0x128 zephyr/arch/arch/arm/core/cortex_m/libarch__arm__core__cortex_m.a(fault.c.obj)
                0x00000000000018dc                z_arm_fault
 .text.z_arm_fault_init
                0x0000000000001a04       0x10 zephyr/arch/arch/arm/core/cortex_m/libarch__arm__core__cortex_m.a(fault.c.obj)
                0x0000000000001a04                z_arm_fault_init
 .text.__fault  0x0000000000001a14       0x14 zephyr/arch/arch/arm/core/cortex_m/libarch__arm__core__cortex_m.a(fault_s.S.obj)
                0x0000000000001a14                z_arm_usage_fault
                0x0000000000001a14                z_arm_mpu_fault
                0x0000000000001a14                z_arm_exc_spurious
                0x0000000000001a14                z_arm_debug_monitor
                0x0000000000001a14                z_arm_hard_fault
                0x0000000000001a14                z_arm_bus_fault
 .text._reset_section
                0x0000000000001a28       0x54 zephyr/arch/arch/arm/core/cortex_m/libarch__arm__core__cortex_m.a(reset.S.obj)
                0x0000000000001a28                __start
                0x0000000000001a28                z_arm_reset
 .text.sys_arch_reboot
                0x0000000000001a7c       0x24 zephyr/arch/arch/arm/core/cortex_m/libarch__arm__core__cortex_m.a(scb.c.obj)
                0x0000000000001a7c                sys_arch_reboot
 .text.z_arm_clear_arm_mpu_config
                0x0000000000001aa0       0x24 zephyr/arch/arch/arm/core/cortex_m/libarch__arm__core__cortex_m.a(scb.c.obj)
                0x0000000000001aa0                z_arm_clear_arm_mpu_config
 .text.z_arm_init_arch_hw_at_boot
                0x0000000000001ac4       0x64 zephyr/arch/arch/arm/core/cortex_m/libarch__arm__core__cortex_m.a(scb.c.obj)
                0x0000000000001ac4                z_arm_init_arch_hw_at_boot
 .text.z_impl_k_thread_abort
                0x0000000000001b28       0x2c zephyr/arch/arch/arm/core/cortex_m/libarch__arm__core__cortex_m.a(thread_abort.c.obj)
                0x0000000000001b28                z_impl_k_thread_abort
 .text.arch_swap
                0x0000000000001b54       0x30 zephyr/arch/arch/arm/core/cortex_m/libarch__arm__core__cortex_m.a(swap.c.obj)
                0x0000000000001b54                arch_swap
 .text.z_arm_pendsv
                0x0000000000001b84       0x64 zephyr/arch/arch/arm/core/cortex_m/libarch__arm__core__cortex_m.a(swap_helper.S.obj)
                0x0000000000001b84                z_arm_pendsv
 .text.z_arm_svc
                0x0000000000001be8       0x20 zephyr/arch/arch/arm/core/cortex_m/libarch__arm__core__cortex_m.a(swap_helper.S.obj)
                0x0000000000001be8                z_arm_svc
 .text.arch_irq_enable
                0x0000000000001c08       0x1c zephyr/arch/arch/arm/core/cortex_m/libarch__arm__core__cortex_m.a(irq_manage.c.obj)
                0x0000000000001c08                arch_irq_enable
 .text.arch_irq_disable
                0x0000000000001c24       0x28 zephyr/arch/arch/arm/core/cortex_m/libarch__arm__core__cortex_m.a(irq_manage.c.obj)
                0x0000000000001c24                arch_irq_disable
 .text.arch_irq_is_enabled
                0x0000000000001c4c       0x1c zephyr/arch/arch/arm/core/cortex_m/libarch__arm__core__cortex_m.a(irq_manage.c.obj)
                0x0000000000001c4c                arch_irq_is_enabled
 .text.z_arm_irq_priority_set
                0x0000000000001c68       0x30 zephyr/arch/arch/arm/core/cortex_m/libarch__arm__core__cortex_m.a(irq_manage.c.obj)
                0x0000000000001c68                z_arm_irq_priority_set
 .text.z_arm_prep_c
                0x0000000000001c98       0x38 zephyr/arch/arch/arm/core/cortex_m/libarch__arm__core__cortex_m.a(prep_c.c.obj)
                0x0000000000001c98                z_arm_prep_c
 .text.arch_new_thread
                0x0000000000001cd0       0x38 zephyr/arch/arch/arm/core/cortex_m/libarch__arm__core__cortex_m.a(thread.c.obj)
                0x0000000000001cd0                arch_new_thread
 .text.z_check_thread_stack_fail
                0x0000000000001d08       0x2c zephyr/arch/arch/arm/core/cortex_m/libarch__arm__core__cortex_m.a(thread.c.obj)
                0x0000000000001d08                z_check_thread_stack_fail
 .text.arch_switch_to_main_thread
                0x0000000000001d34       0x38 zephyr/arch/arch/arm/core/cortex_m/libarch__arm__core__cortex_m.a(thread.c.obj)
                0x0000000000001d34                arch_switch_to_main_thread
 .text.z_arm_cpu_idle_init
                0x0000000000001d6c        0xc zephyr/arch/arch/arm/core/cortex_m/libarch__arm__core__cortex_m.a(cpu_idle.S.obj)
                0x0000000000001d6c                z_arm_cpu_idle_init
 .text.arch_cpu_idle
                0x0000000000001d78       0x1c zephyr/arch/arch/arm/core/cortex_m/libarch__arm__core__cortex_m.a(cpu_idle.S.obj)
                0x0000000000001d78                arch_cpu_idle
 .text.arch_cpu_atomic_idle
                0x0000000000001d94       0x18 zephyr/arch/arch/arm/core/cortex_m/libarch__arm__core__cortex_m.a(cpu_idle.S.obj)
                0x0000000000001d94                arch_cpu_atomic_idle
 .text.z_arm_interrupt_init
                0x0000000000001dac       0x18 zephyr/arch/arch/arm/core/cortex_m/libarch__arm__core__cortex_m.a(irq_init.c.obj)
                0x0000000000001dac                z_arm_interrupt_init
 .text._isr_wrapper
                0x0000000000001dc4       0x28 zephyr/arch/arch/arm/core/cortex_m/libarch__arm__core__cortex_m.a(isr_wrapper.S.obj)
                0x0000000000001dc4                _isr_wrapper
 .text.z_arm_configure_static_mpu_regions
                0x0000000000001dec       0x18 zephyr/arch/arch/arm/core/mpu/libarch__arm__core__mpu.a(arm_core_mpu.c.obj)
                0x0000000000001dec                z_arm_configure_static_mpu_regions
 .text.z_arm_configure_dynamic_mpu_regions
                0x0000000000001e04       0x20 zephyr/arch/arch/arm/core/mpu/libarch__arm__core__mpu.a(arm_core_mpu.c.obj)
                0x0000000000001e04                z_arm_configure_dynamic_mpu_regions
 .text.region_init
                0x0000000000001e24       0x28 zephyr/arch/arch/arm/core/mpu/libarch__arm__core__mpu.a(arm_mpu.c.obj)
 .text.arm_core_mpu_enable
                0x0000000000001e4c       0x18 zephyr/arch/arch/arm/core/mpu/libarch__arm__core__mpu.a(arm_mpu.c.obj)
                0x0000000000001e4c                arm_core_mpu_enable
 .text.arm_core_mpu_disable
                0x0000000000001e64       0x14 zephyr/arch/arch/arm/core/mpu/libarch__arm__core__mpu.a(arm_mpu.c.obj)
                0x0000000000001e64                arm_core_mpu_disable
 .text.arm_core_mpu_configure_static_mpu_regions
                0x0000000000001e78       0x14 zephyr/arch/arch/arm/core/mpu/libarch__arm__core__mpu.a(arm_mpu.c.obj)
                0x0000000000001e78                arm_core_mpu_configure_static_mpu_regions
 .text.arm_core_mpu_configure_dynamic_mpu_regions
                0x0000000000001e8c       0x30 zephyr/arch/arch/arm/core/mpu/libarch__arm__core__mpu.a(arm_mpu.c.obj)
                0x0000000000001e8c                arm_core_mpu_configure_dynamic_mpu_regions
 .text.z_arm_mpu_init
                0x0000000000001ebc      0x124 zephyr/arch/arch/arm/core/mpu/libarch__arm__core__mpu.a(arm_mpu.c.obj)
                0x0000000000001ebc                z_arm_mpu_init
 .text.z_impl_zephyr_fputc
                0x0000000000001fe0       0x10 zephyr/lib/libc/picolibc/liblib__libc__picolibc.a(libc-hooks.c.obj)
                0x0000000000001fe0                z_impl_zephyr_fputc
 .text.__stdout_hook_install
                0x0000000000001ff0       0x18 zephyr/lib/libc/picolibc/liblib__libc__picolibc.a(libc-hooks.c.obj)
                0x0000000000001ff0                __stdout_hook_install
 .text.malloc_prepare
                0x0000000000002008       0x24 zephyr/lib/libc/common/liblib__libc__common.a(malloc.c.obj)
 .text.nordicsemi_nrf52_init
                0x000000000000202c       0x44 zephyr/soc/soc/arm/nordic_nrf/libsoc__arm__nordic_nrf.a(soc.c.obj)
 .text.arch_busy_wait
                0x0000000000002070       0x14 zephyr/soc/soc/arm/nordic_nrf/libsoc__arm__nordic_nrf.a(soc.c.obj)
                0x0000000000002070                arch_busy_wait
 .text.z_arm_platform_init
                0x0000000000002084        0x4 zephyr/soc/soc/arm/nordic_nrf/libsoc__arm__nordic_nrf.a(soc_nrf_common.S.obj)
                0x0000000000002084                z_arm_platform_init
 .text.onoff_stop
                0x0000000000002088       0x30 zephyr/drivers/clock_control/libdrivers__clock_control.a(clock_control_nrf.c.obj)
 .text.onoff_start
                0x00000000000020b8       0x44 zephyr/drivers/clock_control/libdrivers__clock_control.a(clock_control_nrf.c.obj)
 .text.clk_init
                0x00000000000020fc       0x58 zephyr/drivers/clock_control/libdrivers__clock_control.a(clock_control_nrf.c.obj)
 .text.clkstarted_handle.constprop.0
                0x0000000000002154       0x34 zephyr/drivers/clock_control/libdrivers__clock_control.a(clock_control_nrf.c.obj)
 .text.clock_event_handler
                0x0000000000002188       0x1c zephyr/drivers/clock_control/libdrivers__clock_control.a(clock_control_nrf.c.obj)
 .text.generic_hfclk_start
                0x00000000000021a4       0x64 zephyr/drivers/clock_control/libdrivers__clock_control.a(clock_control_nrf.c.obj)
 .text.api_blocking_start
                0x0000000000002208       0x34 zephyr/drivers/clock_control/libdrivers__clock_control.a(clock_control_nrf.c.obj)
 .text.generic_hfclk_stop
                0x000000000000223c       0x34 zephyr/drivers/clock_control/libdrivers__clock_control.a(clock_control_nrf.c.obj)
 .text.z_nrf_clock_control_lf_on
                0x0000000000002270       0xfc zephyr/drivers/clock_control/libdrivers__clock_control.a(clock_control_nrf.c.obj)
                0x0000000000002270                z_nrf_clock_control_lf_on
 .text.uart_console_init
                0x000000000000236c       0x28 zephyr/drivers/console/libdrivers__console.a(uart_console.c.obj)
 .text.console_out
                0x0000000000002394       0x28 zephyr/drivers/console/libdrivers__console.a(uart_console.c.obj)
 .text.random_byte_get
                0x00000000000023bc       0x3c zephyr/drivers/entropy/libdrivers__entropy.a(entropy_nrf5.c.obj)
 .text.rng_pool_get
                0x00000000000023f8       0x8c zephyr/drivers/entropy/libdrivers__entropy.a(entropy_nrf5.c.obj)
 .text.entropy_nrf5_get_entropy_isr
                0x0000000000002484       0xac zephyr/drivers/entropy/libdrivers__entropy.a(entropy_nrf5.c.obj)
 .text.entropy_nrf5_get_entropy
                0x0000000000002530       0x58 zephyr/drivers/entropy/libdrivers__entropy.a(entropy_nrf5.c.obj)
 .text.entropy_nrf5_init
                0x0000000000002588       0x6c zephyr/drivers/entropy/libdrivers__entropy.a(entropy_nrf5.c.obj)
 .text.isr      0x00000000000025f4       0x74 zephyr/drivers/entropy/libdrivers__entropy.a(entropy_nrf5.c.obj)
 .text.gpio_nrfx_pin_interrupt_configure
                0x0000000000002668      0x100 zephyr/drivers/gpio/libdrivers__gpio.a(gpio_nrfx.c.obj)
 .text.gpio_nrfx_init
                0x0000000000002768       0x48 zephyr/drivers/gpio/libdrivers__gpio.a(gpio_nrfx.c.obj)
 .text.nrfx_gpio_handler
                0x00000000000027b0       0x4c zephyr/drivers/gpio/libdrivers__gpio.a(gpio_nrfx.c.obj)
 .text.gpio_nrfx_pin_configure
                0x00000000000027fc      0x18c zephyr/drivers/gpio/libdrivers__gpio.a(gpio_nrfx.c.obj)
 .text.i2c_nrfx_twi_recover_bus
                0x0000000000002988       0x24 zephyr/drivers/i2c/libdrivers__i2c.a(i2c_nrfx_twi.c.obj)
 .text.twi_0_init
                0x00000000000029ac       0x58 zephyr/drivers/i2c/libdrivers__i2c.a(i2c_nrfx_twi.c.obj)
 .text.event_handler
                0x0000000000002a04       0x34 zephyr/drivers/i2c/libdrivers__i2c.a(i2c_nrfx_twi.c.obj)
 .text.i2c_nrfx_twi_transfer
                0x0000000000002a38      0x100 zephyr/drivers/i2c/libdrivers__i2c.a(i2c_nrfx_twi.c.obj)
 .text.nrf_gpio_pin_port_decode
                0x0000000000002b38       0x20 zephyr/drivers/pinctrl/libdrivers__pinctrl.a(pinctrl_nrf.c.obj)
 .text.pinctrl_configure_pins
                0x0000000000002b58      0x1a8 zephyr/drivers/pinctrl/libdrivers__pinctrl.a(pinctrl_nrf.c.obj)
                0x0000000000002b58                pinctrl_configure_pins
 .text.nrf_gpio_pin_port_decode
                0x0000000000002d00       0x20 zephyr/drivers/pwm/libdrivers__pwm.a(pwm_nrfx.c.obj)
 .text.pwm_nrfx_get_cycles_per_sec
                0x0000000000002d20       0x10 zephyr/drivers/pwm/libdrivers__pwm.a(pwm_nrfx.c.obj)
 .text.pwm_nrfx_init
                0x0000000000002d30       0xa0 zephyr/drivers/pwm/libdrivers__pwm.a(pwm_nrfx.c.obj)
 .text.uarte_nrfx_tx
                0x0000000000002dd0       0xb4 zephyr/drivers/serial/libdrivers__serial.a(uart_nrfx_uarte.c.obj)
 .text.uarte_0_init
                0x0000000000002e84      0x2f4 zephyr/drivers/serial/libdrivers__serial.a(uart_nrfx_uarte.c.obj)
 .text.uarte_nrfx_poll_out
                0x0000000000003178       0xc0 zephyr/drivers/serial/libdrivers__serial.a(uart_nrfx_uarte.c.obj)
 .text.uarte_nrfx_isr_async
                0x0000000000003238      0x370 zephyr/drivers/serial/libdrivers__serial.a(uart_nrfx_uarte.c.obj)
 .text.compare_int_lock
                0x00000000000035a8       0x48 zephyr/drivers/timer/libdrivers__timer.a(nrf_rtc_timer.c.obj)
 .text.sys_clock_timeout_handler
                0x00000000000035f0       0x48 zephyr/drivers/timer/libdrivers__timer.a(nrf_rtc_timer.c.obj)
 .text.compare_int_unlock
                0x0000000000003638       0x5c zephyr/drivers/timer/libdrivers__timer.a(nrf_rtc_timer.c.obj)
 .text.z_nrf_rtc_timer_read
                0x0000000000003694       0x44 zephyr/drivers/timer/libdrivers__timer.a(nrf_rtc_timer.c.obj)
                0x0000000000003694                z_nrf_rtc_timer_read
 .text.compare_set
                0x00000000000036d8      0x130 zephyr/drivers/timer/libdrivers__timer.a(nrf_rtc_timer.c.obj)
 .text.sys_clock_driver_init
                0x0000000000003808       0x90 zephyr/drivers/timer/libdrivers__timer.a(nrf_rtc_timer.c.obj)
 .text.rtc_nrf_isr
                0x0000000000003898       0xd4 zephyr/drivers/timer/libdrivers__timer.a(nrf_rtc_timer.c.obj)
                0x0000000000003898                rtc_nrf_isr
 .text.sys_clock_set_timeout
                0x000000000000396c       0x5c zephyr/drivers/timer/libdrivers__timer.a(nrf_rtc_timer.c.obj)
                0x000000000000396c                sys_clock_set_timeout
 .text.sys_clock_elapsed
                0x00000000000039c8       0x14 zephyr/drivers/timer/libdrivers__timer.a(nrf_rtc_timer.c.obj)
                0x00000000000039c8                sys_clock_elapsed
 .text.sys_clock_disable
                0x00000000000039dc       0x30 zephyr/drivers/timer/libdrivers__timer.a(nrf_rtc_timer.c.obj)
                0x00000000000039dc                sys_clock_disable
 .text.nrf52_errata_98
                0x0000000000003a0c       0x24 modules/hal_nordic/nrfx/libmodules__hal_nordic__nrfx.a(system_nrf52840.c.obj)
 .text.nvmc_wait
                0x0000000000003a30       0x10 modules/hal_nordic/nrfx/libmodules__hal_nordic__nrfx.a(system_nrf52840.c.obj)
                0x0000000000003a30                nvmc_wait
 .text.SystemInit
                0x0000000000003a40      0x1bc modules/hal_nordic/nrfx/libmodules__hal_nordic__nrfx.a(system_nrf52840.c.obj)
                0x0000000000003a40                SystemInit
 .text.nrfx_flag32_alloc
                0x0000000000003bfc       0x48 modules/hal_nordic/nrfx/libmodules__hal_nordic__nrfx.a(nrfx_flag32_allocator.c.obj)
                0x0000000000003bfc                nrfx_flag32_alloc
 .text.nrfx_flag32_free
                0x0000000000003c44       0x40 modules/hal_nordic/nrfx/libmodules__hal_nordic__nrfx.a(nrfx_flag32_allocator.c.obj)
                0x0000000000003c44                nrfx_flag32_free
 .text.nrfx_gppi_channels_enable
                0x0000000000003c84        0xc modules/hal_nordic/nrfx/libmodules__hal_nordic__nrfx.a(nrfx_gppi_ppi.c.obj)
                0x0000000000003c84                nrfx_gppi_channels_enable
 .text.clock_stop
                0x0000000000003c90       0xc4 modules/hal_nordic/nrfx/libmodules__hal_nordic__nrfx.a(nrfx_clock.c.obj)
 .text.nrfx_clock_init
                0x0000000000003d54       0x20 modules/hal_nordic/nrfx/libmodules__hal_nordic__nrfx.a(nrfx_clock.c.obj)
                0x0000000000003d54                nrfx_clock_init
 .text.nrfx_clock_enable
                0x0000000000003d74       0x24 modules/hal_nordic/nrfx/libmodules__hal_nordic__nrfx.a(nrfx_clock.c.obj)
                0x0000000000003d74                nrfx_clock_enable
 .text.nrfx_clock_start
                0x0000000000003d98       0xa8 modules/hal_nordic/nrfx/libmodules__hal_nordic__nrfx.a(nrfx_clock.c.obj)
                0x0000000000003d98                nrfx_clock_start
 .text.nrfx_power_clock_irq_handler
                0x0000000000003e40       0x68 modules/hal_nordic/nrfx/libmodules__hal_nordic__nrfx.a(nrfx_clock.c.obj)
                0x0000000000003e40                nrfx_power_clock_irq_handler
 .text.nrf_gpio_pin_port_decode
                0x0000000000003ea8       0x20 modules/hal_nordic/nrfx/libmodules__hal_nordic__nrfx.a(nrfx_gpiote.c.obj)
 .text.get_pin_idx
                0x0000000000003ec8       0x14 modules/hal_nordic/nrfx/libmodules__hal_nordic__nrfx.a(nrfx_gpiote.c.obj)
 .text.call_handler.constprop.0
                0x0000000000003edc       0x40 modules/hal_nordic/nrfx/libmodules__hal_nordic__nrfx.a(nrfx_gpiote.c.obj)
 .text.pin_te_get.constprop.0
                0x0000000000003f1c       0x18 modules/hal_nordic/nrfx/libmodules__hal_nordic__nrfx.a(nrfx_gpiote.c.obj)
 .text.pin_is_output.constprop.0
                0x0000000000003f34       0x18 modules/hal_nordic/nrfx/libmodules__hal_nordic__nrfx.a(nrfx_gpiote.c.obj)
 .text.pin_in_use_by_te.constprop.0
                0x0000000000003f4c       0x18 modules/hal_nordic/nrfx/libmodules__hal_nordic__nrfx.a(nrfx_gpiote.c.obj)
 .text.latch_pending_read_and_check
                0x0000000000003f64       0x40 modules/hal_nordic/nrfx/libmodules__hal_nordic__nrfx.a(nrfx_gpiote.c.obj)
 .text.release_handler.isra.0
                0x0000000000003fa4       0x58 modules/hal_nordic/nrfx/libmodules__hal_nordic__nrfx.a(nrfx_gpiote.c.obj)
 .text.__nrfy_internal_gpiote_events_process.constprop.0
                0x0000000000003ffc       0x5c modules/hal_nordic/nrfx/libmodules__hal_nordic__nrfx.a(nrfx_gpiote.c.obj)
 .text.pin_uninit
                0x0000000000004058       0x80 modules/hal_nordic/nrfx/libmodules__hal_nordic__nrfx.a(nrfx_gpiote.c.obj)
 .text.nrfx_gpiote_input_configure
                0x00000000000040d8      0x174 modules/hal_nordic/nrfx/libmodules__hal_nordic__nrfx.a(nrfx_gpiote.c.obj)
                0x00000000000040d8                nrfx_gpiote_input_configure
 .text.nrfx_gpiote_output_configure
                0x000000000000424c       0xfc modules/hal_nordic/nrfx/libmodules__hal_nordic__nrfx.a(nrfx_gpiote.c.obj)
                0x000000000000424c                nrfx_gpiote_output_configure
 .text.nrfx_gpiote_global_callback_set
                0x0000000000004348        0xc modules/hal_nordic/nrfx/libmodules__hal_nordic__nrfx.a(nrfx_gpiote.c.obj)
                0x0000000000004348                nrfx_gpiote_global_callback_set
 .text.nrfx_gpiote_channel_get
                0x0000000000004354       0x34 modules/hal_nordic/nrfx/libmodules__hal_nordic__nrfx.a(nrfx_gpiote.c.obj)
                0x0000000000004354                nrfx_gpiote_channel_get
 .text.nrfx_gpiote_init
                0x0000000000004388       0x70 modules/hal_nordic/nrfx/libmodules__hal_nordic__nrfx.a(nrfx_gpiote.c.obj)
                0x0000000000004388                nrfx_gpiote_init
 .text.nrfx_gpiote_init_check
                0x00000000000043f8       0x14 modules/hal_nordic/nrfx/libmodules__hal_nordic__nrfx.a(nrfx_gpiote.c.obj)
                0x00000000000043f8                nrfx_gpiote_init_check
 .text.nrfx_gpiote_channel_free
                0x000000000000440c        0xc modules/hal_nordic/nrfx/libmodules__hal_nordic__nrfx.a(nrfx_gpiote.c.obj)
                0x000000000000440c                nrfx_gpiote_channel_free
 .text.nrfx_gpiote_channel_alloc
                0x0000000000004418        0xc modules/hal_nordic/nrfx/libmodules__hal_nordic__nrfx.a(nrfx_gpiote.c.obj)
                0x0000000000004418                nrfx_gpiote_channel_alloc
 .text.nrfx_gpiote_trigger_enable
                0x0000000000004424       0x9c modules/hal_nordic/nrfx/libmodules__hal_nordic__nrfx.a(nrfx_gpiote.c.obj)
                0x0000000000004424                nrfx_gpiote_trigger_enable
 .text.nrfx_gpiote_0_irq_handler
                0x00000000000044c0      0x1bc modules/hal_nordic/nrfx/libmodules__hal_nordic__nrfx.a(nrfx_gpiote.c.obj)
                0x00000000000044c0                nrfx_gpiote_0_irq_handler
 .text.nrfx_ppi_channel_alloc
                0x000000000000467c        0xc modules/hal_nordic/nrfx/libmodules__hal_nordic__nrfx.a(nrfx_ppi.c.obj)
                0x000000000000467c                nrfx_ppi_channel_alloc
 .text.nrf_gpio_pin_port_decode
                0x0000000000004688       0x20 modules/hal_nordic/nrfx/libmodules__hal_nordic__nrfx.a(nrfx_pwm.c.obj)
 .text.pwm_stopped_check
                0x00000000000046a8       0x34 modules/hal_nordic/nrfx/libmodules__hal_nordic__nrfx.a(nrfx_pwm.c.obj)
 .text.pwm_configure
                0x00000000000046dc       0xe8 modules/hal_nordic/nrfx/libmodules__hal_nordic__nrfx.a(nrfx_pwm.c.obj)
 .text.nrfx_pwm_init
                0x00000000000047c4       0x4c modules/hal_nordic/nrfx/libmodules__hal_nordic__nrfx.a(nrfx_pwm.c.obj)
                0x00000000000047c4                nrfx_pwm_init
 .text.nrfx_pwm_simple_playback
                0x0000000000004810       0x7c modules/hal_nordic/nrfx/libmodules__hal_nordic__nrfx.a(nrfx_pwm.c.obj)
                0x0000000000004810                nrfx_pwm_simple_playback
 .text.nrfx_pwm_stop
                0x000000000000488c       0x44 modules/hal_nordic/nrfx/libmodules__hal_nordic__nrfx.a(nrfx_pwm.c.obj)
                0x000000000000488c                nrfx_pwm_stop
 .text.nrf_gpio_cfg.constprop.0
                0x00000000000048d0       0x48 modules/hal_nordic/nrfx/libmodules__hal_nordic__nrfx.a(nrfx_twi.c.obj)
 .text.twi_configure
                0x0000000000004918       0x3c modules/hal_nordic/nrfx/libmodules__hal_nordic__nrfx.a(nrfx_twi.c.obj)
 .text.twi_tx_start_transfer
                0x0000000000004954      0x104 modules/hal_nordic/nrfx/libmodules__hal_nordic__nrfx.a(nrfx_twi.c.obj)
 .text.twi_rx_start_transfer
                0x0000000000004a58       0xe4 modules/hal_nordic/nrfx/libmodules__hal_nordic__nrfx.a(nrfx_twi.c.obj)
 .text.nrfx_twi_init
                0x0000000000004b3c       0x88 modules/hal_nordic/nrfx/libmodules__hal_nordic__nrfx.a(nrfx_twi.c.obj)
                0x0000000000004b3c                nrfx_twi_init
 .text.nrfx_twi_enable
                0x0000000000004bc4       0x20 modules/hal_nordic/nrfx/libmodules__hal_nordic__nrfx.a(nrfx_twi.c.obj)
                0x0000000000004bc4                nrfx_twi_enable
 .text.nrfx_twi_disable
                0x0000000000004be4       0x38 modules/hal_nordic/nrfx/libmodules__hal_nordic__nrfx.a(nrfx_twi.c.obj)
                0x0000000000004be4                nrfx_twi_disable
 .text.nrfx_twi_xfer
                0x0000000000004c1c       0xdc modules/hal_nordic/nrfx/libmodules__hal_nordic__nrfx.a(nrfx_twi.c.obj)
                0x0000000000004c1c                nrfx_twi_xfer
 .text.nrfx_twi_0_irq_handler
                0x0000000000004cf8       0xd8 modules/hal_nordic/nrfx/libmodules__hal_nordic__nrfx.a(nrfx_twi.c.obj)
                0x0000000000004cf8                nrfx_twi_0_irq_handler
 .text.nrf_gpio_pin_port_decode
                0x0000000000004dd0       0x20 modules/hal_nordic/nrfx/libmodules__hal_nordic__nrfx.a(nrfx_twi_twim.c.obj)
 .text.nrfx_twi_twim_bus_recover
                0x0000000000004df0       0xdc modules/hal_nordic/nrfx/libmodules__hal_nordic__nrfx.a(nrfx_twi_twim.c.obj)
                0x0000000000004df0                nrfx_twi_twim_bus_recover
 .text._DoInit  0x0000000000004ecc       0x68 modules/segger/libmodules__segger.a(SEGGER_RTT.c.obj)
 .text.z_fatal_error
                0x0000000000004f34       0x30 zephyr/kernel/libkernel.a(fatal.c.obj)
                0x0000000000004f34                z_fatal_error
 .text.z_sys_init_run_level
                0x0000000000004f64       0x48 zephyr/kernel/libkernel.a(init.c.obj)
 .text.bg_thread_main
                0x0000000000004fac       0x34 zephyr/kernel/libkernel.a(init.c.obj)
 .text.z_bss_zero
                0x0000000000004fe0       0x18 zephyr/kernel/libkernel.a(init.c.obj)
                0x0000000000004fe0                z_bss_zero
 .text.z_init_cpu
                0x0000000000004ff8       0x8c zephyr/kernel/libkernel.a(init.c.obj)
                0x0000000000004ff8                z_init_cpu
 .text.z_cstart
                0x0000000000005084       0xdc zephyr/kernel/libkernel.a(init.c.obj)
                0x0000000000005084                z_cstart
 .text.init_mem_slab_obj_core_list
                0x0000000000005160       0x24 zephyr/kernel/libkernel.a(mem_slab.c.obj)
 .text.k_mem_slab_alloc
                0x0000000000005184       0x5c zephyr/kernel/libkernel.a(mem_slab.c.obj)
                0x0000000000005184                k_mem_slab_alloc
 .text.z_setup_new_thread
                0x00000000000051e0       0x80 zephyr/kernel/libkernel.a(thread.c.obj)
                0x00000000000051e0                z_setup_new_thread
 .text.z_init_static_threads
                0x0000000000005260       0x98 zephyr/kernel/libkernel.a(thread.c.obj)
                0x0000000000005260                z_init_static_threads
 .text.z_impl_k_mutex_unlock
                0x00000000000052f8       0x78 zephyr/kernel/libkernel.a(mutex.c.obj)
                0x00000000000052f8                z_impl_k_mutex_unlock
 .text.z_impl_k_mutex_lock
                0x0000000000005370       0xf4 zephyr/kernel/libkernel.a(mutex.c.obj)
                0x0000000000005370                z_impl_k_mutex_lock
 .text.z_impl_k_sem_give
                0x0000000000005464       0x48 zephyr/kernel/libkernel.a(sem.c.obj)
                0x0000000000005464                z_impl_k_sem_give
 .text.z_impl_k_sem_take
                0x00000000000054ac       0x50 zephyr/kernel/libkernel.a(sem.c.obj)
                0x00000000000054ac                z_impl_k_sem_take
 .text.sliceable
                0x00000000000054fc       0x3c zephyr/kernel/libkernel.a(sched.c.obj)
 .text.slice_timeout
                0x0000000000005538       0x20 zephyr/kernel/libkernel.a(sched.c.obj)
 .text.z_reset_time_slice
                0x0000000000005558       0x50 zephyr/kernel/libkernel.a(sched.c.obj)
                0x0000000000005558                z_reset_time_slice
 .text.update_cache
                0x00000000000055a8       0x3c zephyr/kernel/libkernel.a(sched.c.obj)
 .text.move_thread_to_end_of_prio_q
                0x00000000000055e4       0x74 zephyr/kernel/libkernel.a(sched.c.obj)
 .text.ready_thread
                0x0000000000005658       0x68 zephyr/kernel/libkernel.a(sched.c.obj)
 .text.unready_thread
                0x00000000000056c0       0x30 zephyr/kernel/libkernel.a(sched.c.obj)
 .text.pend_locked
                0x00000000000056f0       0x30 zephyr/kernel/libkernel.a(sched.c.obj)
 .text.z_thread_halt
                0x0000000000005720       0xa0 zephyr/kernel/libkernel.a(sched.c.obj)
 .text.z_time_slice
                0x00000000000057c0       0x60 zephyr/kernel/libkernel.a(sched.c.obj)
                0x00000000000057c0                z_time_slice
 .text.z_pend_curr
                0x0000000000005820       0x3c zephyr/kernel/libkernel.a(sched.c.obj)
                0x0000000000005820                z_pend_curr
 .text.z_set_prio
                0x000000000000585c       0x8c zephyr/kernel/libkernel.a(sched.c.obj)
                0x000000000000585c                z_set_prio
 .text.z_reschedule
                0x00000000000058e8       0x24 zephyr/kernel/libkernel.a(sched.c.obj)
                0x00000000000058e8                z_reschedule
 .text.z_sched_start
                0x000000000000590c       0x3c zephyr/kernel/libkernel.a(sched.c.obj)
                0x000000000000590c                z_sched_start
 .text.k_sched_lock
                0x0000000000005948       0x28 zephyr/kernel/libkernel.a(sched.c.obj)
                0x0000000000005948                k_sched_lock
 .text.k_sched_unlock
                0x0000000000005970       0x38 zephyr/kernel/libkernel.a(sched.c.obj)
                0x0000000000005970                k_sched_unlock
 .text.z_sched_init
                0x00000000000059a8       0x10 zephyr/kernel/libkernel.a(sched.c.obj)
                0x00000000000059a8                z_sched_init
 .text.z_impl_k_yield
                0x00000000000059b8       0x7c zephyr/kernel/libkernel.a(sched.c.obj)
                0x00000000000059b8                z_impl_k_yield
 .text.z_tick_sleep
                0x0000000000005a34       0x88 zephyr/kernel/libkernel.a(sched.c.obj)
 .text.z_impl_k_sleep
                0x0000000000005abc       0x34 zephyr/kernel/libkernel.a(sched.c.obj)
                0x0000000000005abc                z_impl_k_sleep
 .text.z_impl_k_sched_current_thread_query
                0x0000000000005af0        0xc zephyr/kernel/libkernel.a(sched.c.obj)
                0x0000000000005af0                z_impl_k_sched_current_thread_query
 .text.z_data_copy
                0x0000000000005afc       0x34 zephyr/kernel/libkernel.a(xip.c.obj)
                0x0000000000005afc                z_data_copy
 .text.elapsed  0x0000000000005b30       0x14 zephyr/kernel/libkernel.a(timeout.c.obj)
 .text.next_timeout
                0x0000000000005b44       0x40 zephyr/kernel/libkernel.a(timeout.c.obj)
 .text.remove_timeout
                0x0000000000005b84       0x38 zephyr/kernel/libkernel.a(timeout.c.obj)
 .text.z_add_timeout
                0x0000000000005bbc       0xec zephyr/kernel/libkernel.a(timeout.c.obj)
                0x0000000000005bbc                z_add_timeout
 .text.sys_clock_announce
                0x0000000000005ca8       0xd4 zephyr/kernel/libkernel.a(timeout.c.obj)
                0x0000000000005ca8                sys_clock_announce
 .text.sys_clock_tick_get
                0x0000000000005d7c       0x34 zephyr/kernel/libkernel.a(timeout.c.obj)
                0x0000000000005d7c                sys_clock_tick_get
 .text.z_timer_expiration_handler
                0x0000000000005db0       0xe4 zephyr/kernel/libkernel.a(timer.c.obj)
                0x0000000000005db0                z_timer_expiration_handler
 .text.z_impl_k_timer_start
                0x0000000000005e94       0x74 zephyr/kernel/libkernel.a(timer.c.obj)
                0x0000000000005e94                z_impl_k_timer_start
 .text.boot_banner
                0x0000000000005f08        0xc zephyr/kernel/libkernel.a(banner.c.obj)
                0x0000000000005f08                boot_banner
 .text.nrf_cc3xx_platform_init
                0x0000000000005f14       0x44 C:/ncs/v2.6.0/nrfxlib/crypto/nrf_cc310_platform/lib/cortex-m4/soft-float/no-interrupts/libnrf_cc310_platform_0.9.19.a(nrf_cc3xx_platform.c.obj)
                0x0000000000005f14                nrf_cc3xx_platform_init
 .text.nrf_cc3xx_platform_abort
                0x0000000000005f58       0x24 C:/ncs/v2.6.0/nrfxlib/crypto/nrf_cc310_platform/lib/cortex-m4/soft-float/no-interrupts/libnrf_cc310_platform_0.9.19.a(nrf_cc3xx_platform_abort.c.obj)
 .text.CC_PalAbort
                0x0000000000005f7c       0x34 C:/ncs/v2.6.0/nrfxlib/crypto/nrf_cc310_platform/lib/cortex-m4/soft-float/no-interrupts/libnrf_cc310_platform_0.9.19.a(nrf_cc3xx_platform_abort.c.obj)
                0x0000000000005f7c                CC_PalAbort
 .text.nrf_cc3xx_platform_set_abort
                0x0000000000005fb0       0x10 C:/ncs/v2.6.0/nrfxlib/crypto/nrf_cc310_platform/lib/cortex-m4/soft-float/no-interrupts/libnrf_cc310_platform_0.9.19.a(nrf_cc3xx_platform_abort.c.obj)
                0x0000000000005fb0                nrf_cc3xx_platform_set_abort
 .text.nrf_cc3xx_platform_ctr_drbg_init
                0x0000000000005fc0       0x60 C:/ncs/v2.6.0/nrfxlib/crypto/nrf_cc310_platform/lib/cortex-m4/soft-float/no-interrupts/libnrf_cc310_platform_0.9.19.a(nrf_cc3xx_platform_ctr_drbg.c.obj)
                0x0000000000005fc0                nrf_cc3xx_platform_ctr_drbg_init
 .text.nrf_cc3xx_platform_ctr_drbg_get
                0x0000000000006020       0x44 C:/ncs/v2.6.0/nrfxlib/crypto/nrf_cc310_platform/lib/cortex-m4/soft-float/no-interrupts/libnrf_cc310_platform_0.9.19.a(nrf_cc3xx_platform_ctr_drbg.c.obj)
                0x0000000000006020                nrf_cc3xx_platform_ctr_drbg_get
 .text.mutex_free
                0x0000000000006064       0x34 C:/ncs/v2.6.0/nrfxlib/crypto/nrf_cc310_platform/lib/cortex-m4/soft-float/no-interrupts/libnrf_cc310_platform_0.9.19.a(nrf_cc3xx_platform_mutex.c.obj)
 .text.mutex_lock
                0x0000000000006098       0x48 C:/ncs/v2.6.0/nrfxlib/crypto/nrf_cc310_platform/lib/cortex-m4/soft-float/no-interrupts/libnrf_cc310_platform_0.9.19.a(nrf_cc3xx_platform_mutex.c.obj)
 .text.mutex_unlock
                0x00000000000060e0       0x38 C:/ncs/v2.6.0/nrfxlib/crypto/nrf_cc310_platform/lib/cortex-m4/soft-float/no-interrupts/libnrf_cc310_platform_0.9.19.a(nrf_cc3xx_platform_mutex.c.obj)
 .text.mutex_init
                0x0000000000006118       0x20 C:/ncs/v2.6.0/nrfxlib/crypto/nrf_cc310_platform/lib/cortex-m4/soft-float/no-interrupts/libnrf_cc310_platform_0.9.19.a(nrf_cc3xx_platform_mutex.c.obj)
 .text.nrf_cc3xx_platform_set_mutexes
                0x0000000000006138       0x74 C:/ncs/v2.6.0/nrfxlib/crypto/nrf_cc310_platform/lib/cortex-m4/soft-float/no-interrupts/libnrf_cc310_platform_0.9.19.a(nrf_cc3xx_platform_mutex.c.obj)
                0x0000000000006138                nrf_cc3xx_platform_set_mutexes
 .text.mbedtls_zeroize_internal
                0x00000000000061ac       0x14 C:/ncs/v2.6.0/nrfxlib/crypto/nrf_cc310_platform/lib/cortex-m4/soft-float/no-interrupts/libnrf_cc310_platform_0.9.19.a(mbedtls_common.c.obj)
                0x00000000000061ac                mbedtls_zeroize_internal
 .text.cc_mbedtls_platform_zeroize
                0x00000000000061c0       0x14 C:/ncs/v2.6.0/nrfxlib/crypto/nrf_cc310_platform/lib/cortex-m4/soft-float/no-interrupts/libnrf_cc310_platform_0.9.19.a(mbedtls_common.c.obj)
                0x00000000000061c0                cc_mbedtls_platform_zeroize
 .text.block_cipher_df
                0x00000000000061d4      0x1d0 C:/ncs/v2.6.0/nrfxlib/crypto/nrf_cc310_platform/lib/cortex-m4/soft-float/no-interrupts/libnrf_cc310_platform_0.9.19.a(ctr_drbg.c.obj)
 .text.ctr_drbg_update_internal
                0x00000000000063a4      0x148 C:/ncs/v2.6.0/nrfxlib/crypto/nrf_cc310_platform/lib/cortex-m4/soft-float/no-interrupts/libnrf_cc310_platform_0.9.19.a(ctr_drbg.c.obj)
 .text.mbedtls_ctr_drbg_reseed_internal
                0x00000000000064ec       0xc4 C:/ncs/v2.6.0/nrfxlib/crypto/nrf_cc310_platform/lib/cortex-m4/soft-float/no-interrupts/libnrf_cc310_platform_0.9.19.a(ctr_drbg.c.obj)
 .text.cc_mbedtls_ctr_drbg_init
                0x00000000000065b0       0x2c C:/ncs/v2.6.0/nrfxlib/crypto/nrf_cc310_platform/lib/cortex-m4/soft-float/no-interrupts/libnrf_cc310_platform_0.9.19.a(ctr_drbg.c.obj)
                0x00000000000065b0                cc_mbedtls_ctr_drbg_init
 .text.cc_mbedtls_ctr_drbg_seed
                0x00000000000065dc       0x98 C:/ncs/v2.6.0/nrfxlib/crypto/nrf_cc310_platform/lib/cortex-m4/soft-float/no-interrupts/libnrf_cc310_platform_0.9.19.a(ctr_drbg.c.obj)
                0x00000000000065dc                cc_mbedtls_ctr_drbg_seed
 .text.cc_mbedtls_ctr_drbg_random_with_add
                0x0000000000006674      0x1e4 C:/ncs/v2.6.0/nrfxlib/crypto/nrf_cc310_platform/lib/cortex-m4/soft-float/no-interrupts/libnrf_cc310_platform_0.9.19.a(ctr_drbg.c.obj)
                0x0000000000006674                cc_mbedtls_ctr_drbg_random_with_add
 .text.entropy_update
                0x0000000000006858       0x7c C:/ncs/v2.6.0/nrfxlib/crypto/nrf_cc310_platform/lib/cortex-m4/soft-float/no-interrupts/libnrf_cc310_platform_0.9.19.a(custom_entropy.c.obj)
 .text.entropy_gather_internal.part.0
                0x00000000000068d4       0x78 C:/ncs/v2.6.0/nrfxlib/crypto/nrf_cc310_platform/lib/cortex-m4/soft-float/no-interrupts/libnrf_cc310_platform_0.9.19.a(custom_entropy.c.obj)
 .text.cc_mbedtls_entropy_init
                0x000000000000694c       0x88 C:/ncs/v2.6.0/nrfxlib/crypto/nrf_cc310_platform/lib/cortex-m4/soft-float/no-interrupts/libnrf_cc310_platform_0.9.19.a(custom_entropy.c.obj)
                0x000000000000694c                cc_mbedtls_entropy_init
 .text.cc_mbedtls_entropy_func
                0x00000000000069d4      0x10c C:/ncs/v2.6.0/nrfxlib/crypto/nrf_cc310_platform/lib/cortex-m4/soft-float/no-interrupts/libnrf_cc310_platform_0.9.19.a(custom_entropy.c.obj)
                0x00000000000069d4                cc_mbedtls_entropy_func
 .text.RndStartupTest.constprop.0
                0x0000000000006ae0       0x98 C:/ncs/v2.6.0/nrfxlib/crypto/nrf_cc310_platform/lib/cortex-m4/soft-float/no-interrupts/libnrf_cc310_platform_0.9.19.a(cc_lib.c.obj)
 .text.CC_LibInit
                0x0000000000006b78       0xc0 C:/ncs/v2.6.0/nrfxlib/crypto/nrf_cc310_platform/lib/cortex-m4/soft-float/no-interrupts/libnrf_cc310_platform_0.9.19.a(cc_lib.c.obj)
                0x0000000000006b78                CC_LibInit
 .text.CC_HalInit
                0x0000000000006c38        0x4 C:/ncs/v2.6.0/nrfxlib/crypto/nrf_cc310_platform/lib/cortex-m4/soft-float/no-interrupts/libnrf_cc310_platform_0.9.19.a(cc_hal.c.obj)
                0x0000000000006c38                CC_HalInit
 .text.CC_HalTerminate
                0x0000000000006c3c        0x4 C:/ncs/v2.6.0/nrfxlib/crypto/nrf_cc310_platform/lib/cortex-m4/soft-float/no-interrupts/libnrf_cc310_platform_0.9.19.a(cc_hal.c.obj)
                0x0000000000006c3c                CC_HalTerminate
 .text.CC_HalClearInterruptBit
                0x0000000000006c40       0x1c C:/ncs/v2.6.0/nrfxlib/crypto/nrf_cc310_platform/lib/cortex-m4/soft-float/no-interrupts/libnrf_cc310_platform_0.9.19.a(cc_hal.c.obj)
                0x0000000000006c40                CC_HalClearInterruptBit
 .text.CC_HalMaskInterrupt
                0x0000000000006c5c        0xc C:/ncs/v2.6.0/nrfxlib/crypto/nrf_cc310_platform/lib/cortex-m4/soft-float/no-interrupts/libnrf_cc310_platform_0.9.19.a(cc_hal.c.obj)
                0x0000000000006c5c                CC_HalMaskInterrupt
 .text.CC_HalWaitInterrupt
                0x0000000000006c68        0xc C:/ncs/v2.6.0/nrfxlib/crypto/nrf_cc310_platform/lib/cortex-m4/soft-float/no-interrupts/libnrf_cc310_platform_0.9.19.a(cc_hal.c.obj)
                0x0000000000006c68                CC_HalWaitInterrupt
 .text.CC_HalWaitInterruptRND
                0x0000000000006c74        0xc C:/ncs/v2.6.0/nrfxlib/crypto/nrf_cc310_platform/lib/cortex-m4/soft-float/no-interrupts/libnrf_cc310_platform_0.9.19.a(cc_hal.c.obj)
                0x0000000000006c74                CC_HalWaitInterruptRND
 .text.CC_PalInit
                0x0000000000006c80       0x5c C:/ncs/v2.6.0/nrfxlib/crypto/nrf_cc310_platform/lib/cortex-m4/soft-float/no-interrupts/libnrf_cc310_platform_0.9.19.a(cc_pal.c.obj)
                0x0000000000006c80                CC_PalInit
 .text.CC_PalTerminate
                0x0000000000006cdc       0x34 C:/ncs/v2.6.0/nrfxlib/crypto/nrf_cc310_platform/lib/cortex-m4/soft-float/no-interrupts/libnrf_cc310_platform_0.9.19.a(cc_pal.c.obj)
                0x0000000000006cdc                CC_PalTerminate
 .text.CC_PalDmaInit
                0x0000000000006d10        0x4 C:/ncs/v2.6.0/nrfxlib/crypto/nrf_cc310_platform/lib/cortex-m4/soft-float/no-interrupts/libnrf_cc310_platform_0.9.19.a(cc_pal_dma.c.obj)
                0x0000000000006d10                CC_PalDmaInit
 .text.CC_PalDmaTerminate
                0x0000000000006d14        0x4 C:/ncs/v2.6.0/nrfxlib/crypto/nrf_cc310_platform/lib/cortex-m4/soft-float/no-interrupts/libnrf_cc310_platform_0.9.19.a(cc_pal_dma.c.obj)
                0x0000000000006d14                CC_PalDmaTerminate
 .text.CC_PalWaitInterruptRND
                0x0000000000006d18       0x2c C:/ncs/v2.6.0/nrfxlib/crypto/nrf_cc310_platform/lib/cortex-m4/soft-float/no-interrupts/libnrf_cc310_platform_0.9.19.a(cc_pal_interrupt_ctrl.c.obj)
                0x0000000000006d18                CC_PalWaitInterruptRND
 .text.CC_PalWaitInterrupt
                0x0000000000006d44       0x18 C:/ncs/v2.6.0/nrfxlib/crypto/nrf_cc310_platform/lib/cortex-m4/soft-float/no-interrupts/libnrf_cc310_platform_0.9.19.a(cc_pal_interrupt_ctrl.c.obj)
                0x0000000000006d44                CC_PalWaitInterrupt
 .text.CC_PalMemCopyPlat
                0x0000000000006d5c        0x4 C:/ncs/v2.6.0/nrfxlib/crypto/nrf_cc310_platform/lib/cortex-m4/soft-float/no-interrupts/libnrf_cc310_platform_0.9.19.a(cc_pal_mem.c.obj)
                0x0000000000006d5c                CC_PalMemCopyPlat
 .text.CC_PalMemSetPlat
                0x0000000000006d60        0x4 C:/ncs/v2.6.0/nrfxlib/crypto/nrf_cc310_platform/lib/cortex-m4/soft-float/no-interrupts/libnrf_cc310_platform_0.9.19.a(cc_pal_mem.c.obj)
                0x0000000000006d60                CC_PalMemSetPlat
 .text.CC_PalMemSetZeroPlat
                0x0000000000006d64        0x8 C:/ncs/v2.6.0/nrfxlib/crypto/nrf_cc310_platform/lib/cortex-m4/soft-float/no-interrupts/libnrf_cc310_platform_0.9.19.a(cc_pal_mem.c.obj)
                0x0000000000006d64                CC_PalMemSetZeroPlat
 .text.CC_PalMutexCreate
                0x0000000000006d6c       0x14 C:/ncs/v2.6.0/nrfxlib/crypto/nrf_cc310_platform/lib/cortex-m4/soft-float/no-interrupts/libnrf_cc310_platform_0.9.19.a(cc_pal_mutex.c.obj)
                0x0000000000006d6c                CC_PalMutexCreate
 .text.CC_PalMutexDestroy
                0x0000000000006d80       0x14 C:/ncs/v2.6.0/nrfxlib/crypto/nrf_cc310_platform/lib/cortex-m4/soft-float/no-interrupts/libnrf_cc310_platform_0.9.19.a(cc_pal_mutex.c.obj)
                0x0000000000006d80                CC_PalMutexDestroy
 .text.CC_PalMutexLock
                0x0000000000006d94       0x10 C:/ncs/v2.6.0/nrfxlib/crypto/nrf_cc310_platform/lib/cortex-m4/soft-float/no-interrupts/libnrf_cc310_platform_0.9.19.a(cc_pal_mutex.c.obj)
                0x0000000000006d94                CC_PalMutexLock
 .text.CC_PalMutexUnlock
                0x0000000000006da4       0x14 C:/ncs/v2.6.0/nrfxlib/crypto/nrf_cc310_platform/lib/cortex-m4/soft-float/no-interrupts/libnrf_cc310_platform_0.9.19.a(cc_pal_mutex.c.obj)
                0x0000000000006da4                CC_PalMutexUnlock
 .text.CC_PalPowerSaveModeInit
                0x0000000000006db8       0x3c C:/ncs/v2.6.0/nrfxlib/crypto/nrf_cc310_platform/lib/cortex-m4/soft-float/no-interrupts/libnrf_cc310_platform_0.9.19.a(cc_pal_pm.c.obj)
                0x0000000000006db8                CC_PalPowerSaveModeInit
 .text.CC_PalPowerSaveModeSelect
                0x0000000000006df4       0x84 C:/ncs/v2.6.0/nrfxlib/crypto/nrf_cc310_platform/lib/cortex-m4/soft-float/no-interrupts/libnrf_cc310_platform_0.9.19.a(cc_pal_pm.c.obj)
                0x0000000000006df4                CC_PalPowerSaveModeSelect
 .text.mutex_init
                0x0000000000006e78        0xc C:/ncs/v2.6.0/nrfxlib/crypto/nrf_cc310_platform/lib/cortex-m4/soft-float/no-interrupts/libnrf_cc310_platform_0.9.19.a(threading_alt.c.obj)
                0x0000000000006e78                mutex_init
 .text.mutex_lock
                0x0000000000006e84        0xc C:/ncs/v2.6.0/nrfxlib/crypto/nrf_cc310_platform/lib/cortex-m4/soft-float/no-interrupts/libnrf_cc310_platform_0.9.19.a(threading_alt.c.obj)
                0x0000000000006e84                mutex_lock
 .text.mutex_unlock
                0x0000000000006e90        0xc C:/ncs/v2.6.0/nrfxlib/crypto/nrf_cc310_platform/lib/cortex-m4/soft-float/no-interrupts/libnrf_cc310_platform_0.9.19.a(threading_alt.c.obj)
                0x0000000000006e90                mutex_unlock
 .text.startTrngHW
                0x0000000000006e9c      0x140 C:/ncs/v2.6.0/nrfxlib/crypto/nrf_cc310_platform/lib/cortex-m4/soft-float/no-interrupts/libnrf_cc310_platform_0.9.19.a(llf_rnd_trng90b.c.obj)
 .text.LLF_RND_RepetitionCounterTest
                0x0000000000006fdc       0x60 C:/ncs/v2.6.0/nrfxlib/crypto/nrf_cc310_platform/lib/cortex-m4/soft-float/no-interrupts/libnrf_cc310_platform_0.9.19.a(llf_rnd_trng90b.c.obj)
                0x0000000000006fdc                LLF_RND_RepetitionCounterTest
 .text.LLF_RND_AdaptiveProportionTest
                0x000000000000703c       0x84 C:/ncs/v2.6.0/nrfxlib/crypto/nrf_cc310_platform/lib/cortex-m4/soft-float/no-interrupts/libnrf_cc310_platform_0.9.19.a(llf_rnd_trng90b.c.obj)
                0x000000000000703c                LLF_RND_AdaptiveProportionTest
 .text.getTrngSource
                0x00000000000070c0      0x2b4 C:/ncs/v2.6.0/nrfxlib/crypto/nrf_cc310_platform/lib/cortex-m4/soft-float/no-interrupts/libnrf_cc310_platform_0.9.19.a(llf_rnd_trng90b.c.obj)
 .text.LLF_RND_GetTrngSource
                0x0000000000007374       0x18 C:/ncs/v2.6.0/nrfxlib/crypto/nrf_cc310_platform/lib/cortex-m4/soft-float/no-interrupts/libnrf_cc310_platform_0.9.19.a(llf_rnd_trng90b.c.obj)
                0x0000000000007374                LLF_RND_GetTrngSource
 .text.LLF_RND_RunTrngStartupTest
                0x000000000000738c       0x1c C:/ncs/v2.6.0/nrfxlib/crypto/nrf_cc310_platform/lib/cortex-m4/soft-float/no-interrupts/libnrf_cc310_platform_0.9.19.a(llf_rnd_trng90b.c.obj)
                0x000000000000738c                LLF_RND_RunTrngStartupTest
 .text.mbedtls_hardware_poll
                0x00000000000073a8       0xfc C:/ncs/v2.6.0/nrfxlib/crypto/nrf_cc310_platform/lib/cortex-m4/soft-float/no-interrupts/libnrf_cc310_platform_0.9.19.a(trng_api.c.obj)
                0x00000000000073a8                mbedtls_hardware_poll
 .text.cc_mbedtls_aes_init
                0x00000000000074a4       0x20 C:/ncs/v2.6.0/nrfxlib/crypto/nrf_cc310_platform/lib/cortex-m4/soft-float/no-interrupts/libnrf_cc310_platform_0.9.19.a(aes_alt.c.obj)
                0x00000000000074a4                cc_mbedtls_aes_init
 .text.cc_mbedtls_aes_free
                0x00000000000074c4        0xc C:/ncs/v2.6.0/nrfxlib/crypto/nrf_cc310_platform/lib/cortex-m4/soft-float/no-interrupts/libnrf_cc310_platform_0.9.19.a(aes_alt.c.obj)
                0x00000000000074c4                cc_mbedtls_aes_free
 .text.cc_mbedtls_aes_setkey_enc
                0x00000000000074d0       0x34 C:/ncs/v2.6.0/nrfxlib/crypto/nrf_cc310_platform/lib/cortex-m4/soft-float/no-interrupts/libnrf_cc310_platform_0.9.19.a(aes_alt.c.obj)
                0x00000000000074d0                cc_mbedtls_aes_setkey_enc
 .text.cc_mbedtls_aes_crypt_ecb
                0x0000000000007504       0x54 C:/ncs/v2.6.0/nrfxlib/crypto/nrf_cc310_platform/lib/cortex-m4/soft-float/no-interrupts/libnrf_cc310_platform_0.9.19.a(aes_alt.c.obj)
                0x0000000000007504                cc_mbedtls_aes_crypt_ecb
 .text.cc_mbedtls_sha256_init
                0x0000000000007558       0x28 C:/ncs/v2.6.0/nrfxlib/crypto/nrf_cc310_platform/lib/cortex-m4/soft-float/no-interrupts/libnrf_cc310_platform_0.9.19.a(sha256_alt.c.obj)
                0x0000000000007558                cc_mbedtls_sha256_init
 .text.cc_mbedtls_sha256_free
                0x0000000000007580        0xc C:/ncs/v2.6.0/nrfxlib/crypto/nrf_cc310_platform/lib/cortex-m4/soft-float/no-interrupts/libnrf_cc310_platform_0.9.19.a(sha256_alt.c.obj)
                0x0000000000007580                cc_mbedtls_sha256_free
 .text.cc_mbedtls_sha256_starts
                0x000000000000758c       0x28 C:/ncs/v2.6.0/nrfxlib/crypto/nrf_cc310_platform/lib/cortex-m4/soft-float/no-interrupts/libnrf_cc310_platform_0.9.19.a(sha256_alt.c.obj)
                0x000000000000758c                cc_mbedtls_sha256_starts
 .text.cc_mbedtls_sha256_update
                0x00000000000075b4       0x54 C:/ncs/v2.6.0/nrfxlib/crypto/nrf_cc310_platform/lib/cortex-m4/soft-float/no-interrupts/libnrf_cc310_platform_0.9.19.a(sha256_alt.c.obj)
                0x00000000000075b4                cc_mbedtls_sha256_update
 .text.cc_mbedtls_sha256_finish
                0x0000000000007608       0x48 C:/ncs/v2.6.0/nrfxlib/crypto/nrf_cc310_platform/lib/cortex-m4/soft-float/no-interrupts/libnrf_cc310_platform_0.9.19.a(sha256_alt.c.obj)
                0x0000000000007608                cc_mbedtls_sha256_finish
 .text.mbedtls_sha_starts_internal
                0x0000000000007650       0x28 C:/ncs/v2.6.0/nrfxlib/crypto/nrf_cc310_platform/lib/cortex-m4/soft-float/no-interrupts/libnrf_cc310_platform_0.9.19.a(mbedtls_hash_common.c.obj)
                0x0000000000007650                mbedtls_sha_starts_internal
 .text.mbedtls_sha_finish_internal
                0x0000000000007678       0x5c C:/ncs/v2.6.0/nrfxlib/crypto/nrf_cc310_platform/lib/cortex-m4/soft-float/no-interrupts/libnrf_cc310_platform_0.9.19.a(mbedtls_hash_common.c.obj)
                0x0000000000007678                mbedtls_sha_finish_internal
 .text.mbedtls_sha_update_internal
                0x00000000000076d4      0x1ec C:/ncs/v2.6.0/nrfxlib/crypto/nrf_cc310_platform/lib/cortex-m4/soft-float/no-interrupts/libnrf_cc310_platform_0.9.19.a(mbedtls_hash_common.c.obj)
                0x00000000000076d4                mbedtls_sha_update_internal
 .text.cc_mbedtls_sha256
                0x00000000000078c0       0x50 C:/ncs/v2.6.0/nrfxlib/crypto/nrf_cc310_platform/lib/cortex-m4/soft-float/no-interrupts/libnrf_cc310_platform_0.9.19.a(sha256.c.obj)
                0x00000000000078c0                cc_mbedtls_sha256
 .text.RNG_PLAT_SetUserRngParameters
                0x0000000000007910       0x74 C:/ncs/v2.6.0/nrfxlib/crypto/nrf_cc310_platform/lib/cortex-m4/soft-float/no-interrupts/libnrf_cc310_platform_0.9.19.a(cc_rng_plat.c.obj)
                0x0000000000007910                RNG_PLAT_SetUserRngParameters
 .text.CC_PalTrngParamGet
                0x0000000000007984       0xa8 C:/ncs/v2.6.0/nrfxlib/crypto/nrf_cc310_platform/lib/cortex-m4/soft-float/no-interrupts/libnrf_cc310_platform_0.9.19.a(cc_pal_trng.c.obj)
                0x0000000000007984                CC_PalTrngParamGet
 .text.LLF_RND_WaitRngInterrupt
                0x0000000000007a2c       0x20 C:/ncs/v2.6.0/nrfxlib/crypto/nrf_cc310_platform/lib/cortex-m4/soft-float/no-interrupts/libnrf_cc310_platform_0.9.19.a(llf_rnd.c.obj)
                0x0000000000007a2c                LLF_RND_WaitRngInterrupt
 .text.LLF_RND_GetRoscSampleCnt
                0x0000000000007a4c       0x34 C:/ncs/v2.6.0/nrfxlib/crypto/nrf_cc310_platform/lib/cortex-m4/soft-float/no-interrupts/libnrf_cc310_platform_0.9.19.a(llf_rnd.c.obj)
                0x0000000000007a4c                LLF_RND_GetRoscSampleCnt
 .text.LLF_RND_GetFastestRosc
                0x0000000000007a80       0x20 C:/ncs/v2.6.0/nrfxlib/crypto/nrf_cc310_platform/lib/cortex-m4/soft-float/no-interrupts/libnrf_cc310_platform_0.9.19.a(llf_rnd.c.obj)
                0x0000000000007a80                LLF_RND_GetFastestRosc
 .text.LLF_RND_TurnOffTrng
                0x0000000000007aa0       0x18 C:/ncs/v2.6.0/nrfxlib/crypto/nrf_cc310_platform/lib/cortex-m4/soft-float/no-interrupts/libnrf_cc310_platform_0.9.19.a(llf_rnd.c.obj)
                0x0000000000007aa0                LLF_RND_TurnOffTrng
 .text.SetDataBuffersInfo
                0x0000000000007ab8       0x68 C:/ncs/v2.6.0/nrfxlib/crypto/nrf_cc310_platform/lib/cortex-m4/soft-float/no-interrupts/libnrf_cc310_platform_0.9.19.a(driver_common.c.obj)
                0x0000000000007ab8                SetDataBuffersInfo
 .text.InitHashDrv
                0x0000000000007b20       0x50 C:/ncs/v2.6.0/nrfxlib/crypto/nrf_cc310_platform/lib/cortex-m4/soft-float/no-interrupts/libnrf_cc310_platform_0.9.19.a(hash_driver.c.obj)
                0x0000000000007b20                InitHashDrv
 .text.ProcessHashDrv
                0x0000000000007b70      0x22c C:/ncs/v2.6.0/nrfxlib/crypto/nrf_cc310_platform/lib/cortex-m4/soft-float/no-interrupts/libnrf_cc310_platform_0.9.19.a(hash_driver.c.obj)
                0x0000000000007b70                ProcessHashDrv
 .text.FinishHashDrv
                0x0000000000007d9c       0x70 C:/ncs/v2.6.0/nrfxlib/crypto/nrf_cc310_platform/lib/cortex-m4/soft-float/no-interrupts/libnrf_cc310_platform_0.9.19.a(hash_driver.c.obj)
                0x0000000000007d9c                FinishHashDrv
 .text.LoadAesKey
                0x0000000000007e0c       0xa8 C:/ncs/v2.6.0/nrfxlib/crypto/nrf_cc310_platform/lib/cortex-m4/soft-float/no-interrupts/libnrf_cc310_platform_0.9.19.a(aes_driver.c.obj)
 .text.InitAes.part.0
                0x0000000000007eb4       0xe4 C:/ncs/v2.6.0/nrfxlib/crypto/nrf_cc310_platform/lib/cortex-m4/soft-float/no-interrupts/libnrf_cc310_platform_0.9.19.a(aes_driver.c.obj)
 .text.write_invalid_key
                0x0000000000007f98       0x30 C:/ncs/v2.6.0/nrfxlib/crypto/nrf_cc310_platform/lib/cortex-m4/soft-float/no-interrupts/libnrf_cc310_platform_0.9.19.a(aes_driver.c.obj)
                0x0000000000007f98                write_invalid_key
 .text.ProcessAesDrv
                0x0000000000007fc8      0x368 C:/ncs/v2.6.0/nrfxlib/crypto/nrf_cc310_platform/lib/cortex-m4/soft-float/no-interrupts/libnrf_cc310_platform_0.9.19.a(aes_driver.c.obj)
                0x0000000000007fc8                ProcessAesDrv
 .text.FinishAesDrv
                0x0000000000008330      0x254 C:/ncs/v2.6.0/nrfxlib/crypto/nrf_cc310_platform/lib/cortex-m4/soft-float/no-interrupts/libnrf_cc310_platform_0.9.19.a(aes_driver.c.obj)
                0x0000000000008330                FinishAesDrv
 .text.kmu_validate_slot_and_size
                0x0000000000008584       0x1c C:/ncs/v2.6.0/nrfxlib/crypto/nrf_cc310_platform/lib/cortex-m4/soft-float/no-interrupts/libnrf_cc310_platform_0.9.19.a(kmu_shared.c.obj)
                0x0000000000008584                kmu_validate_slot_and_size
 .text.kmu_validate_kdr_slot_and_size
                0x00000000000085a0       0x1c C:/ncs/v2.6.0/nrfxlib/crypto/nrf_cc310_platform/lib/cortex-m4/soft-float/no-interrupts/libnrf_cc310_platform_0.9.19.a(kmu_shared.c.obj)
                0x00000000000085a0                kmu_validate_kdr_slot_and_size
 .text.kmu_use_kdr_key
                0x00000000000085bc       0x14 C:/ncs/v2.6.0/nrfxlib/crypto/nrf_cc310_platform/lib/cortex-m4/soft-float/no-interrupts/libnrf_cc310_platform_0.9.19.a(kmu_shared.c.obj)
                0x00000000000085bc                kmu_use_kdr_key
 .text.kmu_derive_cmac
                0x00000000000085d0      0x11c C:/ncs/v2.6.0/nrfxlib/crypto/nrf_cc310_platform/lib/cortex-m4/soft-float/no-interrupts/libnrf_cc310_platform_0.9.19.a(kmu_shared.c.obj)
                0x00000000000085d0                kmu_derive_cmac
 .text.UtilCmacBuildDataForDerivation
                0x00000000000086ec       0xc0 C:/ncs/v2.6.0/nrfxlib/crypto/nrf_cc310_platform/lib/cortex-m4/soft-float/no-interrupts/libnrf_cc310_platform_0.9.19.a(cc_util_cmac.c.obj)
                0x00000000000086ec                UtilCmacBuildDataForDerivation
 .text.CC_PalDataBufferAttrGet
                0x00000000000087ac        0x8 C:/ncs/v2.6.0/nrfxlib/crypto/nrf_cc310_platform/lib/cortex-m4/soft-float/no-interrupts/libnrf_cc310_platform_0.9.19.a(cc_pal_buff_attr.c.obj)
                0x00000000000087ac                CC_PalDataBufferAttrGet
 .text.snprintf
                0x00000000000087b4       0x58 c:\ncs\toolchains\cf2149caf2\opt\zephyr-sdk\arm-zephyr-eabi\bin\../lib/gcc/../../picolibc/arm-zephyr-eabi/lib/thumb/v7e-m/nofp\libc.a(libc_tinystdio_snprintf.c.o)
                0x00000000000087b4                snprintf
 .text.strtol   0x000000000000880c       0xec c:\ncs\toolchains\cf2149caf2\opt\zephyr-sdk\arm-zephyr-eabi\bin\../lib/gcc/../../picolibc/arm-zephyr-eabi/lib/thumb/v7e-m/nofp\libc.a(libc_tinystdio_strtol.c.o)
                0x000000000000880c                strtol
 .text.__l_vfprintf
                0x00000000000088f8      0x4b8 c:\ncs\toolchains\cf2149caf2\opt\zephyr-sdk\arm-zephyr-eabi\bin\../lib/gcc/../../picolibc/arm-zephyr-eabi/lib/thumb/v7e-m/nofp\libc.a(libc_tinystdio_vflprintf.c.o)
                0x00000000000088f8                __l_vfprintf
 .text._OffsetAbsSyms
                0x0000000000008db0        0x2 zephyr/CMakeFiles/offsets.dir/./arch/arm/core/offsets/offsets.c.obj
                0x0000000000008db0                _OffsetAbsSyms
 .text.k_msleep.isra.0
                0x0000000000008db2       0x20 app/libapp.a(main.c.obj)
 .text.rtdb_init
                0x0000000000008dd2        0x2 app/libapp.a(rtdb.c.obj)
                0x0000000000008dd2                rtdb_init
 .text.gpio_pin_set_dt.isra.0
                0x0000000000008dd4       0x28 app/libapp.a(io.c.obj)
 .text.gpio_pin_configure_dt.isra.0
                0x0000000000008dfc       0x3e app/libapp.a(io.c.obj)
 .text.arch_printk_char_out
                0x0000000000008e3a        0x4 zephyr/libzephyr.a(printk.c.obj)
                0x0000000000008e3a                arch_printk_char_out
 .text.printk   0x0000000000008e3e       0x1a zephyr/libzephyr.a(printk.c.obj)
                0x0000000000008e3e                printk
 .text.chunk_size
                0x0000000000008e58        0xa zephyr/libzephyr.a(heap.c.obj)
 .text.free_list_add
                0x0000000000008e62       0x4e zephyr/libzephyr.a(heap.c.obj)
 .text.sys_heap_init
                0x0000000000008eb0       0x7a zephyr/libzephyr.a(heap.c.obj)
                0x0000000000008eb0                sys_heap_init
 .text.process_recheck
                0x0000000000008f2a       0x38 zephyr/libzephyr.a(onoff.c.obj)
 .text.validate_args
                0x0000000000008f62       0x20 zephyr/libzephyr.a(onoff.c.obj)
 .text.notify_one
                0x0000000000008f82       0x2c zephyr/libzephyr.a(onoff.c.obj)
 .text.transition_complete
                0x0000000000008fae       0x1c zephyr/libzephyr.a(onoff.c.obj)
 .text.onoff_manager_init
                0x0000000000008fca       0x26 zephyr/libzephyr.a(onoff.c.obj)
                0x0000000000008fca                onoff_manager_init
 .text.onoff_request
                0x0000000000008ff0       0xb0 zephyr/libzephyr.a(onoff.c.obj)
                0x0000000000008ff0                onoff_request
 .text.sys_notify_validate
                0x00000000000090a0       0x22 zephyr/libzephyr.a(notify.c.obj)
                0x00000000000090a0                sys_notify_validate
 .text.sys_notify_finalize
                0x00000000000090c2       0x1a zephyr/libzephyr.a(notify.c.obj)
                0x00000000000090c2                sys_notify_finalize
 .text._ConfigAbsSyms
                0x00000000000090dc        0x2 zephyr/libzephyr.a(configs.c.obj)
                0x00000000000090dc                _ConfigAbsSyms
 .text.abort_function
                0x00000000000090de        0x8 zephyr/libzephyr.a(nrf_cc3xx_platform_abort_zephyr.c.obj)
 .text.z_arm_fatal_error
                0x00000000000090e6        0x4 zephyr/arch/arch/arm/core/libarch__arm__core.a(fatal.c.obj)
                0x00000000000090e6                z_arm_fatal_error
 .text.z_do_kernel_oops
                0x00000000000090ea        0x8 zephyr/arch/arch/arm/core/libarch__arm__core.a(fatal.c.obj)
                0x00000000000090ea                z_do_kernel_oops
 .text.z_arm_nmi
                0x00000000000090f2        0xe zephyr/arch/arch/arm/core/libarch__arm__core.a(nmi.c.obj)
                0x00000000000090f2                z_arm_nmi
 .text.z_irq_spurious
                0x0000000000009100        0x8 zephyr/arch/arch/arm/core/cortex_m/libarch__arm__core__cortex_m.a(irq_manage.c.obj)
                0x0000000000009100                z_irq_spurious
 .text.size_to_mpu_rasr_size
                0x0000000000009108       0x20 zephyr/arch/arch/arm/core/mpu/libarch__arm__core__mpu.a(arm_mpu.c.obj)
 .text.mpu_configure_regions
                0x0000000000009128       0x5c zephyr/arch/arch/arm/core/mpu/libarch__arm__core__mpu.a(arm_mpu.c.obj)
 .text.picolibc_put
                0x0000000000009184        0xa zephyr/lib/libc/picolibc/liblib__libc__picolibc.a(libc-hooks.c.obj)
 .text.get_status
                0x000000000000918e       0x12 zephyr/drivers/clock_control/libdrivers__clock_control.a(clock_control_nrf.c.obj)
 .text.set_on_state
                0x00000000000091a0       0x26 zephyr/drivers/clock_control/libdrivers__clock_control.a(clock_control_nrf.c.obj)
 .text.stop     0x00000000000091c6       0x54 zephyr/drivers/clock_control/libdrivers__clock_control.a(clock_control_nrf.c.obj)
 .text.api_stop
                0x000000000000921a        0x6 zephyr/drivers/clock_control/libdrivers__clock_control.a(clock_control_nrf.c.obj)
 .text.async_start
                0x0000000000009220       0x5e zephyr/drivers/clock_control/libdrivers__clock_control.a(clock_control_nrf.c.obj)
 .text.api_start
                0x000000000000927e        0xe zephyr/drivers/clock_control/libdrivers__clock_control.a(clock_control_nrf.c.obj)
 .text.onoff_started_callback
                0x000000000000928c       0x12 zephyr/drivers/clock_control/libdrivers__clock_control.a(clock_control_nrf.c.obj)
 .text.lfclk_start
                0x000000000000929e        0x6 zephyr/drivers/clock_control/libdrivers__clock_control.a(clock_control_nrf.c.obj)
 .text.lfclk_stop
                0x00000000000092a4        0x6 zephyr/drivers/clock_control/libdrivers__clock_control.a(clock_control_nrf.c.obj)
 .text.blocking_start_callback
                0x00000000000092aa        0x6 zephyr/drivers/clock_control/libdrivers__clock_control.a(clock_control_nrf.c.obj)
 .text.entropy_cc3xx_rng_get_entropy
                0x00000000000092b0       0x44 zephyr/drivers/entropy/libdrivers__entropy.a(entropy_cc3xx.c.obj)
 .text.entropy_cc3xx_rng_init
                0x00000000000092f4       0x16 zephyr/drivers/entropy/libdrivers__entropy.a(entropy_cc3xx.c.obj)
 .text.gpio_nrfx_port_get_raw
                0x000000000000930a        0xe zephyr/drivers/gpio/libdrivers__gpio.a(gpio_nrfx.c.obj)
 .text.gpio_nrfx_port_set_masked_raw
                0x0000000000009318       0x18 zephyr/drivers/gpio/libdrivers__gpio.a(gpio_nrfx.c.obj)
 .text.gpio_nrfx_port_set_bits_raw
                0x0000000000009330        0xc zephyr/drivers/gpio/libdrivers__gpio.a(gpio_nrfx.c.obj)
 .text.gpio_nrfx_port_clear_bits_raw
                0x000000000000933c        0xc zephyr/drivers/gpio/libdrivers__gpio.a(gpio_nrfx.c.obj)
 .text.gpio_nrfx_port_toggle_bits
                0x0000000000009348       0x1a zephyr/drivers/gpio/libdrivers__gpio.a(gpio_nrfx.c.obj)
 .text.gpio_nrfx_manage_callback
                0x0000000000009362       0x52 zephyr/drivers/gpio/libdrivers__gpio.a(gpio_nrfx.c.obj)
 .text.i2c_nrfx_twi_configure
                0x00000000000093b4       0x32 zephyr/drivers/i2c/libdrivers__i2c.a(i2c_nrfx_twi.c.obj)
 .text.pinctrl_lookup_state
                0x00000000000093e6       0x26 zephyr/drivers/pinctrl/libdrivers__pinctrl.a(common.c.obj)
                0x00000000000093e6                pinctrl_lookup_state
 .text.pwm_nrfx_set_cycles
                0x000000000000940c      0x130 zephyr/drivers/pwm/libdrivers__pwm.a(pwm_nrfx.c.obj)
 .text.pwm_nrfx_init0
                0x000000000000953c        0x4 zephyr/drivers/pwm/libdrivers__pwm.a(pwm_nrfx.c.obj)
 .text.pwm_nrfx_init1
                0x0000000000009540        0x4 zephyr/drivers/pwm/libdrivers__pwm.a(pwm_nrfx.c.obj)
 .text.uarte_nrfx_err_check
                0x0000000000009544        0xe zephyr/drivers/serial/libdrivers__serial.a(uart_nrfx_uarte.c.obj)
 .text.tx_start
                0x0000000000009552       0x50 zephyr/drivers/serial/libdrivers__serial.a(uart_nrfx_uarte.c.obj)
 .text.user_callback
                0x00000000000095a2        0xe zephyr/drivers/serial/libdrivers__serial.a(uart_nrfx_uarte.c.obj)
 .text.notify_uart_rx_rdy
                0x00000000000095b0       0x32 zephyr/drivers/serial/libdrivers__serial.a(uart_nrfx_uarte.c.obj)
 .text.rx_buf_release
                0x00000000000095e2       0x30 zephyr/drivers/serial/libdrivers__serial.a(uart_nrfx_uarte.c.obj)
 .text.notify_rx_disable
                0x0000000000009612       0x22 zephyr/drivers/serial/libdrivers__serial.a(uart_nrfx_uarte.c.obj)
 .text.uarte_nrfx_rx_buf_rsp
                0x0000000000009634       0x52 zephyr/drivers/serial/libdrivers__serial.a(uart_nrfx_uarte.c.obj)
 .text.uarte_nrfx_callback_set
                0x0000000000009686       0x16 zephyr/drivers/serial/libdrivers__serial.a(uart_nrfx_uarte.c.obj)
 .text.uarte_nrfx_poll_in
                0x000000000000969c       0x32 zephyr/drivers/serial/libdrivers__serial.a(uart_nrfx_uarte.c.obj)
 .text.uarte_nrfx_rx_disable
                0x00000000000096ce       0x4a zephyr/drivers/serial/libdrivers__serial.a(uart_nrfx_uarte.c.obj)
 .text.setup_tx_cache
                0x0000000000009718       0x30 zephyr/drivers/serial/libdrivers__serial.a(uart_nrfx_uarte.c.obj)
 .text.rx_flush.isra.0
                0x0000000000009748       0x6a zephyr/drivers/serial/libdrivers__serial.a(uart_nrfx_uarte.c.obj)
 .text.async_uart_release
                0x00000000000097b2       0x54 zephyr/drivers/serial/libdrivers__serial.a(uart_nrfx_uarte.c.obj)
 .text.is_tx_ready.isra.0
                0x0000000000009806       0x20 zephyr/drivers/serial/libdrivers__serial.a(uart_nrfx_uarte.c.obj)
 .text.start_tx_locked
                0x0000000000009826       0x36 zephyr/drivers/serial/libdrivers__serial.a(uart_nrfx_uarte.c.obj)
 .text.uarte_nrfx_rx_enable
                0x000000000000985c      0x116 zephyr/drivers/serial/libdrivers__serial.a(uart_nrfx_uarte.c.obj)
 .text.rx_timeout
                0x0000000000009972       0xaa zephyr/drivers/serial/libdrivers__serial.a(uart_nrfx_uarte.c.obj)
 .text.uarte_nrfx_tx_abort
                0x0000000000009a1c       0x2a zephyr/drivers/serial/libdrivers__serial.a(uart_nrfx_uarte.c.obj)
 .text.tx_timeout
                0x0000000000009a46        0x8 zephyr/drivers/serial/libdrivers__serial.a(uart_nrfx_uarte.c.obj)
 .text.event_clear
                0x0000000000009a4e       0x18 zephyr/drivers/timer/libdrivers__timer.a(nrf_rtc_timer.c.obj)
 .text.k_sys_fatal_error_handler
                0x0000000000009a66        0x8 modules/nrf/lib/fatal_error/lib..__nrf__lib__fatal_error.a(fatal_error.c.obj)
                0x0000000000009a66                k_sys_fatal_error_handler
 .text.hw_cc3xx_init_internal
                0x0000000000009a6e        0x4 modules/nrf/drivers/hw_cc3xx/lib..__nrf__drivers__hw_cc3xx.a(hw_cc3xx.c.obj)
 .text.hw_cc3xx_init
                0x0000000000009a72       0x12 modules/nrf/drivers/hw_cc3xx/lib..__nrf__drivers__hw_cc3xx.a(hw_cc3xx.c.obj)
 .text.nrfx_isr
                0x0000000000009a84        0x2 modules/hal_nordic/nrfx/libmodules__hal_nordic__nrfx.a(nrfx_glue.c.obj)
                0x0000000000009a84                nrfx_isr
 .text.nrfx_busy_wait
                0x0000000000009a86        0x4 modules/hal_nordic/nrfx/libmodules__hal_nordic__nrfx.a(nrfx_glue.c.obj)
                0x0000000000009a86                nrfx_busy_wait
 .text.nrfx_gppi_channel_endpoints_setup
                0x0000000000009a8a       0x14 modules/hal_nordic/nrfx/libmodules__hal_nordic__nrfx.a(nrfx_gppi_ppi.c.obj)
                0x0000000000009a8a                nrfx_gppi_channel_endpoints_setup
 .text.nrfx_clock_stop
                0x0000000000009a9e        0x4 modules/hal_nordic/nrfx/libmodules__hal_nordic__nrfx.a(nrfx_clock.c.obj)
                0x0000000000009a9e                nrfx_clock_stop
 .text.nrf_gpio_reconfigure
                0x0000000000009aa2       0x92 modules/hal_nordic/nrfx/libmodules__hal_nordic__nrfx.a(nrfx_gpiote.c.obj)
 .text.nrf_gpio_cfg_sense_set
                0x0000000000009b34       0x1e modules/hal_nordic/nrfx/libmodules__hal_nordic__nrfx.a(nrfx_gpiote.c.obj)
 .text.pin_trigger_disable
                0x0000000000009b52       0x48 modules/hal_nordic/nrfx/libmodules__hal_nordic__nrfx.a(nrfx_gpiote.c.obj)
 .text.nrfx_gpiote_pin_uninit
                0x0000000000009b9a        0x4 modules/hal_nordic/nrfx/libmodules__hal_nordic__nrfx.a(nrfx_gpiote.c.obj)
                0x0000000000009b9a                nrfx_gpiote_pin_uninit
 .text.nrfx_gpiote_trigger_disable
                0x0000000000009b9e        0x4 modules/hal_nordic/nrfx/libmodules__hal_nordic__nrfx.a(nrfx_gpiote.c.obj)
                0x0000000000009b9e                nrfx_gpiote_trigger_disable
 .text.start_playback
                0x0000000000009ba2       0x48 modules/hal_nordic/nrfx/libmodules__hal_nordic__nrfx.a(nrfx_pwm.c.obj)
 .text.__nrfy_internal_pwm_event_handle.isra.0
                0x0000000000009bea       0x22 modules/hal_nordic/nrfx/libmodules__hal_nordic__nrfx.a(nrfx_pwm.c.obj)
 .text.__nrfy_internal_pwm_events_process
                0x0000000000009c0c       0x54 modules/hal_nordic/nrfx/libmodules__hal_nordic__nrfx.a(nrfx_pwm.c.obj)
 .text.nrfx_pwm_stopped_check
                0x0000000000009c60        0x4 modules/hal_nordic/nrfx/libmodules__hal_nordic__nrfx.a(nrfx_pwm.c.obj)
                0x0000000000009c60                nrfx_pwm_stopped_check
 .text.twi_transfer
                0x0000000000009c64      0x130 modules/hal_nordic/nrfx/libmodules__hal_nordic__nrfx.a(nrfx_twi.c.obj)
 .text.nrf_gpio_pin_set
                0x0000000000009d94       0x1a modules/hal_nordic/nrfx/libmodules__hal_nordic__nrfx.a(nrfx_twi_twim.c.obj)
 .text.SEGGER_RTT_Init
                0x0000000000009dae        0x4 modules/segger/libmodules__segger.a(SEGGER_RTT.c.obj)
                0x0000000000009dae                SEGGER_RTT_Init
 .text.rtt_init
                0x0000000000009db2        0xa modules/segger/libmodules__segger.a(SEGGER_RTT_zephyr.c.obj)
 .text.z_impl_k_busy_wait
                0x0000000000009dbc        0x8 zephyr/kernel/libkernel.a(busy_wait.c.obj)
                0x0000000000009dbc                z_impl_k_busy_wait
 .text.z_device_state_init
                0x0000000000009dc4        0x2 zephyr/kernel/libkernel.a(device.c.obj)
                0x0000000000009dc4                z_device_state_init
 .text.z_device_is_ready
                0x0000000000009dc6       0x16 zephyr/kernel/libkernel.a(device.c.obj)
                0x0000000000009dc6                z_device_is_ready
 .text.z_early_memset
                0x0000000000009ddc        0x4 zephyr/kernel/libkernel.a(init.c.obj)
                0x0000000000009ddc                z_early_memset
 .text.z_early_memcpy
                0x0000000000009de0        0x4 zephyr/kernel/libkernel.a(init.c.obj)
                0x0000000000009de0                z_early_memcpy
 .text.create_free_list
                0x0000000000009de4       0x2c zephyr/kernel/libkernel.a(mem_slab.c.obj)
 .text.k_mem_slab_init
                0x0000000000009e10       0x1c zephyr/kernel/libkernel.a(mem_slab.c.obj)
                0x0000000000009e10                k_mem_slab_init
 .text.k_mem_slab_free
                0x0000000000009e2c       0x4c zephyr/kernel/libkernel.a(mem_slab.c.obj)
                0x0000000000009e2c                k_mem_slab_free
 .text.k_is_in_isr
                0x0000000000009e78        0xc zephyr/kernel/libkernel.a(thread.c.obj)
                0x0000000000009e78                k_is_in_isr
 .text.idle     0x0000000000009e84       0x18 zephyr/kernel/libkernel.a(idle.c.obj)
                0x0000000000009e84                idle
 .text.adjust_owner_prio.isra.0
                0x0000000000009e9c       0x10 zephyr/kernel/libkernel.a(mutex.c.obj)
 .text.z_impl_k_mutex_init
                0x0000000000009eac        0xe zephyr/kernel/libkernel.a(mutex.c.obj)
                0x0000000000009eac                z_impl_k_mutex_init
 .text.z_impl_k_sem_init
                0x0000000000009eba       0x18 zephyr/kernel/libkernel.a(sem.c.obj)
                0x0000000000009eba                z_impl_k_sem_init
 .text.sys_dlist_remove
                0x0000000000009ed2       0x10 zephyr/kernel/libkernel.a(sched.c.obj)
 .text.unpend_thread_no_timeout
                0x0000000000009ee2       0x14 zephyr/kernel/libkernel.a(sched.c.obj)
 .text.add_to_waitq_locked
                0x0000000000009ef6       0x50 zephyr/kernel/libkernel.a(sched.c.obj)
 .text.z_ready_thread
                0x0000000000009f46       0x20 zephyr/kernel/libkernel.a(sched.c.obj)
                0x0000000000009f46                z_ready_thread
 .text.z_impl_k_thread_suspend
                0x0000000000009f66       0x36 zephyr/kernel/libkernel.a(sched.c.obj)
                0x0000000000009f66                z_impl_k_thread_suspend
 .text.z_unpend_thread_no_timeout
                0x0000000000009f9c       0x24 zephyr/kernel/libkernel.a(sched.c.obj)
                0x0000000000009f9c                z_unpend_thread_no_timeout
 .text.z_sched_wake_thread
                0x0000000000009fc0       0x44 zephyr/kernel/libkernel.a(sched.c.obj)
                0x0000000000009fc0                z_sched_wake_thread
 .text.z_thread_timeout
                0x000000000000a004        0x8 zephyr/kernel/libkernel.a(sched.c.obj)
                0x000000000000a004                z_thread_timeout
 .text.z_unpend1_no_timeout
                0x000000000000a00c       0x2e zephyr/kernel/libkernel.a(sched.c.obj)
                0x000000000000a00c                z_unpend1_no_timeout
 .text.z_unpend_first_thread
                0x000000000000a03a       0x38 zephyr/kernel/libkernel.a(sched.c.obj)
                0x000000000000a03a                z_unpend_first_thread
 .text.z_reschedule_irqlock
                0x000000000000a072       0x18 zephyr/kernel/libkernel.a(sched.c.obj)
                0x000000000000a072                z_reschedule_irqlock
 .text.z_reschedule_unlocked
                0x000000000000a08a       0x14 zephyr/kernel/libkernel.a(sched.c.obj)
 .text.z_thread_abort
                0x000000000000a09e       0x42 zephyr/kernel/libkernel.a(sched.c.obj)
                0x000000000000a09e                z_thread_abort
 .text.z_abort_timeout
                0x000000000000a0e0       0x2c zephyr/kernel/libkernel.a(timeout.c.obj)
                0x000000000000a0e0                z_abort_timeout
 .text.sys_clock_tick_get_32
                0x000000000000a10c        0x8 zephyr/kernel/libkernel.a(timeout.c.obj)
                0x000000000000a10c                sys_clock_tick_get_32
 .text.z_impl_k_uptime_ticks
                0x000000000000a114        0x4 zephyr/kernel/libkernel.a(timeout.c.obj)
                0x000000000000a114                z_impl_k_uptime_ticks
 .text.k_timer_init
                0x000000000000a118       0x18 zephyr/kernel/libkernel.a(timer.c.obj)
                0x000000000000a118                k_timer_init
 .text.z_impl_k_timer_stop
                0x000000000000a130       0x3a zephyr/kernel/libkernel.a(timer.c.obj)
                0x000000000000a130                z_impl_k_timer_stop
 .text.atoi     0x000000000000a16a        0x8 c:\ncs\toolchains\cf2149caf2\opt\zephyr-sdk\arm-zephyr-eabi\bin\../lib/gcc/../../picolibc/arm-zephyr-eabi/lib/thumb/v7e-m/nofp\libc.a(libc_stdlib_atoi.c.o)
                0x000000000000a16a                atoi
 .text.strncmp  0x000000000000a172       0x24 c:\ncs\toolchains\cf2149caf2\opt\zephyr-sdk\arm-zephyr-eabi\bin\../lib/gcc/../../picolibc/arm-zephyr-eabi/lib/thumb/v7e-m/nofp\libc.a(libc_string_strncmp.c.o)
                0x000000000000a172                strncmp
 .text.strnlen  0x000000000000a196       0x18 c:\ncs\toolchains\cf2149caf2\opt\zephyr-sdk\arm-zephyr-eabi\bin\../lib/gcc/../../picolibc/arm-zephyr-eabi/lib/thumb/v7e-m/nofp\libc.a(libc_string_strnlen.c.o)
                0x000000000000a196                strnlen
 .text.__ultoa_invert
                0x000000000000a1ae       0xae c:\ncs\toolchains\cf2149caf2\opt\zephyr-sdk\arm-zephyr-eabi\bin\../lib/gcc/../../picolibc/arm-zephyr-eabi/lib/thumb/v7e-m/nofp\libc.a(libc_tinystdio_vflprintf.c.o)
 .text.memcpy   0x000000000000a25c       0x1c c:\ncs\toolchains\cf2149caf2\opt\zephyr-sdk\arm-zephyr-eabi\bin\../lib/gcc/../../picolibc/arm-zephyr-eabi/lib/thumb/v7e-m/nofp\libc.a(memcpy.c.o)
                0x000000000000a25c                __aeabi_memcpy
                0x000000000000a25c                __aeabi_memcpy4
                0x000000000000a25c                __aeabi_memcpy8
                0x000000000000a25c                memcpy
 .text.memmove  0x000000000000a278       0x34 c:\ncs\toolchains\cf2149caf2\opt\zephyr-sdk\arm-zephyr-eabi\bin\../lib/gcc/../../picolibc/arm-zephyr-eabi/lib/thumb/v7e-m/nofp\libc.a(memmove.c.o)
                0x000000000000a278                __aeabi_memmove8
                0x000000000000a278                __aeabi_memmove
                0x000000000000a278                __aeabi_memmove4
                0x000000000000a278                memmove
 .text.memset   0x000000000000a2ac       0x10 c:\ncs\toolchains\cf2149caf2\opt\zephyr-sdk\arm-zephyr-eabi\bin\../lib/gcc/../../picolibc/arm-zephyr-eabi/lib/thumb/v7e-m/nofp\libc.a(memset.c.o)
                0x000000000000a2ac                memset
 .text.__file_str_put
                0x000000000000a2bc       0x10 c:\ncs\toolchains\cf2149caf2\opt\zephyr-sdk\arm-zephyr-eabi\bin\../lib/gcc/../../picolibc/arm-zephyr-eabi/lib/thumb/v7e-m/nofp\libc.a(libc_tinystdio_filestrput.c.o)
                0x000000000000a2bc                __file_str_put
 *(SORT_BY_ALIGNMENT(.TEXT.*))
 .TEXT.__aeabi_read_tp
                0x000000000000a2cc        0xc zephyr/arch/arch/arm/core/cortex_m/libarch__arm__core__cortex_m.a(__aeabi_read_tp.S.obj)
                0x000000000000a2cc                __aeabi_read_tp
 *(SORT_BY_ALIGNMENT(.gnu.linkonce.t.*))
 *(SORT_BY_ALIGNMENT(.glue_7t))
 .glue_7t       0x000000000000a2d8        0x0 linker stubs
 *(SORT_BY_ALIGNMENT(.glue_7))
 .glue_7        0x000000000000a2d8        0x0 linker stubs
 *(SORT_BY_ALIGNMENT(.vfp11_veneer))
 .vfp11_veneer  0x000000000000a2d8        0x0 linker stubs
 *(SORT_BY_ALIGNMENT(.v4_bx))
 .v4_bx         0x000000000000a2d8        0x0 linker stubs
                0x000000000000a2d8                . = ALIGN (0x4)
                0x000000000000a2d8                __text_region_end = .

.ARM.exidx      0x000000000000a2d8        0x8
                0x000000000000a2d8                __exidx_start = .
 *(SORT_BY_ALIGNMENT(.ARM.exidx*) SORT_BY_ALIGNMENT(gnu.linkonce.armexidx.*))
 .ARM.exidx     0x000000000000a2d8        0x8 c:/ncs/toolchains/cf2149caf2/opt/zephyr-sdk/arm-zephyr-eabi/bin/../lib/gcc/arm-zephyr-eabi/12.2.0/thumb/v7e-m/nofp\libgcc.a(_udivmoddi4.o)
 .ARM.exidx     0x000000000000a2e0        0x0 c:\ncs\toolchains\cf2149caf2\opt\zephyr-sdk\arm-zephyr-eabi\bin\../lib/gcc/../../picolibc/arm-zephyr-eabi/lib/thumb/v7e-m/nofp\libc.a(strlen.S.o)
                                          0x8 (size before relaxing)
                0x000000000000a2e0                __exidx_end = .