Archive member included to satisfy reference by file (symbol)

app/libapp.a(main.c.obj)      (--whole-archive)
app/libapp.a(cmdproc.c.obj)   (--whole-archive)
app/libapp.a(rtdb.c.obj)      (--whole-archive)
app/libapp.a(uart.c.obj)      (--whole-archive)
app/libapp.a(io.c.obj)        (--whole-archive)
app/libapp.a(sensor_i2c.c.obj)
                              (--whole-archive)
app/libapp.a(pwm.c.obj)       (--whole-archive)
zephyr/libzephyr.a(cbprintf_packaged.c.obj)
                              (--whole-archive)
zephyr/libzephyr.a(dec.c.obj)
                              (--whole-archive)
zephyr/libzephyr.a(hex.c.obj)
                              (--whole-archive)
zephyr/libzephyr.a(printk.c.obj)
                              (--whole-archive)
zephyr/libzephyr.a(rb.c.obj)  (--whole-archive)
zephyr/libzephyr.a(sem.c.obj)
                              (--whole-archive)
zephyr/libzephyr.a(thread_entry.c.obj)
                              (--whole-archive)
zephyr/libzephyr.a(timeutil.c.obj)
                              (--whole-archive)
zephyr/libzephyr.a(heap.c.obj)
                              (--whole-archive)
zephyr/libzephyr.a(heap-validate.c.obj)
                              (--whole-archive)
zephyr/libzephyr.a(bitarray.c.obj)
                              (--whole-archive)
zephyr/libzephyr.a(multi_heap.c.obj)
                              (--whole-archive)
zephyr/libzephyr.a(onoff.c.obj)
                              (--whole-archive)
zephyr/libzephyr.a(notify.c.obj)
                              (--whole-archive)
zephyr/libzephyr.a(cbprintf_complete.c.obj)
                              (--whole-archive)
zephyr/libzephyr.a(ring_buffer.c.obj)
                              (--whole-archive)
zephyr/libzephyr.a(assert.c.obj)
                              (--whole-archive)
zephyr/libzephyr.a(reboot.c.obj)
                              (--whole-archive)
zephyr/libzephyr.a(configs.c.obj)
                              (--whole-archive)
zephyr/libzephyr.a(mem_attr.c.obj)
                              (--whole-archive)
zephyr/libzephyr.a(tracing_none.c.obj)
                              (--whole-archive)
zephyr/libzephyr.a(nrf_cc3xx_platform_abort_zephyr.c.obj)
                              (--whole-archive)
zephyr/libzephyr.a(nrf_cc3xx_platform_mutex_zephyr.c.obj)
                              (--whole-archive)
zephyr/arch/common/libarch__common.a(sw_isr_common.c.obj)
                              (--whole-archive)
zephyr/arch/arch/arm/core/libarch__arm__core.a(fatal.c.obj)
                              (--whole-archive)
zephyr/arch/arch/arm/core/libarch__arm__core.a(nmi.c.obj)
                              (--whole-archive)
zephyr/arch/arch/arm/core/libarch__arm__core.a(nmi_on_reset.S.obj)
                              (--whole-archive)
zephyr/arch/arch/arm/core/libarch__arm__core.a(tls.c.obj)
                              (--whole-archive)
zephyr/arch/arch/arm/core/cortex_m/libarch__arm__core__cortex_m.a(exc_exit.S.obj)
                              (--whole-archive)
zephyr/arch/arch/arm/core/cortex_m/libarch__arm__core__cortex_m.a(fault.c.obj)
                              (--whole-archive)
zephyr/arch/arch/arm/core/cortex_m/libarch__arm__core__cortex_m.a(fault_s.S.obj)
                              (--whole-archive)
zephyr/arch/arch/arm/core/cortex_m/libarch__arm__core__cortex_m.a(fpu.c.obj)
                              (--whole-archive)
zephyr/arch/arch/arm/core/cortex_m/libarch__arm__core__cortex_m.a(reset.S.obj)
                              (--whole-archive)
zephyr/arch/arch/arm/core/cortex_m/libarch__arm__core__cortex_m.a(scb.c.obj)
                              (--whole-archive)
zephyr/arch/arch/arm/core/cortex_m/libarch__arm__core__cortex_m.a(thread_abort.c.obj)
                              (--whole-archive)
zephyr/arch/arch/arm/core/cortex_m/libarch__arm__core__cortex_m.a(vector_table.S.obj)
                              (--whole-archive)
zephyr/arch/arch/arm/core/cortex_m/libarch__arm__core__cortex_m.a(swap.c.obj)
                              (--whole-archive)
zephyr/arch/arch/arm/core/cortex_m/libarch__arm__core__cortex_m.a(swap_helper.S.obj)
                              (--whole-archive)
zephyr/arch/arch/arm/core/cortex_m/libarch__arm__core__cortex_m.a(irq_manage.c.obj)
                              (--whole-archive)
zephyr/arch/arch/arm/core/cortex_m/libarch__arm__core__cortex_m.a(prep_c.c.obj)
                              (--whole-archive)
zephyr/arch/arch/arm/core/cortex_m/libarch__arm__core__cortex_m.a(thread.c.obj)
                              (--whole-archive)
zephyr/arch/arch/arm/core/cortex_m/libarch__arm__core__cortex_m.a(cpu_idle.S.obj)
                              (--whole-archive)
zephyr/arch/arch/arm/core/cortex_m/libarch__arm__core__cortex_m.a(irq_init.c.obj)
                              (--whole-archive)
zephyr/arch/arch/arm/core/cortex_m/libarch__arm__core__cortex_m.a(isr_wrapper.S.obj)
                              (--whole-archive)
[...]
Memory Configuration

Name             Origin             Length             Attributes
FLASH            0x0000000000000000 0x0000000000100000 xr
RAM              0x0000000020000000 0x0000000000040000 xw
IDT_LIST         0x00000000ffff7fff 0x0000000000008000 xw
*default*        0x0000000000000000 0xffffffffffffffff

Linker script and memory map

                0x0000000000008384                vfprintf = __l_vfprintf
                0x0000000000000000                vfscanf = __l_vfscanf
LOAD zephyr/CMakeFiles/zephyr_final.dir/misc/empty_file.c.obj
LOAD zephyr/CMakeFiles/zephyr_final.dir/isr_tables.c.obj
LOAD zephyr/CMakeFiles/offsets.dir/./arch/arm/core/offsets/offsets.c.obj
LOAD app/libapp.a
LOAD zephyr/libzephyr.a
LOAD zephyr/arch/common/libarch__common.a
LOAD zephyr/arch/arch/arm/core/libarch__arm__core.a
LOAD zephyr/arch/arch/arm/core/cortex_m/libarch__arm__core__cortex_m.a
LOAD zephyr/arch/arch/arm/core/mpu/libarch__arm__core__mpu.a
LOAD zephyr/lib/libc/picolibc/liblib__libc__picolibc.a
LOAD zephyr/lib/libc/common/liblib__libc__common.a
LOAD zephyr/soc/soc/arm/nordic_nrf/libsoc__arm__nordic_nrf.a
LOAD zephyr/subsys/random/libsubsys__random.a
LOAD zephyr/subsys/timing/libsubsys__timing.a
LOAD zephyr/drivers/clock_control/libdrivers__clock_control.a
LOAD zephyr/drivers/console/libdrivers__console.a
LOAD zephyr/drivers/entropy/libdrivers__entropy.a
LOAD zephyr/drivers/gpio/libdrivers__gpio.a
LOAD zephyr/drivers/i2c/libdrivers__i2c.a
LOAD zephyr/drivers/pinctrl/libdrivers__pinctrl.a
LOAD zephyr/drivers/pwm/libdrivers__pwm.a
LOAD zephyr/drivers/serial/libdrivers__serial.a
LOAD zephyr/drivers/timer/libdrivers__timer.a
LOAD modules/nrf/lib/fatal_error/lib..__nrf__lib__fatal_error.a
LOAD modules/nrf/drivers/hw_cc3xx/lib..__nrf__drivers__hw_cc3xx.a
LOAD modules/hal_nordic/nrfx/libmodules__hal_nordic__nrfx.a
LOAD modules/segger/libmodules__segger.a
LOAD zephyr/kernel/libkernel.a
LOAD c:/ncs/toolchains/cf2149caf2/opt/zephyr-sdk/arm-zephyr-eabi/bin/../lib/gcc/arm-zephyr-eabi/12.2.0/thumb/v7e-m/nofp\libgcc.a
LOAD zephyr/arch/common/libisr_tables.a
LOAD C:/ncs/v2.6.0/nrfxlib/crypto/nrf_cc310_platform/lib/cortex-m4/soft-float/no-interrupts/libnrf_cc310_platform_0.9.19.a
LOAD c:\ncs\toolchains\cf2149caf2\opt\zephyr-sdk\arm-zephyr-eabi\bin\../lib/gcc/../../picolibc/arm-zephyr-eabi/lib/thumb/v7e-m/nofp\libc.a
LOAD c:/ncs/toolchains/cf2149caf2/opt/zephyr-sdk/arm-zephyr-eabi/bin/../lib/gcc/arm-zephyr-eabi/12.2.0/thumb/v7e-m/nofp\libgcc.a
                0x0000000000000020                _region_min_align = 0x20

.rel.plt        0x0000000000000000        0x0
 *(SORT_BY_ALIGNMENT(.rel.plt))
                [!provide]                        PROVIDE (__rel_iplt_start = .)
 *(SORT_BY_ALIGNMENT(.rel.iplt))
 .rel.iplt      0x0000000000000000        0x0 zephyr/CMakeFiles/zephyr_final.dir/isr_tables.c.obj
                [!provide]                        PROVIDE (__rel_iplt_end = .)

.rela.plt       0x0000000000000000        0x0
 *(SORT_BY_ALIGNMENT(.rela.plt))
                [!provide]                        PROVIDE (__rela_iplt_start = .)
 *(SORT_BY_ALIGNMENT(.rela.iplt))
                [!provide]                        PROVIDE (__rela_iplt_end = .)

.rel.dyn
 *(SORT_BY_ALIGNMENT(.rel.*))

.rela.dyn
 *(SORT_BY_ALIGNMENT(.rela.*))

/DISCARD/
 *(SORT_BY_ALIGNMENT(.plt))

/DISCARD/
 *(SORT_BY_ALIGNMENT(.iplt))
                0x0000000000000000                __rom_region_start = 0x0

rom_start       0x0000000000000000      0x100
                0x0000000000000000                __rom_start_address = .
 FILL mask 0x00
                0x0000000000000000                . = (. + (0x0 - (. - __rom_start_address)))
                0x0000000000000000                . = ALIGN (0x4)
                0x0000000000000000                . = ALIGN (0x80)
                0x0000000000000000                . = ALIGN (0x100)
                0x0000000000000000                _vector_start = .
 *(SORT_BY_ALIGNMENT(.exc_vector_table))
 *(SORT_BY_ALIGNMENT(.exc_vector_table.*))
 .exc_vector_table._vector_table_section
                0x0000000000000000       0x40 zephyr/arch/arch/arm/core/cortex_m/libarch__arm__core__cortex_m.a(vector_table.S.obj)
                0x0000000000000000                _vector_table
 *(SORT_BY_ALIGNMENT(.vectors))
                0x0000000000000100                _vector_end = .
                0x0000000000000040                . = ALIGN (0x4)
 *(SORT_BY_ALIGNMENT(.gnu.linkonce.irq_vector_table*))
 .gnu.linkonce.irq_vector_table
                0x0000000000000040       0xc0 zephyr/CMakeFiles/zephyr_final.dir/isr_tables.c.obj
                0x0000000000000040                _irq_vector_table
                0x0000000000000100                _vector_end = .

text            0x0000000000000100     0x9c9c
                0x0000000000000100                __text_region_start = .
 *(SORT_BY_ALIGNMENT(.text))
 .text          0x0000000000000100       0x30 c:/ncs/toolchains/cf2149caf2/opt/zephyr-sdk/arm-zephyr-eabi/bin/../lib/gcc/arm-zephyr-eabi/12.2.0/thumb/v7e-m/nofp\libgcc.a(_aeabi_uldivmod.o)
                0x0000000000000100                __aeabi_uldivmod
 .text          0x0000000000000130        0x4 c:/ncs/toolchains/cf2149caf2/opt/zephyr-sdk/arm-zephyr-eabi/bin/../lib/gcc/arm-zephyr-eabi/12.2.0/thumb/v7e-m/nofp\libgcc.a(_dvmd_tls.o)
                0x0000000000000130                __aeabi_idiv0
                0x0000000000000130                __aeabi_ldiv0
 .text          0x0000000000000134      0x2a0 c:/ncs/toolchains/cf2149caf2/opt/zephyr-sdk/arm-zephyr-eabi/bin/../lib/gcc/arm-zephyr-eabi/12.2.0/thumb/v7e-m/nofp\libgcc.a(_udivmoddi4.o)
                0x0000000000000134                __udivmoddi4
 .text          0x00000000000003d4       0x10 c:\ncs\toolchains\cf2149caf2\opt\zephyr-sdk\arm-zephyr-eabi\bin\../lib/gcc/../../picolibc/arm-zephyr-eabi/lib/thumb/v7e-m/nofp\libc.a(strlen.S.o)
                0x00000000000003d4                strlen
 *(SORT_BY_ALIGNMENT(.text.*))
 *fill*         0x00000000000003e4        0x4 
 .text.pwm_ctrl_set_duty_cycle_percent
                0x00000000000003e8       0xbc app/libapp.a(pwm.c.obj)
                0x00000000000003e8                pwm_ctrl_set_duty_cycle_percent
 .text.control_task
                0x00000000000004a4       0xc4 app/libapp.a(main.c.obj)
                0x00000000000004a4                control_task
 .text.temperature_task
                0x0000000000000568       0x28 app/libapp.a(main.c.obj)
                0x0000000000000568                temperature_task
 .text.get_temp_buffer
                0x0000000000000590       0x28 app/libapp.a(main.c.obj)
                0x0000000000000590                get_temp_buffer
 .text.set_temp_buffer
                0x00000000000005b8       0x2c app/libapp.a(main.c.obj)
                0x00000000000005b8                set_temp_buffer
 .text.main     0x00000000000005e4       0x88 app/libapp.a(main.c.obj)
                0x00000000000005e4                main
 .text.send_response
                0x000000000000066c       0x48 app/libapp.a(cmdproc.c.obj)
 .text.cmd_process
                0x00000000000006b4       0xf0 app/libapp.a(cmdproc.c.obj)
                0x00000000000006b4                cmd_process
 .text.k_mutex_lock.constprop.0.isra.0
                0x00000000000007a4       0x10 app/libapp.a(rtdb.c.obj)
 .text.k_mutex_unlock.constprop.0.isra.0
                0x00000000000007b4        0xc app/libapp.a(rtdb.c.obj)
 .text.rtdb_set_current_temp
                0x00000000000007c0       0x20 app/libapp.a(rtdb.c.obj)
                0x00000000000007c0                rtdb_set_current_temp
 .text.rtdb_get_current_temp
                0x00000000000007e0       0x20 app/libapp.a(rtdb.c.obj)
                0x00000000000007e0                rtdb_get_current_temp
 .text.rtdb_get_set_temp
                0x0000000000000800       0x20 app/libapp.a(rtdb.c.obj)
                0x0000000000000800                rtdb_get_set_temp
 .text.rtdb_increment_set_temp
                0x0000000000000820       0x30 app/libapp.a(rtdb.c.obj)
                0x0000000000000820                rtdb_increment_set_temp
 .text.rtdb_decrement_set_temp
                0x0000000000000850       0x28 app/libapp.a(rtdb.c.obj)
                0x0000000000000850                rtdb_decrement_set_temp
 .text.rtdb_set_max_temp
                0x0000000000000878       0x20 app/libapp.a(rtdb.c.obj)
                0x0000000000000878                rtdb_set_max_temp
 .text.rtdb_get_system_state
                0x0000000000000898       0x20 app/libapp.a(rtdb.c.obj)
                0x0000000000000898                rtdb_get_system_state
 .text.rtdb_toggle_system_state
                0x00000000000008b8       0x24 app/libapp.a(rtdb.c.obj)
                0x00000000000008b8                rtdb_toggle_system_state
 .text.rtdb_set_set_temp
                0x00000000000008dc       0x20 app/libapp.a(rtdb.c.obj)
                0x00000000000008dc                rtdb_set_set_temp
 .text.uart_cb  0x00000000000008fc       0xb0 app/libapp.a(uart.c.obj)
 .text.uart_init
                0x00000000000009ac       0x64 app/libapp.a(uart.c.obj)
                0x00000000000009ac                uart_init
 .text.uart_send_string
                0x0000000000000a10       0x28 app/libapp.a(uart.c.obj)
                0x0000000000000a10                uart_send_string
 .text.button_pressed
                0x0000000000000a38      0x140 app/libapp.a(io.c.obj)
                0x0000000000000a38                button_pressed
 .text.io_set_led
                0x0000000000000b78       0x10 app/libapp.a(io.c.obj)
                0x0000000000000b78                io_set_led
 .text.io_blink_led
                0x0000000000000b88       0x24 app/libapp.a(io.c.obj)
                0x0000000000000b88                io_blink_led
 .text.io_init  0x0000000000000bac       0x90 app/libapp.a(io.c.obj)
                0x0000000000000bac                io_init
 .text.sensor_init_read
                0x0000000000000c3c       0x78 app/libapp.a(sensor_i2c.c.obj)
                0x0000000000000c3c                sensor_init_read
 .text.pwm_ctrl_init
                0x0000000000000cb4       0x28 app/libapp.a(pwm.c.obj)
                0x0000000000000cb4                pwm_ctrl_init
 .text.char_out
                0x0000000000000cdc        0xc zephyr/libzephyr.a(printk.c.obj)
 .text.__printk_hook_install
                0x0000000000000ce8        0xc zephyr/libzephyr.a(printk.c.obj)
                0x0000000000000ce8                __printk_hook_install
 .text.vprintk  0x0000000000000cf4       0x30 zephyr/libzephyr.a(printk.c.obj)
                0x0000000000000cf4                vprintk
 .text.z_thread_entry
                0x0000000000000d24       0x34 zephyr/libzephyr.a(thread_entry.c.obj)
                0x0000000000000d24                z_thread_entry
 .text.process_event
                0x0000000000000d58      0x21c zephyr/libzephyr.a(onoff.c.obj)
 .text.sys_reboot
                0x0000000000000f74       0x30 zephyr/libzephyr.a(reboot.c.obj)
                0x0000000000000f74                sys_reboot
 .text.mem_attr_get_regions
                0x0000000000000fa4        0xc zephyr/libzephyr.a(mem_attr.c.obj)
                0x0000000000000fa4                mem_attr_get_regions
 .text.nrf_cc3xx_platform_abort_init
                0x0000000000000fb0        0xc zephyr/libzephyr.a(nrf_cc3xx_platform_abort_zephyr.c.obj)
                0x0000000000000fb0                nrf_cc3xx_platform_abort_init
 .text.mutex_free_platform
                0x0000000000000fbc       0x54 zephyr/libzephyr.a(nrf_cc3xx_platform_mutex_zephyr.c.obj)
 .text.mutex_lock_platform
                0x0000000000001010       0x60 zephyr/libzephyr.a(nrf_cc3xx_platform_mutex_zephyr.c.obj)
 .text.mutex_unlock_platform
                0x0000000000001070       0x58 zephyr/libzephyr.a(nrf_cc3xx_platform_mutex_zephyr.c.obj)
 .text.mutex_init_platform
                0x00000000000010c8       0x94 zephyr/libzephyr.a(nrf_cc3xx_platform_mutex_zephyr.c.obj)
 .text.nrf_cc3xx_platform_mutex_init
                0x000000000000115c       0x2c zephyr/libzephyr.a(nrf_cc3xx_platform_mutex_zephyr.c.obj)
                0x000000000000115c                nrf_cc3xx_platform_mutex_init
 .text.z_SysNmiOnReset
                0x0000000000001188        0x8 zephyr/arch/arch/arm/core/libarch__arm__core.a(nmi_on_reset.S.obj)
                0x0000000000001188                z_SysNmiOnReset
 .text.arch_tls_stack_setup
                0x0000000000001190       0x5c zephyr/arch/arch/arm/core/libarch__arm__core.a(tls.c.obj)
                0x0000000000001190                arch_tls_stack_setup
 .text._HandlerModeExit
                0x00000000000011ec       0x1c zephyr/arch/arch/arm/core/cortex_m/libarch__arm__core__cortex_m.a(exc_exit.S.obj)
                0x00000000000011ec                z_arm_int_exit
                0x00000000000011ec                z_arm_exc_exit
 .text.mem_manage_fault
                0x0000000000001208       0xa0 zephyr/arch/arch/arm/core/cortex_m/libarch__arm__core__cortex_m.a(fault.c.obj)
 .text.usage_fault.constprop.0
                0x00000000000012a8       0x54 zephyr/arch/arch/arm/core/cortex_m/libarch__arm__core__cortex_m.a(fault.c.obj)
 .text.bus_fault.constprop.0
                0x00000000000012fc       0x6c zephyr/arch/arch/arm/core/cortex_m/libarch__arm__core__cortex_m.a(fault.c.obj)
 .text.z_arm_fault
                0x0000000000001368      0x128 zephyr/arch/arch/arm/core/cortex_m/libarch__arm__core__cortex_m.a(fault.c.obj)
                0x0000000000001368                z_arm_fault
 .text.z_arm_fault_init
                0x0000000000001490       0x10 zephyr/arch/arch/arm/core/cortex_m/libarch__arm__core__cortex_m.a(fault.c.obj)
                0x0000000000001490                z_arm_fault_init
 .text.__fault  0x00000000000014a0       0x14 zephyr/arch/arch/arm/core/cortex_m/libarch__arm__core__cortex_m.a(fault_s.S.obj)
                0x00000000000014a0                z_arm_usage_fault
                0x00000000000014a0                z_arm_mpu_fault
                0x00000000000014a0                z_arm_exc_spurious
                0x00000000000014a0                z_arm_debug_monitor
                0x00000000000014a0                z_arm_hard_fault
                0x00000000000014a0                z_arm_bus_fault
 .text._reset_section
                0x00000000000014b4       0x54 zephyr/arch/arch/arm/core/cortex_m/libarch__arm__core__cortex_m.a(reset.S.obj)
                0x00000000000014b4                __start
                0x00000000000014b4                z_arm_reset
 .text.sys_arch_reboot
                0x0000000000001508       0x24 zephyr/arch/arch/arm/core/cortex_m/libarch__arm__core__cortex_m.a(scb.c.obj)
                0x0000000000001508                sys_arch_reboot
 .text.z_arm_clear_arm_mpu_config
                0x000000000000152c       0x24 zephyr/arch/arch/arm/core/cortex_m/libarch__arm__core__cortex_m.a(scb.c.obj)
                0x000000000000152c                z_arm_clear_arm_mpu_config
 .text.z_arm_init_arch_hw_at_boot
                0x0000000000001550       0x64 zephyr/arch/arch/arm/core/cortex_m/libarch__arm__core__cortex_m.a(scb.c.obj)
                0x0000000000001550                z_arm_init_arch_hw_at_boot
 .text.z_impl_k_thread_abort
                0x00000000000015b4       0x2c zephyr/arch/arch/arm/core/cortex_m/libarch__arm__core__cortex_m.a(thread_abort.c.obj)
                0x00000000000015b4                z_impl_k_thread_abort
 .text.arch_swap
                0x00000000000015e0       0x30 zephyr/arch/arch/arm/core/cortex_m/libarch__arm__core__cortex_m.a(swap.c.obj)
                0x00000000000015e0                arch_swap
 .text.z_arm_pendsv
                0x0000000000001610       0x64 zephyr/arch/arch/arm/core/cortex_m/libarch__arm__core__cortex_m.a(swap_helper.S.obj)
                0x0000000000001610                z_arm_pendsv
 .text.z_arm_svc
                0x0000000000001674       0x20 zephyr/arch/arch/arm/core/cortex_m/libarch__arm__core__cortex_m.a(swap_helper.S.obj)
                0x0000000000001674                z_arm_svc
 .text.arch_irq_enable
                0x0000000000001694       0x1c zephyr/arch/arch/arm/core/cortex_m/libarch__arm__core__cortex_m.a(irq_manage.c.obj)
                0x0000000000001694                arch_irq_enable
 .text.arch_irq_disable
                0x00000000000016b0       0x28 zephyr/arch/arch/arm/core/cortex_m/libarch__arm__core__cortex_m.a(irq_manage.c.obj)
                0x00000000000016b0                arch_irq_disable
 .text.arch_irq_is_enabled
                0x00000000000016d8       0x1c zephyr/arch/arch/arm/core/cortex_m/libarch__arm__core__cortex_m.a(irq_manage.c.obj)
                0x00000000000016d8                arch_irq_is_enabled
 .text.z_arm_irq_priority_set
                0x00000000000016f4       0x30 zephyr/arch/arch/arm/core/cortex_m/libarch__arm__core__cortex_m.a(irq_manage.c.obj)
                0x00000000000016f4                z_arm_irq_priority_set
 .text.z_arm_prep_c
                0x0000000000001724       0x38 zephyr/arch/arch/arm/core/cortex_m/libarch__arm__core__cortex_m.a(prep_c.c.obj)
                0x0000000000001724                z_arm_prep_c
 .text.arch_new_thread
                0x000000000000175c       0x38 zephyr/arch/arch/arm/core/cortex_m/libarch__arm__core__cortex_m.a(thread.c.obj)
                0x000000000000175c                arch_new_thread
 .text.z_check_thread_stack_fail
                0x0000000000001794       0x2c zephyr/arch/arch/arm/core/cortex_m/libarch__arm__core__cortex_m.a(thread.c.obj)
                0x0000000000001794                z_check_thread_stack_fail
 .text.arch_switch_to_main_thread
                0x00000000000017c0       0x38 zephyr/arch/arch/arm/core/cortex_m/libarch__arm__core__cortex_m.a(thread.c.obj)
                0x00000000000017c0                arch_switch_to_main_thread
 .text.z_arm_cpu_idle_init
                0x00000000000017f8        0xc zephyr/arch/arch/arm/core/cortex_m/libarch__arm__core__cortex_m.a(cpu_idle.S.obj)
                0x00000000000017f8                z_arm_cpu_idle_init
 .text.arch_cpu_idle
                0x0000000000001804       0x1c zephyr/arch/arch/arm/core/cortex_m/libarch__arm__core__cortex_m.a(cpu_idle.S.obj)
                0x0000000000001804                arch_cpu_idle
 .text.arch_cpu_atomic_idle
                0x0000000000001820       0x18 zephyr/arch/arch/arm/core/cortex_m/libarch__arm__core__cortex_m.a(cpu_idle.S.obj)
                0x0000000000001820                arch_cpu_atomic_idle
 .text.z_arm_interrupt_init
                0x0000000000001838       0x18 zephyr/arch/arch/arm/core/cortex_m/libarch__arm__core__cortex_m.a(irq_init.c.obj)
                0x0000000000001838                z_arm_interrupt_init
 .text._isr_wrapper
                0x0000000000001850       0x28 zephyr/arch/arch/arm/core/cortex_m/libarch__arm__core__cortex_m.a(isr_wrapper.S.obj)
                0x0000000000001850                _isr_wrapper
 .text.z_arm_configure_static_mpu_regions
                0x0000000000001878       0x18 zephyr/arch/arch/arm/core/mpu/libarch__arm__core__mpu.a(arm_core_mpu.c.obj)
                0x0000000000001878                z_arm_configure_static_mpu_regions
 .text.z_arm_configure_dynamic_mpu_regions
                0x0000000000001890       0x20 zephyr/arch/arch/arm/core/mpu/libarch__arm__core__mpu.a(arm_core_mpu.c.obj)
                0x0000000000001890                z_arm_configure_dynamic_mpu_regions
 .text.region_init
                0x00000000000018b0       0x28 zephyr/arch/arch/arm/core/mpu/libarch__arm__core__mpu.a(arm_mpu.c.obj)
 .text.arm_core_mpu_enable
                0x00000000000018d8       0x18 zephyr/arch/arch/arm/core/mpu/libarch__arm__core__mpu.a(arm_mpu.c.obj)
                0x00000000000018d8                arm_core_mpu_enable
 .text.arm_core_mpu_disable
                0x00000000000018f0       0x14 zephyr/arch/arch/arm/core/mpu/libarch__arm__core__mpu.a(arm_mpu.c.obj)
                0x00000000000018f0                arm_core_mpu_disable
 .text.arm_core_mpu_configure_static_mpu_regions
                0x0000000000001904       0x14 zephyr/arch/arch/arm/core/mpu/libarch__arm__core__mpu.a(arm_mpu.c.obj)
                0x0000000000001904                arm_core_mpu_configure_static_mpu_regions
 .text.arm_core_mpu_configure_dynamic_mpu_regions
                0x0000000000001918       0x30 zephyr/arch/arch/arm/core/mpu/libarch__arm__core__mpu.a(arm_mpu.c.obj)
                0x0000000000001918                arm_core_mpu_configure_dynamic_mpu_regions
 .text.z_arm_mpu_init
                0x0000000000001948      0x124 zephyr/arch/arch/arm/core/mpu/libarch__arm__core__mpu.a(arm_mpu.c.obj)
                0x0000000000001948                z_arm_mpu_init
 .text.z_impl_zephyr_fputc
                0x0000000000001a6c       0x10 zephyr/lib/libc/picolibc/liblib__libc__picolibc.a(libc-hooks.c.obj)
                0x0000000000001a6c                z_impl_zephyr_fputc
 .text.__stdout_hook_install
                0x0000000000001a7c       0x18 zephyr/lib/libc/picolibc/liblib__libc__picolibc.a(libc-hooks.c.obj)
                0x0000000000001a7c                __stdout_hook_install
 .text.malloc_prepare
                0x0000000000001a94       0x24 zephyr/lib/libc/common/liblib__libc__common.a(malloc.c.obj)
 .text.nordicsemi_nrf52_init
                0x0000000000001ab8       0x44 zephyr/soc/soc/arm/nordic_nrf/libsoc__arm__nordic_nrf.a(soc.c.obj)
 .text.arch_busy_wait
                0x0000000000001afc       0x14 zephyr/soc/soc/arm/nordic_nrf/libsoc__arm__nordic_nrf.a(soc.c.obj)
                0x0000000000001afc                arch_busy_wait
 .text.z_arm_platform_init
                0x0000000000001b10        0x4 zephyr/soc/soc/arm/nordic_nrf/libsoc__arm__nordic_nrf.a(soc_nrf_common.S.obj)
                0x0000000000001b10                z_arm_platform_init
 .text.onoff_stop
                0x0000000000001b14       0x30 zephyr/drivers/clock_control/libdrivers__clock_control.a(clock_control_nrf.c.obj)
 .text.onoff_start
                0x0000000000001b44       0x44 zephyr/drivers/clock_control/libdrivers__clock_control.a(clock_control_nrf.c.obj)
 .text.clk_init
                0x0000000000001b88       0x58 zephyr/drivers/clock_control/libdrivers__clock_control.a(clock_control_nrf.c.obj)
 .text.clkstarted_handle.constprop.0
                0x0000000000001be0       0x34 zephyr/drivers/clock_control/libdrivers__clock_control.a(clock_control_nrf.c.obj)
 .text.clock_event_handler
                0x0000000000001c14       0x1c zephyr/drivers/clock_control/libdrivers__clock_control.a(clock_control_nrf.c.obj)
 .text.generic_hfclk_start
                0x0000000000001c30       0x64 zephyr/drivers/clock_control/libdrivers__clock_control.a(clock_control_nrf.c.obj)
 .text.api_blocking_start
                0x0000000000001c94       0x34 zephyr/drivers/clock_control/libdrivers__clock_control.a(clock_control_nrf.c.obj)
 .text.generic_hfclk_stop
                0x0000000000001cc8       0x34 zephyr/drivers/clock_control/libdrivers__clock_control.a(clock_control_nrf.c.obj)
 .text.z_nrf_clock_control_lf_on
                0x0000000000001cfc       0xfc zephyr/drivers/clock_control/libdrivers__clock_control.a(clock_control_nrf.c.obj)
                0x0000000000001cfc                z_nrf_clock_control_lf_on
 .text.uart_console_init
                0x0000000000001df8       0x28 zephyr/drivers/console/libdrivers__console.a(uart_console.c.obj)
 .text.console_out
                0x0000000000001e20       0x28 zephyr/drivers/console/libdrivers__console.a(uart_console.c.obj)
 .text.random_byte_get
                0x0000000000001e48       0x3c zephyr/drivers/entropy/libdrivers__entropy.a(entropy_nrf5.c.obj)
 .text.rng_pool_get
                0x0000000000001e84       0x8c zephyr/drivers/entropy/libdrivers__entropy.a(entropy_nrf5.c.obj)
 .text.entropy_nrf5_get_entropy_isr
                0x0000000000001f10       0xac zephyr/drivers/entropy/libdrivers__entropy.a(entropy_nrf5.c.obj)
 .text.entropy_nrf5_get_entropy
                0x0000000000001fbc       0x58 zephyr/drivers/entropy/libdrivers__entropy.a(entropy_nrf5.c.obj)
 .text.entropy_nrf5_init
                0x0000000000002014       0x6c zephyr/drivers/entropy/libdrivers__entropy.a(entropy_nrf5.c.obj)
 .text.isr      0x0000000000002080       0x74 zephyr/drivers/entropy/libdrivers__entropy.a(entropy_nrf5.c.obj)
 .text.gpio_nrfx_pin_interrupt_configure
                0x00000000000020f4      0x100 zephyr/drivers/gpio/libdrivers__gpio.a(gpio_nrfx.c.obj)
 .text.gpio_nrfx_init
                0x00000000000021f4       0x48 zephyr/drivers/gpio/libdrivers__gpio.a(gpio_nrfx.c.obj)
 .text.nrfx_gpio_handler
                0x000000000000223c       0x4c zephyr/drivers/gpio/libdrivers__gpio.a(gpio_nrfx.c.obj)
 .text.gpio_nrfx_pin_configure
                0x0000000000002288      0x18c zephyr/drivers/gpio/libdrivers__gpio.a(gpio_nrfx.c.obj)
 .text.i2c_nrfx_twi_recover_bus
                0x0000000000002414       0x24 zephyr/drivers/i2c/libdrivers__i2c.a(i2c_nrfx_twi.c.obj)
 .text.twi_0_init
                0x0000000000002438       0x58 zephyr/drivers/i2c/libdrivers__i2c.a(i2c_nrfx_twi.c.obj)
 .text.event_handler
                0x0000000000002490       0x34 zephyr/drivers/i2c/libdrivers__i2c.a(i2c_nrfx_twi.c.obj)
 .text.i2c_nrfx_twi_transfer
                0x00000000000024c4      0x100 zephyr/drivers/i2c/libdrivers__i2c.a(i2c_nrfx_twi.c.obj)
 .text.nrf_gpio_pin_port_decode
                0x00000000000025c4       0x20 zephyr/drivers/pinctrl/libdrivers__pinctrl.a(pinctrl_nrf.c.obj)
 .text.pinctrl_configure_pins
                0x00000000000025e4      0x1a8 zephyr/drivers/pinctrl/libdrivers__pinctrl.a(pinctrl_nrf.c.obj)
                0x00000000000025e4                pinctrl_configure_pins
 .text.nrf_gpio_pin_port_decode
                0x000000000000278c       0x20 zephyr/drivers/pwm/libdrivers__pwm.a(pwm_nrfx.c.obj)
 .text.pwm_nrfx_get_cycles_per_sec
                0x00000000000027ac       0x10 zephyr/drivers/pwm/libdrivers__pwm.a(pwm_nrfx.c.obj)
 .text.pwm_nrfx_init
                0x00000000000027bc       0xa0 zephyr/drivers/pwm/libdrivers__pwm.a(pwm_nrfx.c.obj)
 .text.uarte_nrfx_tx
                0x000000000000285c       0xb4 zephyr/drivers/serial/libdrivers__serial.a(uart_nrfx_uarte.c.obj)
 .text.uarte_0_init
                0x0000000000002910      0x2f4 zephyr/drivers/serial/libdrivers__serial.a(uart_nrfx_uarte.c.obj)
 .text.uarte_nrfx_poll_out
                0x0000000000002c04       0xc0 zephyr/drivers/serial/libdrivers__serial.a(uart_nrfx_uarte.c.obj)
 .text.uarte_nrfx_isr_async
                0x0000000000002cc4      0x370 zephyr/drivers/serial/libdrivers__serial.a(uart_nrfx_uarte.c.obj)
 .text.compare_int_lock
                0x0000000000003034       0x48 zephyr/drivers/timer/libdrivers__timer.a(nrf_rtc_timer.c.obj)
 .text.sys_clock_timeout_handler
                0x000000000000307c       0x48 zephyr/drivers/timer/libdrivers__timer.a(nrf_rtc_timer.c.obj)
 .text.compare_int_unlock
                0x00000000000030c4       0x5c zephyr/drivers/timer/libdrivers__timer.a(nrf_rtc_timer.c.obj)
 .text.z_nrf_rtc_timer_read
                0x0000000000003120       0x44 zephyr/drivers/timer/libdrivers__timer.a(nrf_rtc_timer.c.obj)
                0x0000000000003120                z_nrf_rtc_timer_read
 .text.compare_set
                0x0000000000003164      0x130 zephyr/drivers/timer/libdrivers__timer.a(nrf_rtc_timer.c.obj)
 .text.sys_clock_driver_init
                0x0000000000003294       0x90 zephyr/drivers/timer/libdrivers__timer.a(nrf_rtc_timer.c.obj)
 .text.rtc_nrf_isr
                0x0000000000003324       0xd4 zephyr/drivers/timer/libdrivers__timer.a(nrf_rtc_timer.c.obj)
                0x0000000000003324                rtc_nrf_isr
 .text.sys_clock_set_timeout
                0x00000000000033f8       0x5c zephyr/drivers/timer/libdrivers__timer.a(nrf_rtc_timer.c.obj)
                0x00000000000033f8                sys_clock_set_timeout
 .text.sys_clock_elapsed
                0x0000000000003454       0x14 zephyr/drivers/timer/libdrivers__timer.a(nrf_rtc_timer.c.obj)
                0x0000000000003454                sys_clock_elapsed
 .text.sys_clock_disable
                0x0000000000003468       0x30 zephyr/drivers/timer/libdrivers__timer.a(nrf_rtc_timer.c.obj)
                0x0000000000003468                sys_clock_disable
 .text.nrf52_errata_98
                0x0000000000003498       0x24 modules/hal_nordic/nrfx/libmodules__hal_nordic__nrfx.a(system_nrf52840.c.obj)
 .text.nvmc_wait
                0x00000000000034bc       0x10 modules/hal_nordic/nrfx/libmodules__hal_nordic__nrfx.a(system_nrf52840.c.obj)
                0x00000000000034bc                nvmc_wait
 .text.SystemInit
                0x00000000000034cc      0x1bc modules/hal_nordic/nrfx/libmodules__hal_nordic__nrfx.a(system_nrf52840.c.obj)
                0x00000000000034cc                SystemInit
 .text.nrfx_flag32_alloc
                0x0000000000003688       0x48 modules/hal_nordic/nrfx/libmodules__hal_nordic__nrfx.a(nrfx_flag32_allocator.c.obj)
                0x0000000000003688                nrfx_flag32_alloc
 .text.nrfx_flag32_free
                0x00000000000036d0       0x40 modules/hal_nordic/nrfx/libmodules__hal_nordic__nrfx.a(nrfx_flag32_allocator.c.obj)
                0x00000000000036d0                nrfx_flag32_free
 .text.nrfx_gppi_channels_enable
                0x0000000000003710        0xc modules/hal_nordic/nrfx/libmodules__hal_nordic__nrfx.a(nrfx_gppi_ppi.c.obj)
                0x0000000000003710                nrfx_gppi_channels_enable
 .text.clock_stop
                0x000000000000371c       0xc4 modules/hal_nordic/nrfx/libmodules__hal_nordic__nrfx.a(nrfx_clock.c.obj)
 .text.nrfx_clock_init
                0x00000000000037e0       0x20 modules/hal_nordic/nrfx/libmodules__hal_nordic__nrfx.a(nrfx_clock.c.obj)
                0x00000000000037e0                nrfx_clock_init
 .text.nrfx_clock_enable
                0x0000000000003800       0x24 modules/hal_nordic/nrfx/libmodules__hal_nordic__nrfx.a(nrfx_clock.c.obj)
                0x0000000000003800                nrfx_clock_enable
 .text.nrfx_clock_start
                0x0000000000003824       0xa8 modules/hal_nordic/nrfx/libmodules__hal_nordic__nrfx.a(nrfx_clock.c.obj)
                0x0000000000003824                nrfx_clock_start
 .text.nrfx_power_clock_irq_handler
                0x00000000000038cc       0x68 modules/hal_nordic/nrfx/libmodules__hal_nordic__nrfx.a(nrfx_clock.c.obj)
                0x00000000000038cc                nrfx_power_clock_irq_handler
 .text.nrf_gpio_pin_port_decode
                0x0000000000003934       0x20 modules/hal_nordic/nrfx/libmodules__hal_nordic__nrfx.a(nrfx_gpiote.c.obj)
 .text.get_pin_idx
                0x0000000000003954       0x14 modules/hal_nordic/nrfx/libmodules__hal_nordic__nrfx.a(nrfx_gpiote.c.obj)
 .text.call_handler.constprop.0
                0x0000000000003968       0x40 modules/hal_nordic/nrfx/libmodules__hal_nordic__nrfx.a(nrfx_gpiote.c.obj)
 .text.pin_te_get.constprop.0
                0x00000000000039a8       0x18 modules/hal_nordic/nrfx/libmodules__hal_nordic__nrfx.a(nrfx_gpiote.c.obj)
 .text.pin_is_output.constprop.0
                0x00000000000039c0       0x18 modules/hal_nordic/nrfx/libmodules__hal_nordic__nrfx.a(nrfx_gpiote.c.obj)
 .text.pin_in_use_by_te.constprop.0
                0x00000000000039d8       0x18 modules/hal_nordic/nrfx/libmodules__hal_nordic__nrfx.a(nrfx_gpiote.c.obj)
 .text.latch_pending_read_and_check
                0x00000000000039f0       0x40 modules/hal_nordic/nrfx/libmodules__hal_nordic__nrfx.a(nrfx_gpiote.c.obj)
 .text.release_handler.isra.0
                0x0000000000003a30       0x58 modules/hal_nordic/nrfx/libmodules__hal_nordic__nrfx.a(nrfx_gpiote.c.obj)
 .text.__nrfy_internal_gpiote_events_process.constprop.0
                0x0000000000003a88       0x5c modules/hal_nordic/nrfx/libmodules__hal_nordic__nrfx.a(nrfx_gpiote.c.obj)
 .text.pin_uninit
                0x0000000000003ae4       0x80 modules/hal_nordic/nrfx/libmodules__hal_nordic__nrfx.a(nrfx_gpiote.c.obj)
 .text.nrfx_gpiote_input_configure
                0x0000000000003b64      0x174 modules/hal_nordic/nrfx/libmodules__hal_nordic__nrfx.a(nrfx_gpiote.c.obj)
                0x0000000000003b64                nrfx_gpiote_input_configure
 .text.nrfx_gpiote_output_configure
                0x0000000000003cd8       0xfc modules/hal_nordic/nrfx/libmodules__hal_nordic__nrfx.a(nrfx_gpiote.c.obj)
                0x0000000000003cd8                nrfx_gpiote_output_configure
 .text.nrfx_gpiote_global_callback_set
                0x0000000000003dd4        0xc modules/hal_nordic/nrfx/libmodules__hal_nordic__nrfx.a(nrfx_gpiote.c.obj)
                0x0000000000003dd4                nrfx_gpiote_global_callback_set
 .text.nrfx_gpiote_channel_get
                0x0000000000003de0       0x34 modules/hal_nordic/nrfx/libmodules__hal_nordic__nrfx.a(nrfx_gpiote.c.obj)
                0x0000000000003de0                nrfx_gpiote_channel_get
 .text.nrfx_gpiote_init
                0x0000000000003e14       0x70 modules/hal_nordic/nrfx/libmodules__hal_nordic__nrfx.a(nrfx_gpiote.c.obj)
                0x0000000000003e14                nrfx_gpiote_init
 .text.nrfx_gpiote_init_check
                0x0000000000003e84       0x14 modules/hal_nordic/nrfx/libmodules__hal_nordic__nrfx.a(nrfx_gpiote.c.obj)
                0x0000000000003e84                nrfx_gpiote_init_check
 .text.nrfx_gpiote_channel_free
                0x0000000000003e98        0xc modules/hal_nordic/nrfx/libmodules__hal_nordic__nrfx.a(nrfx_gpiote.c.obj)
                0x0000000000003e98                nrfx_gpiote_channel_free
 .text.nrfx_gpiote_channel_alloc
                0x0000000000003ea4        0xc modules/hal_nordic/nrfx/libmodules__hal_nordic__nrfx.a(nrfx_gpiote.c.obj)
                0x0000000000003ea4                nrfx_gpiote_channel_alloc
 .text.nrfx_gpiote_trigger_enable
                0x0000000000003eb0       0x9c modules/hal_nordic/nrfx/libmodules__hal_nordic__nrfx.a(nrfx_gpiote.c.obj)
                0x0000000000003eb0                nrfx_gpiote_trigger_enable
 .text.nrfx_gpiote_0_irq_handler
                0x0000000000003f4c      0x1bc modules/hal_nordic/nrfx/libmodules__hal_nordic__nrfx.a(nrfx_gpiote.c.obj)
                0x0000000000003f4c                nrfx_gpiote_0_irq_handler
 .text.nrfx_ppi_channel_alloc
                0x0000000000004108        0xc modules/hal_nordic/nrfx/libmodules__hal_nordic__nrfx.a(nrfx_ppi.c.obj)
                0x0000000000004108                nrfx_ppi_channel_alloc
 .text.nrf_gpio_pin_port_decode
                0x0000000000004114       0x20 modules/hal_nordic/nrfx/libmodules__hal_nordic__nrfx.a(nrfx_pwm.c.obj)
 .text.pwm_stopped_check
                0x0000000000004134       0x34 modules/hal_nordic/nrfx/libmodules__hal_nordic__nrfx.a(nrfx_pwm.c.obj)
 .text.pwm_configure
                0x0000000000004168       0xe8 modules/hal_nordic/nrfx/libmodules__hal_nordic__nrfx.a(nrfx_pwm.c.obj)
 .text.nrfx_pwm_init
                0x0000000000004250       0x4c modules/hal_nordic/nrfx/libmodules__hal_nordic__nrfx.a(nrfx_pwm.c.obj)
                0x0000000000004250                nrfx_pwm_init
 .text.nrfx_pwm_simple_playback
                0x000000000000429c       0x7c modules/hal_nordic/nrfx/libmodules__hal_nordic__nrfx.a(nrfx_pwm.c.obj)
                0x000000000000429c                nrfx_pwm_simple_playback
 .text.nrfx_pwm_stop
                0x0000000000004318       0x44 modules/hal_nordic/nrfx/libmodules__hal_nordic__nrfx.a(nrfx_pwm.c.obj)
                0x0000000000004318                nrfx_pwm_stop
 .text.nrf_gpio_cfg.constprop.0
                0x000000000000435c       0x48 modules/hal_nordic/nrfx/libmodules__hal_nordic__nrfx.a(nrfx_twi.c.obj)
 .text.twi_configure
                0x00000000000043a4       0x3c modules/hal_nordic/nrfx/libmodules__hal_nordic__nrfx.a(nrfx_twi.c.obj)
 .text.twi_tx_start_transfer
                0x00000000000043e0      0x104 modules/hal_nordic/nrfx/libmodules__hal_nordic__nrfx.a(nrfx_twi.c.obj)
 .text.twi_rx_start_transfer
                0x00000000000044e4       0xe4 modules/hal_nordic/nrfx/libmodules__hal_nordic__nrfx.a(nrfx_twi.c.obj)
 .text.nrfx_twi_init
                0x00000000000045c8       0x88 modules/hal_nordic/nrfx/libmodules__hal_nordic__nrfx.a(nrfx_twi.c.obj)
                0x00000000000045c8                nrfx_twi_init
 .text.nrfx_twi_enable
                0x0000000000004650       0x20 modules/hal_nordic/nrfx/libmodules__hal_nordic__nrfx.a(nrfx_twi.c.obj)
                0x0000000000004650                nrfx_twi_enable
 .text.nrfx_twi_disable
                0x0000000000004670       0x38 modules/hal_nordic/nrfx/libmodules__hal_nordic__nrfx.a(nrfx_twi.c.obj)
                0x0000000000004670                nrfx_twi_disable
 .text.nrfx_twi_xfer
                0x00000000000046a8       0xdc modules/hal_nordic/nrfx/libmodules__hal_nordic__nrfx.a(nrfx_twi.c.obj)
                0x00000000000046a8                nrfx_twi_xfer
 .text.nrfx_twi_0_irq_handler
                0x0000000000004784       0xd8 modules/hal_nordic/nrfx/libmodules__hal_nordic__nrfx.a(nrfx_twi.c.obj)
                0x0000000000004784                nrfx_twi_0_irq_handler
 .text.nrf_gpio_pin_port_decode
                0x000000000000485c       0x20 modules/hal_nordic/nrfx/libmodules__hal_nordic__nrfx.a(nrfx_twi_twim.c.obj)
 .text.nrfx_twi_twim_bus_recover
                0x000000000000487c       0xdc modules/hal_nordic/nrfx/libmodules__hal_nordic__nrfx.a(nrfx_twi_twim.c.obj)
                0x000000000000487c                nrfx_twi_twim_bus_recover
 .text._DoInit  0x0000000000004958       0x68 modules/segger/libmodules__segger.a(SEGGER_RTT.c.obj)
 .text.z_fatal_error
                0x00000000000049c0       0x30 zephyr/kernel/libkernel.a(fatal.c.obj)
                0x00000000000049c0                z_fatal_error
 .text.z_sys_init_run_level
                0x00000000000049f0       0x48 zephyr/kernel/libkernel.a(init.c.obj)
 .text.bg_thread_main
                0x0000000000004a38       0x34 zephyr/kernel/libkernel.a(init.c.obj)
 .text.z_bss_zero
                0x0000000000004a6c       0x18 zephyr/kernel/libkernel.a(init.c.obj)
                0x0000000000004a6c                z_bss_zero
 .text.z_init_cpu
                0x0000000000004a84       0x8c zephyr/kernel/libkernel.a(init.c.obj)
                0x0000000000004a84                z_init_cpu
 .text.z_cstart
                0x0000000000004b10       0xdc zephyr/kernel/libkernel.a(init.c.obj)
                0x0000000000004b10                z_cstart
 .text.init_mem_slab_obj_core_list
                0x0000000000004bec       0x24 zephyr/kernel/libkernel.a(mem_slab.c.obj)
 .text.k_mem_slab_alloc
                0x0000000000004c10       0x5c zephyr/kernel/libkernel.a(mem_slab.c.obj)
                0x0000000000004c10                k_mem_slab_alloc
 .text.z_setup_new_thread
                0x0000000000004c6c       0x80 zephyr/kernel/libkernel.a(thread.c.obj)
                0x0000000000004c6c                z_setup_new_thread
 .text.z_init_static_threads
                0x0000000000004cec       0x98 zephyr/kernel/libkernel.a(thread.c.obj)
                0x0000000000004cec                z_init_static_threads
 .text.z_impl_k_mutex_unlock
                0x0000000000004d84       0x78 zephyr/kernel/libkernel.a(mutex.c.obj)
                0x0000000000004d84                z_impl_k_mutex_unlock
 .text.z_impl_k_mutex_lock
                0x0000000000004dfc       0xf4 zephyr/kernel/libkernel.a(mutex.c.obj)
                0x0000000000004dfc                z_impl_k_mutex_lock
 .text.z_impl_k_sem_give
                0x0000000000004ef0       0x48 zephyr/kernel/libkernel.a(sem.c.obj)
                0x0000000000004ef0                z_impl_k_sem_give
 .text.z_impl_k_sem_take
                0x0000000000004f38       0x50 zephyr/kernel/libkernel.a(sem.c.obj)
                0x0000000000004f38                z_impl_k_sem_take
 .text.sliceable
                0x0000000000004f88       0x3c zephyr/kernel/libkernel.a(sched.c.obj)
 .text.slice_timeout
                0x0000000000004fc4       0x20 zephyr/kernel/libkernel.a(sched.c.obj)
 .text.z_reset_time_slice
                0x0000000000004fe4       0x50 zephyr/kernel/libkernel.a(sched.c.obj)
                0x0000000000004fe4                z_reset_time_slice
 .text.update_cache
                0x0000000000005034       0x3c zephyr/kernel/libkernel.a(sched.c.obj)
 .text.move_thread_to_end_of_prio_q
                0x0000000000005070       0x74 zephyr/kernel/libkernel.a(sched.c.obj)
 .text.ready_thread
                0x00000000000050e4       0x68 zephyr/kernel/libkernel.a(sched.c.obj)
 .text.unready_thread
                0x000000000000514c       0x30 zephyr/kernel/libkernel.a(sched.c.obj)
 .text.pend_locked
                0x000000000000517c       0x30 zephyr/kernel/libkernel.a(sched.c.obj)
 .text.z_thread_halt
                0x00000000000051ac       0xa0 zephyr/kernel/libkernel.a(sched.c.obj)
 .text.z_time_slice
                0x000000000000524c       0x60 zephyr/kernel/libkernel.a(sched.c.obj)
                0x000000000000524c                z_time_slice
 .text.z_pend_curr
                0x00000000000052ac       0x3c zephyr/kernel/libkernel.a(sched.c.obj)
                0x00000000000052ac                z_pend_curr
 .text.z_set_prio
                0x00000000000052e8       0x8c zephyr/kernel/libkernel.a(sched.c.obj)
                0x00000000000052e8                z_set_prio
 .text.z_reschedule
                0x0000000000005374       0x24 zephyr/kernel/libkernel.a(sched.c.obj)
                0x0000000000005374                z_reschedule
 .text.z_sched_start
                0x0000000000005398       0x3c zephyr/kernel/libkernel.a(sched.c.obj)
                0x0000000000005398                z_sched_start
 .text.k_sched_lock
                0x00000000000053d4       0x28 zephyr/kernel/libkernel.a(sched.c.obj)
                0x00000000000053d4                k_sched_lock
 .text.k_sched_unlock
                0x00000000000053fc       0x38 zephyr/kernel/libkernel.a(sched.c.obj)
                0x00000000000053fc                k_sched_unlock
 .text.z_sched_init
                0x0000000000005434       0x10 zephyr/kernel/libkernel.a(sched.c.obj)
                0x0000000000005434                z_sched_init
 .text.z_impl_k_yield
                0x0000000000005444       0x7c zephyr/kernel/libkernel.a(sched.c.obj)
                0x0000000000005444                z_impl_k_yield
 .text.z_tick_sleep
                0x00000000000054c0       0x88 zephyr/kernel/libkernel.a(sched.c.obj)
 .text.z_impl_k_sleep
                0x0000000000005548       0x34 zephyr/kernel/libkernel.a(sched.c.obj)
                0x0000000000005548                z_impl_k_sleep
 .text.z_impl_k_sched_current_thread_query
                0x000000000000557c        0xc zephyr/kernel/libkernel.a(sched.c.obj)
                0x000000000000557c                z_impl_k_sched_current_thread_query
 .text.z_data_copy
                0x0000000000005588       0x34 zephyr/kernel/libkernel.a(xip.c.obj)
                0x0000000000005588                z_data_copy
 .text.elapsed  0x00000000000055bc       0x14 zephyr/kernel/libkernel.a(timeout.c.obj)
 .text.next_timeout
                0x00000000000055d0       0x40 zephyr/kernel/libkernel.a(timeout.c.obj)
 .text.remove_timeout
                0x0000000000005610       0x38 zephyr/kernel/libkernel.a(timeout.c.obj)
 .text.z_add_timeout
                0x0000000000005648       0xec zephyr/kernel/libkernel.a(timeout.c.obj)
                0x0000000000005648                z_add_timeout
 .text.sys_clock_announce
                0x0000000000005734       0xd4 zephyr/kernel/libkernel.a(timeout.c.obj)
                0x0000000000005734                sys_clock_announce
 .text.sys_clock_tick_get
                0x0000000000005808       0x34 zephyr/kernel/libkernel.a(timeout.c.obj)
                0x0000000000005808                sys_clock_tick_get
 .text.z_timer_expiration_handler
                0x000000000000583c       0xe4 zephyr/kernel/libkernel.a(timer.c.obj)
                0x000000000000583c                z_timer_expiration_handler
 .text.z_impl_k_timer_start
                0x0000000000005920       0x74 zephyr/kernel/libkernel.a(timer.c.obj)
                0x0000000000005920                z_impl_k_timer_start
 .text.boot_banner
                0x0000000000005994        0xc zephyr/kernel/libkernel.a(banner.c.obj)
                0x0000000000005994                boot_banner
 .text.nrf_cc3xx_platform_init
                0x00000000000059a0       0x44 C:/ncs/v2.6.0/nrfxlib/crypto/nrf_cc310_platform/lib/cortex-m4/soft-float/no-interrupts/libnrf_cc310_platform_0.9.19.a(nrf_cc3xx_platform.c.obj)
                0x00000000000059a0                nrf_cc3xx_platform_init
 .text.nrf_cc3xx_platform_abort
                0x00000000000059e4       0x24 C:/ncs/v2.6.0/nrfxlib/crypto/nrf_cc310_platform/lib/cortex-m4/soft-float/no-interrupts/libnrf_cc310_platform_0.9.19.a(nrf_cc3xx_platform_abort.c.obj)
 .text.CC_PalAbort
                0x0000000000005a08       0x34 C:/ncs/v2.6.0/nrfxlib/crypto/nrf_cc310_platform/lib/cortex-m4/soft-float/no-interrupts/libnrf_cc310_platform_0.9.19.a(nrf_cc3xx_platform_abort.c.obj)
                0x0000000000005a08                CC_PalAbort
 .text.nrf_cc3xx_platform_set_abort
                0x0000000000005a3c       0x10 C:/ncs/v2.6.0/nrfxlib/crypto/nrf_cc310_platform/lib/cortex-m4/soft-float/no-interrupts/libnrf_cc310_platform_0.9.19.a(nrf_cc3xx_platform_abort.c.obj)
                0x0000000000005a3c                nrf_cc3xx_platform_set_abort
 .text.nrf_cc3xx_platform_ctr_drbg_init
                0x0000000000005a4c       0x60 C:/ncs/v2.6.0/nrfxlib/crypto/nrf_cc310_platform/lib/cortex-m4/soft-float/no-interrupts/libnrf_cc310_platform_0.9.19.a(nrf_cc3xx_platform_ctr_drbg.c.obj)
                0x0000000000005a4c                nrf_cc3xx_platform_ctr_drbg_init
 .text.nrf_cc3xx_platform_ctr_drbg_get
                0x0000000000005aac       0x44 C:/ncs/v2.6.0/nrfxlib/crypto/nrf_cc310_platform/lib/cortex-m4/soft-float/no-interrupts/libnrf_cc310_platform_0.9.19.a(nrf_cc3xx_platform_ctr_drbg.c.obj)
                0x0000000000005aac                nrf_cc3xx_platform_ctr_drbg_get
 .text.mutex_free
                0x0000000000005af0       0x34 C:/ncs/v2.6.0/nrfxlib/crypto/nrf_cc310_platform/lib/cortex-m4/soft-float/no-interrupts/libnrf_cc310_platform_0.9.19.a(nrf_cc3xx_platform_mutex.c.obj)
 .text.mutex_lock
                0x0000000000005b24       0x48 C:/ncs/v2.6.0/nrfxlib/crypto/nrf_cc310_platform/lib/cortex-m4/soft-float/no-interrupts/libnrf_cc310_platform_0.9.19.a(nrf_cc3xx_platform_mutex.c.obj)
 .text.mutex_unlock
                0x0000000000005b6c       0x38 C:/ncs/v2.6.0/nrfxlib/crypto/nrf_cc310_platform/lib/cortex-m4/soft-float/no-interrupts/libnrf_cc310_platform_0.9.19.a(nrf_cc3xx_platform_mutex.c.obj)
 .text.mutex_init
                0x0000000000005ba4       0x20 C:/ncs/v2.6.0/nrfxlib/crypto/nrf_cc310_platform/lib/cortex-m4/soft-float/no-interrupts/libnrf_cc310_platform_0.9.19.a(nrf_cc3xx_platform_mutex.c.obj)
 .text.nrf_cc3xx_platform_set_mutexes
                0x0000000000005bc4       0x74 C:/ncs/v2.6.0/nrfxlib/crypto/nrf_cc310_platform/lib/cortex-m4/soft-float/no-interrupts/libnrf_cc310_platform_0.9.19.a(nrf_cc3xx_platform_mutex.c.obj)
                0x0000000000005bc4                nrf_cc3xx_platform_set_mutexes
 .text.mbedtls_zeroize_internal
                0x0000000000005c38       0x14 C:/ncs/v2.6.0/nrfxlib/crypto/nrf_cc310_platform/lib/cortex-m4/soft-float/no-interrupts/libnrf_cc310_platform_0.9.19.a(mbedtls_common.c.obj)
                0x0000000000005c38                mbedtls_zeroize_internal
 .text.cc_mbedtls_platform_zeroize
                0x0000000000005c4c       0x14 C:/ncs/v2.6.0/nrfxlib/crypto/nrf_cc310_platform/lib/cortex-m4/soft-float/no-interrupts/libnrf_cc310_platform_0.9.19.a(mbedtls_common.c.obj)
                0x0000000000005c4c                cc_mbedtls_platform_zeroize
 .text.block_cipher_df
                0x0000000000005c60      0x1d0 C:/ncs/v2.6.0/nrfxlib/crypto/nrf_cc310_platform/lib/cortex-m4/soft-float/no-interrupts/libnrf_cc310_platform_0.9.19.a(ctr_drbg.c.obj)
 .text.ctr_drbg_update_internal
                0x0000000000005e30      0x148 C:/ncs/v2.6.0/nrfxlib/crypto/nrf_cc310_platform/lib/cortex-m4/soft-float/no-interrupts/libnrf_cc310_platform_0.9.19.a(ctr_drbg.c.obj)
 .text.mbedtls_ctr_drbg_reseed_internal
                0x0000000000005f78       0xc4 C:/ncs/v2.6.0/nrfxlib/crypto/nrf_cc310_platform/lib/cortex-m4/soft-float/no-interrupts/libnrf_cc310_platform_0.9.19.a(ctr_drbg.c.obj)
 .text.cc_mbedtls_ctr_drbg_init
                0x000000000000603c       0x2c C:/ncs/v2.6.0/nrfxlib/crypto/nrf_cc310_platform/lib/cortex-m4/soft-float/no-interrupts/libnrf_cc310_platform_0.9.19.a(ctr_drbg.c.obj)
                0x000000000000603c                cc_mbedtls_ctr_drbg_init
 .text.cc_mbedtls_ctr_drbg_seed
                0x0000000000006068       0x98 C:/ncs/v2.6.0/nrfxlib/crypto/nrf_cc310_platform/lib/cortex-m4/soft-float/no-interrupts/libnrf_cc310_platform_0.9.19.a(ctr_drbg.c.obj)
                0x0000000000006068                cc_mbedtls_ctr_drbg_seed
 .text.cc_mbedtls_ctr_drbg_random_with_add
                0x0000000000006100      0x1e4 C:/ncs/v2.6.0/nrfxlib/crypto/nrf_cc310_platform/lib/cortex-m4/soft-float/no-interrupts/libnrf_cc310_platform_0.9.19.a(ctr_drbg.c.obj)
                0x0000000000006100                cc_mbedtls_ctr_drbg_random_with_add
 .text.entropy_update
                0x00000000000062e4       0x7c C:/ncs/v2.6.0/nrfxlib/crypto/nrf_cc310_platform/lib/cortex-m4/soft-float/no-interrupts/libnrf_cc310_platform_0.9.19.a(custom_entropy.c.obj)
 .text.entropy_gather_internal.part.0
                0x0000000000006360       0x78 C:/ncs/v2.6.0/nrfxlib/crypto/nrf_cc310_platform/lib/cortex-m4/soft-float/no-interrupts/libnrf_cc310_platform_0.9.19.a(custom_entropy.c.obj)
 .text.cc_mbedtls_entropy_init
                0x00000000000063d8       0x88 C:/ncs/v2.6.0/nrfxlib/crypto/nrf_cc310_platform/lib/cortex-m4/soft-float/no-interrupts/libnrf_cc310_platform_0.9.19.a(custom_entropy.c.obj)
                0x00000000000063d8                cc_mbedtls_entropy_init
 .text.cc_mbedtls_entropy_func
                0x0000000000006460      0x10c C:/ncs/v2.6.0/nrfxlib/crypto/nrf_cc310_platform/lib/cortex-m4/soft-float/no-interrupts/libnrf_cc310_platform_0.9.19.a(custom_entropy.c.obj)
                0x0000000000006460                cc_mbedtls_entropy_func
 .text.RndStartupTest.constprop.0
                0x000000000000656c       0x98 C:/ncs/v2.6.0/nrfxlib/crypto/nrf_cc310_platform/lib/cortex-m4/soft-float/no-interrupts/libnrf_cc310_platform_0.9.19.a(cc_lib.c.obj)
 .text.CC_LibInit
                0x0000000000006604       0xc0 C:/ncs/v2.6.0/nrfxlib/crypto/nrf_cc310_platform/lib/cortex-m4/soft-float/no-interrupts/libnrf_cc310_platform_0.9.19.a(cc_lib.c.obj)
                0x0000000000006604                CC_LibInit
 .text.CC_HalInit
                0x00000000000066c4        0x4 C:/ncs/v2.6.0/nrfxlib/crypto/nrf_cc310_platform/lib/cortex-m4/soft-float/no-interrupts/libnrf_cc310_platform_0.9.19.a(cc_hal.c.obj)
                0x00000000000066c4                CC_HalInit
 .text.CC_HalTerminate
                0x00000000000066c8        0x4 C:/ncs/v2.6.0/nrfxlib/crypto/nrf_cc310_platform/lib/cortex-m4/soft-float/no-interrupts/libnrf_cc310_platform_0.9.19.a(cc_hal.c.obj)
                0x00000000000066c8                CC_HalTerminate
 .text.CC_HalClearInterruptBit
                0x00000000000066cc       0x1c C:/ncs/v2.6.0/nrfxlib/crypto/nrf_cc310_platform/lib/cortex-m4/soft-float/no-interrupts/libnrf_cc310_platform_0.9.19.a(cc_hal.c.obj)
                0x00000000000066cc                CC_HalClearInterruptBit
 .text.CC_HalMaskInterrupt
                0x00000000000066e8        0xc C:/ncs/v2.6.0/nrfxlib/crypto/nrf_cc310_platform/lib/cortex-m4/soft-float/no-interrupts/libnrf_cc310_platform_0.9.19.a(cc_hal.c.obj)
                0x00000000000066e8                CC_HalMaskInterrupt
 .text.CC_HalWaitInterrupt
                0x00000000000066f4        0xc C:/ncs/v2.6.0/nrfxlib/crypto/nrf_cc310_platform/lib/cortex-m4/soft-float/no-interrupts/libnrf_cc310_platform_0.9.19.a(cc_hal.c.obj)
                0x00000000000066f4                CC_HalWaitInterrupt
 .text.CC_HalWaitInterruptRND
                0x0000000000006700        0xc C:/ncs/v2.6.0/nrfxlib/crypto/nrf_cc310_platform/lib/cortex-m4/soft-float/no-interrupts/libnrf_cc310_platform_0.9.19.a(cc_hal.c.obj)
                0x0000000000006700                CC_HalWaitInterruptRND
 .text.CC_PalInit
                0x000000000000670c       0x5c C:/ncs/v2.6.0/nrfxlib/crypto/nrf_cc310_platform/lib/cortex-m4/soft-float/no-interrupts/libnrf_cc310_platform_0.9.19.a(cc_pal.c.obj)
                0x000000000000670c                CC_PalInit
 .text.CC_PalTerminate
                0x0000000000006768       0x34 C:/ncs/v2.6.0/nrfxlib/crypto/nrf_cc310_platform/lib/cortex-m4/soft-float/no-interrupts/libnrf_cc310_platform_0.9.19.a(cc_pal.c.obj)
                0x0000000000006768                CC_PalTerminate
 .text.CC_PalDmaInit
                0x000000000000679c        0x4 C:/ncs/v2.6.0/nrfxlib/crypto/nrf_cc310_platform/lib/cortex-m4/soft-float/no-interrupts/libnrf_cc310_platform_0.9.19.a(cc_pal_dma.c.obj)
                0x000000000000679c                CC_PalDmaInit
 .text.CC_PalDmaTerminate
                0x00000000000067a0        0x4 C:/ncs/v2.6.0/nrfxlib/crypto/nrf_cc310_platform/lib/cortex-m4/soft-float/no-interrupts/libnrf_cc310_platform_0.9.19.a(cc_pal_dma.c.obj)
                0x00000000000067a0                CC_PalDmaTerminate
 .text.CC_PalWaitInterruptRND
                0x00000000000067a4       0x2c C:/ncs/v2.6.0/nrfxlib/crypto/nrf_cc310_platform/lib/cortex-m4/soft-float/no-interrupts/libnrf_cc310_platform_0.9.19.a(cc_pal_interrupt_ctrl.c.obj)
                0x00000000000067a4                CC_PalWaitInterruptRND
 .text.CC_PalWaitInterrupt
                0x00000000000067d0       0x18 C:/ncs/v2.6.0/nrfxlib/crypto/nrf_cc310_platform/lib/cortex-m4/soft-float/no-interrupts/libnrf_cc310_platform_0.9.19.a(cc_pal_interrupt_ctrl.c.obj)
                0x00000000000067d0                CC_PalWaitInterrupt
 .text.CC_PalMemCopyPlat
                0x00000000000067e8        0x4 C:/ncs/v2.6.0/nrfxlib/crypto/nrf_cc310_platform/lib/cortex-m4/soft-float/no-interrupts/libnrf_cc310_platform_0.9.19.a(cc_pal_mem.c.obj)
                0x00000000000067e8                CC_PalMemCopyPlat
 .text.CC_PalMemSetPlat
                0x00000000000067ec        0x4 C:/ncs/v2.6.0/nrfxlib/crypto/nrf_cc310_platform/lib/cortex-m4/soft-float/no-interrupts/libnrf_cc310_platform_0.9.19.a(cc_pal_mem.c.obj)
                0x00000000000067ec                CC_PalMemSetPlat
 .text.CC_PalMemSetZeroPlat
                0x00000000000067f0        0x8 C:/ncs/v2.6.0/nrfxlib/crypto/nrf_cc310_platform/lib/cortex-m4/soft-float/no-interrupts/libnrf_cc310_platform_0.9.19.a(cc_pal_mem.c.obj)
                0x00000000000067f0                CC_PalMemSetZeroPlat
 .text.CC_PalMutexCreate
                0x00000000000067f8       0x14 C:/ncs/v2.6.0/nrfxlib/crypto/nrf_cc310_platform/lib/cortex-m4/soft-float/no-interrupts/libnrf_cc310_platform_0.9.19.a(cc_pal_mutex.c.obj)
                0x00000000000067f8                CC_PalMutexCreate
 .text.CC_PalMutexDestroy
                0x000000000000680c       0x14 C:/ncs/v2.6.0/nrfxlib/crypto/nrf_cc310_platform/lib/cortex-m4/soft-float/no-interrupts/libnrf_cc310_platform_0.9.19.a(cc_pal_mutex.c.obj)
                0x000000000000680c                CC_PalMutexDestroy
 .text.CC_PalMutexLock
                0x0000000000006820       0x10 C:/ncs/v2.6.0/nrfxlib/crypto/nrf_cc310_platform/lib/cortex-m4/soft-float/no-interrupts/libnrf_cc310_platform_0.9.19.a(cc_pal_mutex.c.obj)
                0x0000000000006820                CC_PalMutexLock
 .text.CC_PalMutexUnlock
                0x0000000000006830       0x14 C:/ncs/v2.6.0/nrfxlib/crypto/nrf_cc310_platform/lib/cortex-m4/soft-float/no-interrupts/libnrf_cc310_platform_0.9.19.a(cc_pal_mutex.c.obj)
                0x0000000000006830                CC_PalMutexUnlock
 .text.CC_PalPowerSaveModeInit
                0x0000000000006844       0x3c C:/ncs/v2.6.0/nrfxlib/crypto/nrf_cc310_platform/lib/cortex-m4/soft-float/no-interrupts/libnrf_cc310_platform_0.9.19.a(cc_pal_pm.c.obj)
                0x0000000000006844                CC_PalPowerSaveModeInit
 .text.CC_PalPowerSaveModeSelect
                0x0000000000006880       0x84 C:/ncs/v2.6.0/nrfxlib/crypto/nrf_cc310_platform/lib/cortex-m4/soft-float/no-interrupts/libnrf_cc310_platform_0.9.19.a(cc_pal_pm.c.obj)
                0x0000000000006880                CC_PalPowerSaveModeSelect
 .text.mutex_init
                0x0000000000006904        0xc C:/ncs/v2.6.0/nrfxlib/crypto/nrf_cc310_platform/lib/cortex-m4/soft-float/no-interrupts/libnrf_cc310_platform_0.9.19.a(threading_alt.c.obj)
                0x0000000000006904                mutex_init
 .text.mutex_lock
                0x0000000000006910        0xc C:/ncs/v2.6.0/nrfxlib/crypto/nrf_cc310_platform/lib/cortex-m4/soft-float/no-interrupts/libnrf_cc310_platform_0.9.19.a(threading_alt.c.obj)
                0x0000000000006910                mutex_lock
 .text.mutex_unlock
                0x000000000000691c        0xc C:/ncs/v2.6.0/nrfxlib/crypto/nrf_cc310_platform/lib/cortex-m4/soft-float/no-interrupts/libnrf_cc310_platform_0.9.19.a(threading_alt.c.obj)
                0x000000000000691c                mutex_unlock
 .text.startTrngHW
                0x0000000000006928      0x140 C:/ncs/v2.6.0/nrfxlib/crypto/nrf_cc310_platform/lib/cortex-m4/soft-float/no-interrupts/libnrf_cc310_platform_0.9.19.a(llf_rnd_trng90b.c.obj)
 .text.LLF_RND_RepetitionCounterTest
                0x0000000000006a68       0x60 C:/ncs/v2.6.0/nrfxlib/crypto/nrf_cc310_platform/lib/cortex-m4/soft-float/no-interrupts/libnrf_cc310_platform_0.9.19.a(llf_rnd_trng90b.c.obj)
                0x0000000000006a68                LLF_RND_RepetitionCounterTest
 .text.LLF_RND_AdaptiveProportionTest
                0x0000000000006ac8       0x84 C:/ncs/v2.6.0/nrfxlib/crypto/nrf_cc310_platform/lib/cortex-m4/soft-float/no-interrupts/libnrf_cc310_platform_0.9.19.a(llf_rnd_trng90b.c.obj)
                0x0000000000006ac8                LLF_RND_AdaptiveProportionTest
 .text.getTrngSource
                0x0000000000006b4c      0x2b4 C:/ncs/v2.6.0/nrfxlib/crypto/nrf_cc310_platform/lib/cortex-m4/soft-float/no-interrupts/libnrf_cc310_platform_0.9.19.a(llf_rnd_trng90b.c.obj)
 .text.LLF_RND_GetTrngSource
                0x0000000000006e00       0x18 C:/ncs/v2.6.0/nrfxlib/crypto/nrf_cc310_platform/lib/cortex-m4/soft-float/no-interrupts/libnrf_cc310_platform_0.9.19.a(llf_rnd_trng90b.c.obj)
                0x0000000000006e00                LLF_RND_GetTrngSource
 .text.LLF_RND_RunTrngStartupTest
                0x0000000000006e18       0x1c C:/ncs/v2.6.0/nrfxlib/crypto/nrf_cc310_platform/lib/cortex-m4/soft-float/no-interrupts/libnrf_cc310_platform_0.9.19.a(llf_rnd_trng90b.c.obj)
                0x0000000000006e18                LLF_RND_RunTrngStartupTest
 .text.mbedtls_hardware_poll
                0x0000000000006e34       0xfc C:/ncs/v2.6.0/nrfxlib/crypto/nrf_cc310_platform/lib/cortex-m4/soft-float/no-interrupts/libnrf_cc310_platform_0.9.19.a(trng_api.c.obj)
                0x0000000000006e34                mbedtls_hardware_poll
 .text.cc_mbedtls_aes_init
                0x0000000000006f30       0x20 C:/ncs/v2.6.0/nrfxlib/crypto/nrf_cc310_platform/lib/cortex-m4/soft-float/no-interrupts/libnrf_cc310_platform_0.9.19.a(aes_alt.c.obj)
                0x0000000000006f30                cc_mbedtls_aes_init
 .text.cc_mbedtls_aes_free
                0x0000000000006f50        0xc C:/ncs/v2.6.0/nrfxlib/crypto/nrf_cc310_platform/lib/cortex-m4/soft-float/no-interrupts/libnrf_cc310_platform_0.9.19.a(aes_alt.c.obj)
                0x0000000000006f50                cc_mbedtls_aes_free
 .text.cc_mbedtls_aes_setkey_enc
                0x0000000000006f5c       0x34 C:/ncs/v2.6.0/nrfxlib/crypto/nrf_cc310_platform/lib/cortex-m4/soft-float/no-interrupts/libnrf_cc310_platform_0.9.19.a(aes_alt.c.obj)
                0x0000000000006f5c                cc_mbedtls_aes_setkey_enc
 .text.cc_mbedtls_aes_crypt_ecb
                0x0000000000006f90       0x54 C:/ncs/v2.6.0/nrfxlib/crypto/nrf_cc310_platform/lib/cortex-m4/soft-float/no-interrupts/libnrf_cc310_platform_0.9.19.a(aes_alt.c.obj)
                0x0000000000006f90                cc_mbedtls_aes_crypt_ecb
 .text.cc_mbedtls_sha256_init
                0x0000000000006fe4       0x28 C:/ncs/v2.6.0/nrfxlib/crypto/nrf_cc310_platform/lib/cortex-m4/soft-float/no-interrupts/libnrf_cc310_platform_0.9.19.a(sha256_alt.c.obj)
                0x0000000000006fe4                cc_mbedtls_sha256_init
 .text.cc_mbedtls_sha256_free
                0x000000000000700c        0xc C:/ncs/v2.6.0/nrfxlib/crypto/nrf_cc310_platform/lib/cortex-m4/soft-float/no-interrupts/libnrf_cc310_platform_0.9.19.a(sha256_alt.c.obj)
                0x000000000000700c                cc_mbedtls_sha256_free
 .text.cc_mbedtls_sha256_starts
                0x0000000000007018       0x28 C:/ncs/v2.6.0/nrfxlib/crypto/nrf_cc310_platform/lib/cortex-m4/soft-float/no-interrupts/libnrf_cc310_platform_0.9.19.a(sha256_alt.c.obj)
                0x0000000000007018                cc_mbedtls_sha256_starts
 .text.cc_mbedtls_sha256_update
                0x0000000000007040       0x54 C:/ncs/v2.6.0/nrfxlib/crypto/nrf_cc310_platform/lib/cortex-m4/soft-float/no-interrupts/libnrf_cc310_platform_0.9.19.a(sha256_alt.c.obj)
                0x0000000000007040                cc_mbedtls_sha256_update
 .text.cc_mbedtls_sha256_finish
                0x0000000000007094       0x48 C:/ncs/v2.6.0/nrfxlib/crypto/nrf_cc310_platform/lib/cortex-m4/soft-float/no-interrupts/libnrf_cc310_platform_0.9.19.a(sha256_alt.c.obj)
                0x0000000000007094                cc_mbedtls_sha256_finish
 .text.mbedtls_sha_starts_internal
                0x00000000000070dc       0x28 C:/ncs/v2.6.0/nrfxlib/crypto/nrf_cc310_platform/lib/cortex-m4/soft-float/no-interrupts/libnrf_cc310_platform_0.9.19.a(mbedtls_hash_common.c.obj)
                0x00000000000070dc                mbedtls_sha_starts_internal
 .text.mbedtls_sha_finish_internal
                0x0000000000007104       0x5c C:/ncs/v2.6.0/nrfxlib/crypto/nrf_cc310_platform/lib/cortex-m4/soft-float/no-interrupts/libnrf_cc310_platform_0.9.19.a(mbedtls_hash_common.c.obj)
                0x0000000000007104                mbedtls_sha_finish_internal
 .text.mbedtls_sha_update_internal
                0x0000000000007160      0x1ec C:/ncs/v2.6.0/nrfxlib/crypto/nrf_cc310_platform/lib/cortex-m4/soft-float/no-interrupts/libnrf_cc310_platform_0.9.19.a(mbedtls_hash_common.c.obj)
                0x0000000000007160                mbedtls_sha_update_internal
 .text.cc_mbedtls_sha256
                0x000000000000734c       0x50 C:/ncs/v2.6.0/nrfxlib/crypto/nrf_cc310_platform/lib/cortex-m4/soft-float/no-interrupts/libnrf_cc310_platform_0.9.19.a(sha256.c.obj)
                0x000000000000734c                cc_mbedtls_sha256
 .text.RNG_PLAT_SetUserRngParameters
                0x000000000000739c       0x74 C:/ncs/v2.6.0/nrfxlib/crypto/nrf_cc310_platform/lib/cortex-m4/soft-float/no-interrupts/libnrf_cc310_platform_0.9.19.a(cc_rng_plat.c.obj)
                0x000000000000739c                RNG_PLAT_SetUserRngParameters
 .text.CC_PalTrngParamGet
                0x0000000000007410       0xa8 C:/ncs/v2.6.0/nrfxlib/crypto/nrf_cc310_platform/lib/cortex-m4/soft-float/no-interrupts/libnrf_cc310_platform_0.9.19.a(cc_pal_trng.c.obj)
                0x0000000000007410                CC_PalTrngParamGet
 .text.LLF_RND_WaitRngInterrupt
                0x00000000000074b8       0x20 C:/ncs/v2.6.0/nrfxlib/crypto/nrf_cc310_platform/lib/cortex-m4/soft-float/no-interrupts/libnrf_cc310_platform_0.9.19.a(llf_rnd.c.obj)
                0x00000000000074b8                LLF_RND_WaitRngInterrupt
 .text.LLF_RND_GetRoscSampleCnt
                0x00000000000074d8       0x34 C:/ncs/v2.6.0/nrfxlib/crypto/nrf_cc310_platform/lib/cortex-m4/soft-float/no-interrupts/libnrf_cc310_platform_0.9.19.a(llf_rnd.c.obj)
                0x00000000000074d8                LLF_RND_GetRoscSampleCnt
 .text.LLF_RND_GetFastestRosc
                0x000000000000750c       0x20 C:/ncs/v2.6.0/nrfxlib/crypto/nrf_cc310_platform/lib/cortex-m4/soft-float/no-interrupts/libnrf_cc310_platform_0.9.19.a(llf_rnd.c.obj)
                0x000000000000750c                LLF_RND_GetFastestRosc
 .text.LLF_RND_TurnOffTrng
                0x000000000000752c       0x18 C:/ncs/v2.6.0/nrfxlib/crypto/nrf_cc310_platform/lib/cortex-m4/soft-float/no-interrupts/libnrf_cc310_platform_0.9.19.a(llf_rnd.c.obj)
                0x000000000000752c                LLF_RND_TurnOffTrng
 .text.SetDataBuffersInfo
                0x0000000000007544       0x68 C:/ncs/v2.6.0/nrfxlib/crypto/nrf_cc310_platform/lib/cortex-m4/soft-float/no-interrupts/libnrf_cc310_platform_0.9.19.a(driver_common.c.obj)
                0x0000000000007544                SetDataBuffersInfo
 .text.InitHashDrv
                0x00000000000075ac       0x50 C:/ncs/v2.6.0/nrfxlib/crypto/nrf_cc310_platform/lib/cortex-m4/soft-float/no-interrupts/libnrf_cc310_platform_0.9.19.a(hash_driver.c.obj)
                0x00000000000075ac                InitHashDrv
 .text.ProcessHashDrv
                0x00000000000075fc      0x22c C:/ncs/v2.6.0/nrfxlib/crypto/nrf_cc310_platform/lib/cortex-m4/soft-float/no-interrupts/libnrf_cc310_platform_0.9.19.a(hash_driver.c.obj)
                0x00000000000075fc                ProcessHashDrv
 .text.FinishHashDrv
                0x0000000000007828       0x70 C:/ncs/v2.6.0/nrfxlib/crypto/nrf_cc310_platform/lib/cortex-m4/soft-float/no-interrupts/libnrf_cc310_platform_0.9.19.a(hash_driver.c.obj)
                0x0000000000007828                FinishHashDrv
 .text.LoadAesKey
                0x0000000000007898       0xa8 C:/ncs/v2.6.0/nrfxlib/crypto/nrf_cc310_platform/lib/cortex-m4/soft-float/no-interrupts/libnrf_cc310_platform_0.9.19.a(aes_driver.c.obj)
 .text.InitAes.part.0
                0x0000000000007940       0xe4 C:/ncs/v2.6.0/nrfxlib/crypto/nrf_cc310_platform/lib/cortex-m4/soft-float/no-interrupts/libnrf_cc310_platform_0.9.19.a(aes_driver.c.obj)
 .text.write_invalid_key
                0x0000000000007a24       0x30 C:/ncs/v2.6.0/nrfxlib/crypto/nrf_cc310_platform/lib/cortex-m4/soft-float/no-interrupts/libnrf_cc310_platform_0.9.19.a(aes_driver.c.obj)
                0x0000000000007a24                write_invalid_key
 .text.ProcessAesDrv
                0x0000000000007a54      0x368 C:/ncs/v2.6.0/nrfxlib/crypto/nrf_cc310_platform/lib/cortex-m4/soft-float/no-interrupts/libnrf_cc310_platform_0.9.19.a(aes_driver.c.obj)
                0x0000000000007a54                ProcessAesDrv
 .text.FinishAesDrv
                0x0000000000007dbc      0x254 C:/ncs/v2.6.0/nrfxlib/crypto/nrf_cc310_platform/lib/cortex-m4/soft-float/no-interrupts/libnrf_cc310_platform_0.9.19.a(aes_driver.c.obj)
                0x0000000000007dbc                FinishAesDrv
 .text.kmu_validate_slot_and_size
                0x0000000000008010       0x1c C:/ncs/v2.6.0/nrfxlib/crypto/nrf_cc310_platform/lib/cortex-m4/soft-float/no-interrupts/libnrf_cc310_platform_0.9.19.a(kmu_shared.c.obj)
                0x0000000000008010                kmu_validate_slot_and_size
 .text.kmu_validate_kdr_slot_and_size
                0x000000000000802c       0x1c C:/ncs/v2.6.0/nrfxlib/crypto/nrf_cc310_platform/lib/cortex-m4/soft-float/no-interrupts/libnrf_cc310_platform_0.9.19.a(kmu_shared.c.obj)
                0x000000000000802c                kmu_validate_kdr_slot_and_size
 .text.kmu_use_kdr_key
                0x0000000000008048       0x14 C:/ncs/v2.6.0/nrfxlib/crypto/nrf_cc310_platform/lib/cortex-m4/soft-float/no-interrupts/libnrf_cc310_platform_0.9.19.a(kmu_shared.c.obj)
                0x0000000000008048                kmu_use_kdr_key
 .text.kmu_derive_cmac
                0x000000000000805c      0x11c C:/ncs/v2.6.0/nrfxlib/crypto/nrf_cc310_platform/lib/cortex-m4/soft-float/no-interrupts/libnrf_cc310_platform_0.9.19.a(kmu_shared.c.obj)
                0x000000000000805c                kmu_derive_cmac
 .text.UtilCmacBuildDataForDerivation
                0x0000000000008178       0xc0 C:/ncs/v2.6.0/nrfxlib/crypto/nrf_cc310_platform/lib/cortex-m4/soft-float/no-interrupts/libnrf_cc310_platform_0.9.19.a(cc_util_cmac.c.obj)
                0x0000000000008178                UtilCmacBuildDataForDerivation
 .text.CC_PalDataBufferAttrGet
                0x0000000000008238        0x8 C:/ncs/v2.6.0/nrfxlib/crypto/nrf_cc310_platform/lib/cortex-m4/soft-float/no-interrupts/libnrf_cc310_platform_0.9.19.a(cc_pal_buff_attr.c.obj)
                0x0000000000008238                CC_PalDataBufferAttrGet
 .text.snprintf
                0x0000000000008240       0x58 c:\ncs\toolchains\cf2149caf2\opt\zephyr-sdk\arm-zephyr-eabi\bin\../lib/gcc/../../picolibc/arm-zephyr-eabi/lib/thumb/v7e-m/nofp\libc.a(libc_tinystdio_snprintf.c.o)
                0x0000000000008240                snprintf
 .text.strtol   0x0000000000008298       0xec c:\ncs\toolchains\cf2149caf2\opt\zephyr-sdk\arm-zephyr-eabi\bin\../lib/gcc/../../picolibc/arm-zephyr-eabi/lib/thumb/v7e-m/nofp\libc.a(libc_tinystdio_strtol.c.o)
                0x0000000000008298                strtol
 .text.__l_vfprintf
                0x0000000000008384      0x4b8 c:\ncs\toolchains\cf2149caf2\opt\zephyr-sdk\arm-zephyr-eabi\bin\../lib/gcc/../../picolibc/arm-zephyr-eabi/lib/thumb/v7e-m/nofp\libc.a(libc_tinystdio_vflprintf.c.o)
                0x0000000000008384                __l_vfprintf
 .text._OffsetAbsSyms
                0x000000000000883c        0x2 zephyr/CMakeFiles/offsets.dir/./arch/arm/core/offsets/offsets.c.obj
                0x000000000000883c                _OffsetAbsSyms
 .text.k_msleep.isra.0
                0x000000000000883e       0x20 app/libapp.a(main.c.obj)
 .text.rtdb_init
                0x000000000000885e        0x2 app/libapp.a(rtdb.c.obj)
                0x000000000000885e                rtdb_init
 .text.gpio_pin_set_dt.isra.0
                0x0000000000008860       0x28 app/libapp.a(io.c.obj)
 .text.gpio_pin_configure_dt.isra.0
                0x0000000000008888       0x3e app/libapp.a(io.c.obj)
 .text.gpio_pin_interrupt_configure_dt.isra.0
                0x00000000000088c6       0x36 app/libapp.a(io.c.obj)
 .text.arch_printk_char_out
                0x00000000000088fc        0x4 zephyr/libzephyr.a(printk.c.obj)
                0x00000000000088fc                arch_printk_char_out
 .text.printk   0x0000000000008900       0x1a zephyr/libzephyr.a(printk.c.obj)
                0x0000000000008900                printk
 .text.chunk_size
                0x000000000000891a        0xa zephyr/libzephyr.a(heap.c.obj)
 .text.free_list_add
                0x0000000000008924       0x4e zephyr/libzephyr.a(heap.c.obj)
 .text.sys_heap_init
                0x0000000000008972       0x7a zephyr/libzephyr.a(heap.c.obj)
                0x0000000000008972                sys_heap_init
 .text.process_recheck
                0x00000000000089ec       0x38 zephyr/libzephyr.a(onoff.c.obj)
 .text.validate_args
                0x0000000000008a24       0x20 zephyr/libzephyr.a(onoff.c.obj)
 .text.notify_one
                0x0000000000008a44       0x2c zephyr/libzephyr.a(onoff.c.obj)
 .text.transition_complete
                0x0000000000008a70       0x1c zephyr/libzephyr.a(onoff.c.obj)
 .text.onoff_manager_init
                0x0000000000008a8c       0x26 zephyr/libzephyr.a(onoff.c.obj)
                0x0000000000008a8c                onoff_manager_init
 .text.onoff_request
                0x0000000000008ab2       0xb0 zephyr/libzephyr.a(onoff.c.obj)
                0x0000000000008ab2                onoff_request
 .text.sys_notify_validate
                0x0000000000008b62       0x22 zephyr/libzephyr.a(notify.c.obj)
                0x0000000000008b62                sys_notify_validate
 .text.sys_notify_finalize
                0x0000000000008b84       0x1a zephyr/libzephyr.a(notify.c.obj)
                0x0000000000008b84                sys_notify_finalize
 .text._ConfigAbsSyms
                0x0000000000008b9e        0x2 zephyr/libzephyr.a(configs.c.obj)
                0x0000000000008b9e                _ConfigAbsSyms
 .text.abort_function
                0x0000000000008ba0        0x8 zephyr/libzephyr.a(nrf_cc3xx_platform_abort_zephyr.c.obj)
 .text.z_arm_fatal_error
                0x0000000000008ba8        0x4 zephyr/arch/arch/arm/core/libarch__arm__core.a(fatal.c.obj)
                0x0000000000008ba8                z_arm_fatal_error
 .text.z_do_kernel_oops
                0x0000000000008bac        0x8 zephyr/arch/arch/arm/core/libarch__arm__core.a(fatal.c.obj)
                0x0000000000008bac                z_do_kernel_oops
 .text.z_arm_nmi
                0x0000000000008bb4        0xe zephyr/arch/arch/arm/core/libarch__arm__core.a(nmi.c.obj)
                0x0000000000008bb4                z_arm_nmi
 .text.z_irq_spurious
                0x0000000000008bc2        0x8 zephyr/arch/arch/arm/core/cortex_m/libarch__arm__core__cortex_m.a(irq_manage.c.obj)
                0x0000000000008bc2                z_irq_spurious
 .text.size_to_mpu_rasr_size
                0x0000000000008bca       0x20 zephyr/arch/arch/arm/core/mpu/libarch__arm__core__mpu.a(arm_mpu.c.obj)
 .text.mpu_configure_regions
                0x0000000000008bea       0x5c zephyr/arch/arch/arm/core/mpu/libarch__arm__core__mpu.a(arm_mpu.c.obj)
 .text.picolibc_put
                0x0000000000008c46        0xa zephyr/lib/libc/picolibc/liblib__libc__picolibc.a(libc-hooks.c.obj)
 .text.get_status
                0x0000000000008c50       0x12 zephyr/drivers/clock_control/libdrivers__clock_control.a(clock_control_nrf.c.obj)
 .text.set_on_state
                0x0000000000008c62       0x26 zephyr/drivers/clock_control/libdrivers__clock_control.a(clock_control_nrf.c.obj)
 .text.stop     0x0000000000008c88       0x54 zephyr/drivers/clock_control/libdrivers__clock_control.a(clock_control_nrf.c.obj)
 .text.api_stop
                0x0000000000008cdc        0x6 zephyr/drivers/clock_control/libdrivers__clock_control.a(clock_control_nrf.c.obj)
 .text.async_start
                0x0000000000008ce2       0x5e zephyr/drivers/clock_control/libdrivers__clock_control.a(clock_control_nrf.c.obj)
 .text.api_start
                0x0000000000008d40        0xe zephyr/drivers/clock_control/libdrivers__clock_control.a(clock_control_nrf.c.obj)
 .text.onoff_started_callback
                0x0000000000008d4e       0x12 zephyr/drivers/clock_control/libdrivers__clock_control.a(clock_control_nrf.c.obj)
 .text.lfclk_start
                0x0000000000008d60        0x6 zephyr/drivers/clock_control/libdrivers__clock_control.a(clock_control_nrf.c.obj)
 .text.lfclk_stop
                0x0000000000008d66        0x6 zephyr/drivers/clock_control/libdrivers__clock_control.a(clock_control_nrf.c.obj)
 .text.blocking_start_callback
                0x0000000000008d6c        0x6 zephyr/drivers/clock_control/libdrivers__clock_control.a(clock_control_nrf.c.obj)
 .text.entropy_cc3xx_rng_get_entropy
                0x0000000000008d72       0x44 zephyr/drivers/entropy/libdrivers__entropy.a(entropy_cc3xx.c.obj)
 .text.entropy_cc3xx_rng_init
                0x0000000000008db6       0x16 zephyr/drivers/entropy/libdrivers__entropy.a(entropy_cc3xx.c.obj)
 .text.gpio_nrfx_port_get_raw
                0x0000000000008dcc        0xe zephyr/drivers/gpio/libdrivers__gpio.a(gpio_nrfx.c.obj)
 .text.gpio_nrfx_port_set_masked_raw
                0x0000000000008dda       0x18 zephyr/drivers/gpio/libdrivers__gpio.a(gpio_nrfx.c.obj)
 .text.gpio_nrfx_port_set_bits_raw
                0x0000000000008df2        0xc zephyr/drivers/gpio/libdrivers__gpio.a(gpio_nrfx.c.obj)
 .text.gpio_nrfx_port_clear_bits_raw
                0x0000000000008dfe        0xc zephyr/drivers/gpio/libdrivers__gpio.a(gpio_nrfx.c.obj)
 .text.gpio_nrfx_port_toggle_bits
                0x0000000000008e0a       0x1a zephyr/drivers/gpio/libdrivers__gpio.a(gpio_nrfx.c.obj)
 .text.gpio_nrfx_manage_callback
                0x0000000000008e24       0x52 zephyr/drivers/gpio/libdrivers__gpio.a(gpio_nrfx.c.obj)
 .text.i2c_nrfx_twi_configure
                0x0000000000008e76       0x32 zephyr/drivers/i2c/libdrivers__i2c.a(i2c_nrfx_twi.c.obj)
 .text.pinctrl_lookup_state
                0x0000000000008ea8       0x26 zephyr/drivers/pinctrl/libdrivers__pinctrl.a(common.c.obj)
                0x0000000000008ea8                pinctrl_lookup_state
 .text.pwm_nrfx_set_cycles
                0x0000000000008ece      0x130 zephyr/drivers/pwm/libdrivers__pwm.a(pwm_nrfx.c.obj)
 .text.pwm_nrfx_init0
                0x0000000000008ffe        0x4 zephyr/drivers/pwm/libdrivers__pwm.a(pwm_nrfx.c.obj)
 .text.pwm_nrfx_init1
                0x0000000000009002        0x4 zephyr/drivers/pwm/libdrivers__pwm.a(pwm_nrfx.c.obj)
 .text.uarte_nrfx_err_check
                0x0000000000009006        0xe zephyr/drivers/serial/libdrivers__serial.a(uart_nrfx_uarte.c.obj)
 .text.tx_start
                0x0000000000009014       0x50 zephyr/drivers/serial/libdrivers__serial.a(uart_nrfx_uarte.c.obj)
 .text.user_callback
                0x0000000000009064        0xe zephyr/drivers/serial/libdrivers__serial.a(uart_nrfx_uarte.c.obj)
 .text.notify_uart_rx_rdy
                0x0000000000009072       0x32 zephyr/drivers/serial/libdrivers__serial.a(uart_nrfx_uarte.c.obj)
 .text.rx_buf_release
                0x00000000000090a4       0x30 zephyr/drivers/serial/libdrivers__serial.a(uart_nrfx_uarte.c.obj)
 .text.notify_rx_disable
                0x00000000000090d4       0x22 zephyr/drivers/serial/libdrivers__serial.a(uart_nrfx_uarte.c.obj)
 .text.uarte_nrfx_rx_buf_rsp
                0x00000000000090f6       0x52 zephyr/drivers/serial/libdrivers__serial.a(uart_nrfx_uarte.c.obj)
 .text.uarte_nrfx_callback_set
                0x0000000000009148       0x16 zephyr/drivers/serial/libdrivers__serial.a(uart_nrfx_uarte.c.obj)
 .text.uarte_nrfx_poll_in
                0x000000000000915e       0x32 zephyr/drivers/serial/libdrivers__serial.a(uart_nrfx_uarte.c.obj)
 .text.uarte_nrfx_rx_disable
                0x0000000000009190       0x4a zephyr/drivers/serial/libdrivers__serial.a(uart_nrfx_uarte.c.obj)
 .text.setup_tx_cache
                0x00000000000091da       0x30 zephyr/drivers/serial/libdrivers__serial.a(uart_nrfx_uarte.c.obj)
 .text.rx_flush.isra.0
                0x000000000000920a       0x6a zephyr/drivers/serial/libdrivers__serial.a(uart_nrfx_uarte.c.obj)
 .text.async_uart_release
                0x0000000000009274       0x54 zephyr/drivers/serial/libdrivers__serial.a(uart_nrfx_uarte.c.obj)
 .text.is_tx_ready.isra.0
                0x00000000000092c8       0x20 zephyr/drivers/serial/libdrivers__serial.a(uart_nrfx_uarte.c.obj)
 .text.start_tx_locked
                0x00000000000092e8       0x36 zephyr/drivers/serial/libdrivers__serial.a(uart_nrfx_uarte.c.obj)
 .text.uarte_nrfx_rx_enable
                0x000000000000931e      0x116 zephyr/drivers/serial/libdrivers__serial.a(uart_nrfx_uarte.c.obj)
 .text.rx_timeout
                0x0000000000009434       0xaa zephyr/drivers/serial/libdrivers__serial.a(uart_nrfx_uarte.c.obj)
 .text.uarte_nrfx_tx_abort
                0x00000000000094de       0x2a zephyr/drivers/serial/libdrivers__serial.a(uart_nrfx_uarte.c.obj)
 .text.tx_timeout
                0x0000000000009508        0x8 zephyr/drivers/serial/libdrivers__serial.a(uart_nrfx_uarte.c.obj)
 .text.event_clear
                0x0000000000009510       0x18 zephyr/drivers/timer/libdrivers__timer.a(nrf_rtc_timer.c.obj)
 .text.k_sys_fatal_error_handler
                0x0000000000009528        0x8 modules/nrf/lib/fatal_error/lib..__nrf__lib__fatal_error.a(fatal_error.c.obj)
                0x0000000000009528                k_sys_fatal_error_handler
 .text.hw_cc3xx_init_internal
                0x0000000000009530        0x4 modules/nrf/drivers/hw_cc3xx/lib..__nrf__drivers__hw_cc3xx.a(hw_cc3xx.c.obj)
 .text.hw_cc3xx_init
                0x0000000000009534       0x12 modules/nrf/drivers/hw_cc3xx/lib..__nrf__drivers__hw_cc3xx.a(hw_cc3xx.c.obj)
 .text.nrfx_isr
                0x0000000000009546        0x2 modules/hal_nordic/nrfx/libmodules__hal_nordic__nrfx.a(nrfx_glue.c.obj)
                0x0000000000009546                nrfx_isr
 .text.nrfx_busy_wait
                0x0000000000009548        0x4 modules/hal_nordic/nrfx/libmodules__hal_nordic__nrfx.a(nrfx_glue.c.obj)
                0x0000000000009548                nrfx_busy_wait
 .text.nrfx_gppi_channel_endpoints_setup
                0x000000000000954c       0x14 modules/hal_nordic/nrfx/libmodules__hal_nordic__nrfx.a(nrfx_gppi_ppi.c.obj)
                0x000000000000954c                nrfx_gppi_channel_endpoints_setup
 .text.nrfx_clock_stop
                0x0000000000009560        0x4 modules/hal_nordic/nrfx/libmodules__hal_nordic__nrfx.a(nrfx_clock.c.obj)
                0x0000000000009560                nrfx_clock_stop
 .text.nrf_gpio_reconfigure
                0x0000000000009564       0x92 modules/hal_nordic/nrfx/libmodules__hal_nordic__nrfx.a(nrfx_gpiote.c.obj)
 .text.nrf_gpio_cfg_sense_set
                0x00000000000095f6       0x1e modules/hal_nordic/nrfx/libmodules__hal_nordic__nrfx.a(nrfx_gpiote.c.obj)
 .text.pin_trigger_disable
                0x0000000000009614       0x48 modules/hal_nordic/nrfx/libmodules__hal_nordic__nrfx.a(nrfx_gpiote.c.obj)
 .text.nrfx_gpiote_pin_uninit
                0x000000000000965c        0x4 modules/hal_nordic/nrfx/libmodules__hal_nordic__nrfx.a(nrfx_gpiote.c.obj)
                0x000000000000965c                nrfx_gpiote_pin_uninit
 .text.nrfx_gpiote_trigger_disable
                0x0000000000009660        0x4 modules/hal_nordic/nrfx/libmodules__hal_nordic__nrfx.a(nrfx_gpiote.c.obj)
                0x0000000000009660                nrfx_gpiote_trigger_disable
 .text.start_playback
                0x0000000000009664       0x48 modules/hal_nordic/nrfx/libmodules__hal_nordic__nrfx.a(nrfx_pwm.c.obj)
 .text.__nrfy_internal_pwm_event_handle.isra.0
                0x00000000000096ac       0x22 modules/hal_nordic/nrfx/libmodules__hal_nordic__nrfx.a(nrfx_pwm.c.obj)
 .text.__nrfy_internal_pwm_events_process
                0x00000000000096ce       0x54 modules/hal_nordic/nrfx/libmodules__hal_nordic__nrfx.a(nrfx_pwm.c.obj)
 .text.nrfx_pwm_stopped_check
                0x0000000000009722        0x4 modules/hal_nordic/nrfx/libmodules__hal_nordic__nrfx.a(nrfx_pwm.c.obj)
                0x0000000000009722                nrfx_pwm_stopped_check
 .text.twi_transfer
                0x0000000000009726      0x130 modules/hal_nordic/nrfx/libmodules__hal_nordic__nrfx.a(nrfx_twi.c.obj)
 .text.nrf_gpio_pin_set
                0x0000000000009856       0x1a modules/hal_nordic/nrfx/libmodules__hal_nordic__nrfx.a(nrfx_twi_twim.c.obj)
 .text.SEGGER_RTT_Init
                0x0000000000009870        0x4 modules/segger/libmodules__segger.a(SEGGER_RTT.c.obj)
                0x0000000000009870                SEGGER_RTT_Init
 .text.rtt_init
                0x0000000000009874        0xa modules/segger/libmodules__segger.a(SEGGER_RTT_zephyr.c.obj)
 .text.z_impl_k_busy_wait
                0x000000000000987e        0x8 zephyr/kernel/libkernel.a(busy_wait.c.obj)
                0x000000000000987e                z_impl_k_busy_wait
 .text.z_device_state_init
                0x0000000000009886        0x2 zephyr/kernel/libkernel.a(device.c.obj)
                0x0000000000009886                z_device_state_init
 .text.z_device_is_ready
                0x0000000000009888       0x16 zephyr/kernel/libkernel.a(device.c.obj)
                0x0000000000009888                z_device_is_ready
 .text.z_early_memset
                0x000000000000989e        0x4 zephyr/kernel/libkernel.a(init.c.obj)
                0x000000000000989e                z_early_memset
 .text.z_early_memcpy
                0x00000000000098a2        0x4 zephyr/kernel/libkernel.a(init.c.obj)
                0x00000000000098a2                z_early_memcpy
 .text.create_free_list
                0x00000000000098a6       0x2c zephyr/kernel/libkernel.a(mem_slab.c.obj)
 .text.k_mem_slab_init
                0x00000000000098d2       0x1c zephyr/kernel/libkernel.a(mem_slab.c.obj)
                0x00000000000098d2                k_mem_slab_init
 .text.k_mem_slab_free
                0x00000000000098ee       0x4c zephyr/kernel/libkernel.a(mem_slab.c.obj)
                0x00000000000098ee                k_mem_slab_free
 .text.k_is_in_isr
                0x000000000000993a        0xc zephyr/kernel/libkernel.a(thread.c.obj)
                0x000000000000993a                k_is_in_isr
 .text.idle     0x0000000000009946       0x18 zephyr/kernel/libkernel.a(idle.c.obj)
                0x0000000000009946                idle
 .text.adjust_owner_prio.isra.0
                0x000000000000995e       0x10 zephyr/kernel/libkernel.a(mutex.c.obj)
 .text.z_impl_k_mutex_init
                0x000000000000996e        0xe zephyr/kernel/libkernel.a(mutex.c.obj)
                0x000000000000996e                z_impl_k_mutex_init
 .text.z_impl_k_sem_init
                0x000000000000997c       0x18 zephyr/kernel/libkernel.a(sem.c.obj)
                0x000000000000997c                z_impl_k_sem_init
 .text.sys_dlist_remove
                0x0000000000009994       0x10 zephyr/kernel/libkernel.a(sched.c.obj)
 .text.unpend_thread_no_timeout
                0x00000000000099a4       0x14 zephyr/kernel/libkernel.a(sched.c.obj)
 .text.add_to_waitq_locked
                0x00000000000099b8       0x50 zephyr/kernel/libkernel.a(sched.c.obj)
 .text.z_ready_thread
                0x0000000000009a08       0x20 zephyr/kernel/libkernel.a(sched.c.obj)
                0x0000000000009a08                z_ready_thread
 .text.z_impl_k_thread_suspend
                0x0000000000009a28       0x36 zephyr/kernel/libkernel.a(sched.c.obj)
                0x0000000000009a28                z_impl_k_thread_suspend
 .text.z_unpend_thread_no_timeout
                0x0000000000009a5e       0x24 zephyr/kernel/libkernel.a(sched.c.obj)
                0x0000000000009a5e                z_unpend_thread_no_timeout
 .text.z_sched_wake_thread
                0x0000000000009a82       0x44 zephyr/kernel/libkernel.a(sched.c.obj)
                0x0000000000009a82                z_sched_wake_thread
 .text.z_thread_timeout
                0x0000000000009ac6        0x8 zephyr/kernel/libkernel.a(sched.c.obj)
                0x0000000000009ac6                z_thread_timeout
 .text.z_unpend1_no_timeout
                0x0000000000009ace       0x2e zephyr/kernel/libkernel.a(sched.c.obj)
                0x0000000000009ace                z_unpend1_no_timeout
 .text.z_unpend_first_thread
                0x0000000000009afc       0x38 zephyr/kernel/libkernel.a(sched.c.obj)
                0x0000000000009afc                z_unpend_first_thread
 .text.z_reschedule_irqlock
                0x0000000000009b34       0x18 zephyr/kernel/libkernel.a(sched.c.obj)
                0x0000000000009b34                z_reschedule_irqlock
 .text.z_reschedule_unlocked
                0x0000000000009b4c       0x14 zephyr/kernel/libkernel.a(sched.c.obj)
 .text.z_thread_abort
                0x0000000000009b60       0x42 zephyr/kernel/libkernel.a(sched.c.obj)
                0x0000000000009b60                z_thread_abort
 .text.z_abort_timeout
                0x0000000000009ba2       0x2c zephyr/kernel/libkernel.a(timeout.c.obj)
                0x0000000000009ba2                z_abort_timeout
 .text.sys_clock_tick_get_32
                0x0000000000009bce        0x8 zephyr/kernel/libkernel.a(timeout.c.obj)
                0x0000000000009bce                sys_clock_tick_get_32
 .text.z_impl_k_uptime_ticks
                0x0000000000009bd6        0x4 zephyr/kernel/libkernel.a(timeout.c.obj)
                0x0000000000009bd6                z_impl_k_uptime_ticks
 .text.k_timer_init
                0x0000000000009bda       0x18 zephyr/kernel/libkernel.a(timer.c.obj)
                0x0000000000009bda                k_timer_init
 .text.z_impl_k_timer_stop
                0x0000000000009bf2       0x3a zephyr/kernel/libkernel.a(timer.c.obj)
                0x0000000000009bf2                z_impl_k_timer_stop
 .text.atoi     0x0000000000009c2c        0x8 c:\ncs\toolchains\cf2149caf2\opt\zephyr-sdk\arm-zephyr-eabi\bin\../lib/gcc/../../picolibc/arm-zephyr-eabi/lib/thumb/v7e-m/nofp\libc.a(libc_stdlib_atoi.c.o)
                0x0000000000009c2c                atoi
 .text.strncmp  0x0000000000009c34       0x24 c:\ncs\toolchains\cf2149caf2\opt\zephyr-sdk\arm-zephyr-eabi\bin\../lib/gcc/../../picolibc/arm-zephyr-eabi/lib/thumb/v7e-m/nofp\libc.a(libc_string_strncmp.c.o)
                0x0000000000009c34                strncmp
 .text.strnlen  0x0000000000009c58       0x18 c:\ncs\toolchains\cf2149caf2\opt\zephyr-sdk\arm-zephyr-eabi\bin\../lib/gcc/../../picolibc/arm-zephyr-eabi/lib/thumb/v7e-m/nofp\libc.a(libc_string_strnlen.c.o)
                0x0000000000009c58                strnlen
 .text.__ultoa_invert
                0x0000000000009c70       0xae c:\ncs\toolchains\cf2149caf2\opt\zephyr-sdk\arm-zephyr-eabi\bin\../lib/gcc/../../picolibc/arm-zephyr-eabi/lib/thumb/v7e-m/nofp\libc.a(libc_tinystdio_vflprintf.c.o)
 .text.memcpy   0x0000000000009d1e       0x1c c:\ncs\toolchains\cf2149caf2\opt\zephyr-sdk\arm-zephyr-eabi\bin\../lib/gcc/../../picolibc/arm-zephyr-eabi/lib/thumb/v7e-m/nofp\libc.a(memcpy.c.o)
                0x0000000000009d1e                __aeabi_memcpy
                0x0000000000009d1e                __aeabi_memcpy4
                0x0000000000009d1e                __aeabi_memcpy8
                0x0000000000009d1e                memcpy
 .text.memmove  0x0000000000009d3a       0x34 c:\ncs\toolchains\cf2149caf2\opt\zephyr-sdk\arm-zephyr-eabi\bin\../lib/gcc/../../picolibc/arm-zephyr-eabi/lib/thumb/v7e-m/nofp\libc.a(memmove.c.o)
                0x0000000000009d3a                __aeabi_memmove8
                0x0000000000009d3a                __aeabi_memmove
                0x0000000000009d3a                __aeabi_memmove4
                0x0000000000009d3a                memmove
 .text.memset   0x0000000000009d6e       0x10 c:\ncs\toolchains\cf2149caf2\opt\zephyr-sdk\arm-zephyr-eabi\bin\../lib/gcc/../../picolibc/arm-zephyr-eabi/lib/thumb/v7e-m/nofp\libc.a(memset.c.o)
                0x0000000000009d6e                memset
 .text.__file_str_put
                0x0000000000009d7e       0x10 c:\ncs\toolchains\cf2149caf2\opt\zephyr-sdk\arm-zephyr-eabi\bin\../lib/gcc/../../picolibc/arm-zephyr-eabi/lib/thumb/v7e-m/nofp\libc.a(libc_tinystdio_filestrput.c.o)
                0x0000000000009d7e                __file_str_put
 *(SORT_BY_ALIGNMENT(.TEXT.*))
 *fill*         0x0000000000009d8e        0x2 
 .TEXT.__aeabi_read_tp
                0x0000000000009d90        0xc zephyr/arch/arch/arm/core/cortex_m/libarch__arm__core__cortex_m.a(__aeabi_read_tp.S.obj)
                0x0000000000009d90                __aeabi_read_tp
 *(SORT_BY_ALIGNMENT(.gnu.linkonce.t.*))
 *(SORT_BY_ALIGNMENT(.glue_7t))
 .glue_7t       0x0000000000009d9c        0x0 linker stubs
 *(SORT_BY_ALIGNMENT(.glue_7))
 .glue_7        0x0000000000009d9c        0x0 linker stubs
 *(SORT_BY_ALIGNMENT(.vfp11_veneer))
 .vfp11_veneer  0x0000000000009d9c        0x0 linker stubs
 *(SORT_BY_ALIGNMENT(.v4_bx))
 .v4_bx         0x0000000000009d9c        0x0 linker stubs
                0x0000000000009d9c                . = ALIGN (0x4)
                0x0000000000009d9c                __text_region_end = .

.ARM.exidx      0x0000000000009d9c        0x8
                0x0000000000009d9c                __exidx_start = .
 *(SORT_BY_ALIGNMENT(.ARM.exidx*) SORT_BY_ALIGNMENT(gnu.linkonce.armexidx.*))
 .ARM.exidx     0x0000000000009d9c        0x8 c:/ncs/toolchains/cf2149caf2/opt/zephyr-sdk/arm-zephyr-eabi/bin/../lib/gcc/arm-zephyr-eabi/12.2.0/thumb/v7e-m/nofp\libgcc.a(_udivmoddi4.o)
 .ARM.exidx     0x0000000000009da4        0x0 c:\ncs\toolchains\cf2149caf2\opt\zephyr-sdk\arm-zephyr-eabi\bin\../lib/gcc/../../picolibc/arm-zephyr-eabi/lib/thumb/v7e-m/nofp\libc.a(strlen.S.o)
                                          0x8 (size before relaxing)
                0x0000000000009da4                __exidx_end = .
                0x0000000000009da4                __rodata_region_start = .

initlevel       0x0000000000009da4       0x88
                0x0000000000009da4                __init_start = .
                0x0000000000009da4                __init_EARLY_start = .
 *(SORT_BY_NAME(SORT_BY_ALIGNMENT(.z_init_EARLY?_*)))
 *(SORT_BY_NAME(SORT_BY_ALIGNMENT(.z_init_EARLY??_*)))
                0x0000000000009da4                __init_PRE_KERNEL_1_start = .
 *(SORT_BY_NAME(SORT_BY_ALIGNMENT(.z_init_PRE_KERNEL_1?_*)))
 .z_init_PRE_KERNEL_10_0_
                0x0000000000009da4        0x8 zephyr/soc/soc/arm/nordic_nrf/libsoc__arm__nordic_nrf.a(soc.c.obj)
 *(SORT_BY_NAME(SORT_BY_ALIGNMENT(.z_init_PRE_KERNEL_1??_*)))
 .z_init_PRE_KERNEL_130_00083_
                0x0000000000009dac        0x8 zephyr/drivers/clock_control/libdrivers__clock_control.a(clock_control_nrf.c.obj)
 .z_init_PRE_KERNEL_130_0_
                0x0000000000009db4        0x8 modules/segger/libmodules__segger.a(SEGGER_RTT_zephyr.c.obj)
 .z_init_PRE_KERNEL_130_0_
                0x0000000000009dbc        0x8 zephyr/kernel/libkernel.a(mem_slab.c.obj)
 .z_init_PRE_KERNEL_140_00011_
                0x0000000000009dc4        0x8 zephyr/drivers/gpio/libdrivers__gpio.a(gpio_nrfx.c.obj)
 .z_init_PRE_KERNEL_140_00111_
                0x0000000000009dcc        0x8 zephyr/drivers/gpio/libdrivers__gpio.a(gpio_nrfx.c.obj)
 .z_init_PRE_KERNEL_140_0_
                0x0000000000009dd4        0x8 modules/nrf/drivers/hw_cc3xx/lib..__nrf__drivers__hw_cc3xx.a(hw_cc3xx.c.obj)
 .z_init_PRE_KERNEL_150_00085_
                0x0000000000009ddc        0x8 zephyr/drivers/entropy/libdrivers__entropy.a(entropy_cc3xx.c.obj)
 .z_init_PRE_KERNEL_150_00104_
                0x0000000000009de4        0x8 zephyr/drivers/entropy/libdrivers__entropy.a(entropy_nrf5.c.obj)
 .z_init_PRE_KERNEL_155_00119_
                0x0000000000009dec        0x8 zephyr/drivers/serial/libdrivers__serial.a(uart_nrfx_uarte.c.obj)
 .z_init_PRE_KERNEL_160_0_
                0x0000000000009df4        0x8 zephyr/drivers/console/libdrivers__console.a(uart_console.c.obj)